[2023-10-08T14:59:37.259+0800][0.009s][50477][8451][info] Heap region size: 16M
[2023-10-08T14:59:37.259+0800][0.009s][50477][8451][debug] Minimum heap 8589934592  Initial heap 8589934592  Maximum heap 8589934592
[2023-10-08T14:59:37.260+0800][0.009s][50477][8451][trace] Trying to allocate at address 0x0000000600000000 heap of size 0x200000000
[2023-10-08T14:59:37.260+0800][0.009s][50477][8451][debug] Expand the heap. requested expansion amount: 8589934592B expansion amount: 8589934592B
[2023-10-08T14:59:37.260+0800][0.010s][50477][8451][debug] Running G1 PreTouch with 8 workers for 8 work units pre-touching 8589934592B.
[2023-10-08T14:59:37.894+0800][0.643s][50477][8451][debug] Running G1 PreTouch with 1 workers for 1 work units pre-touching 134217728B.
[2023-10-08T14:59:37.934+0800][0.683s][50477][8451][debug] Running G1 PreTouch with 1 workers for 1 work units pre-touching 134217728B.
[2023-10-08T14:59:37.974+0800][0.724s][50477][8451][debug] Running G1 PreTouch with 1 workers for 1 work units pre-touching 16777216B.
[2023-10-08T14:59:37.979+0800][0.729s][50477][8451][debug] Running G1 PreTouch with 1 workers for 1 work units pre-touching 16777216B.
[2023-10-08T14:59:37.985+0800][0.734s][50477][8451][debug] Running G1 PreTouch with 1 workers for 1 work units pre-touching 16777216B.
[2023-10-08T14:59:37.992+0800][0.742s][50477][8451][info ] Using G1
[2023-10-08T14:59:37.993+0800][0.742s][50477][8451][info ] Heap address: 0x0000000600000000, size: 8192 MB, Compressed Oops mode: Zero based, Oop shift amount: 3
[2023-10-08T14:59:38.193+0800][0.943s][50477][17923][info ] Application time: 0.0686681 seconds
[2023-10-08T14:59:38.193+0800][0.943s][50477][17923][info ] Entering safepoint region: Deoptimize
[2023-10-08T14:59:38.193+0800][0.943s][50477][17923][info ] Leaving safepoint region
[2023-10-08T14:59:38.193+0800][0.943s][50477][17923][info ] Total time for which application threads were stopped: 0.0001117 seconds, Stopping threads took: 0.0000168 seconds
[2023-10-08T14:59:38.197+0800][0.946s][50477][17923][info ] Application time: 0.0034399 seconds
[2023-10-08T14:59:38.197+0800][0.946s][50477][17923][info ] Entering safepoint region: Deoptimize
[2023-10-08T14:59:38.197+0800][0.946s][50477][17923][info ] Leaving safepoint region
[2023-10-08T14:59:38.197+0800][0.946s][50477][17923][info ] Total time for which application threads were stopped: 0.0000705 seconds, Stopping threads took: 0.0000130 seconds
[2023-10-08T14:59:38.230+0800][0.979s][50477][17923][info ] Application time: 0.0325947 seconds
[2023-10-08T14:59:38.230+0800][0.979s][50477][17923][info ] Entering safepoint region: Deoptimize
[2023-10-08T14:59:38.230+0800][0.979s][50477][17923][info ] Leaving safepoint region
[2023-10-08T14:59:38.230+0800][0.979s][50477][17923][info ] Total time for which application threads were stopped: 0.0001331 seconds, Stopping threads took: 0.0000136 seconds
[2023-10-08T14:59:38.538+0800][1.287s][50477][17923][info ] Application time: 0.3083428 seconds
[2023-10-08T14:59:38.538+0800][1.288s][50477][17923][info ] Entering safepoint region: ICBufferFull
[2023-10-08T14:59:38.538+0800][1.288s][50477][17923][info ] Leaving safepoint region
[2023-10-08T14:59:38.538+0800][1.288s][50477][17923][info ] Total time for which application threads were stopped: 0.0001166 seconds, Stopping threads took: 0.0000146 seconds
[2023-10-08T14:59:38.645+0800][1.394s][50477][17923][info ] Application time: 0.1067175 seconds
[2023-10-08T14:59:38.645+0800][1.394s][50477][17923][info ] Entering safepoint region: Deoptimize
[2023-10-08T14:59:38.645+0800][1.395s][50477][17923][info ] Leaving safepoint region
[2023-10-08T14:59:38.645+0800][1.395s][50477][17923][info ] Total time for which application threads were stopped: 0.0002538 seconds, Stopping threads took: 0.0000200 seconds
[2023-10-08T14:59:38.658+0800][1.407s][50477][17923][info ] Application time: 0.0123979 seconds
[2023-10-08T14:59:38.658+0800][1.407s][50477][17923][info ] Entering safepoint region: Deoptimize
[2023-10-08T14:59:38.658+0800][1.407s][50477][17923][info ] Leaving safepoint region
[2023-10-08T14:59:38.658+0800][1.407s][50477][17923][info ] Total time for which application threads were stopped: 0.0002107 seconds, Stopping threads took: 0.0000199 seconds
[2023-10-08T14:59:38.696+0800][1.445s][50477][17923][info ] Application time: 0.0380591 seconds
[2023-10-08T14:59:38.696+0800][1.446s][50477][17923][info ] Entering safepoint region: CollectForMetadataAllocation
[2023-10-08T14:59:38.696+0800][1.446s][50477][17923][debug] GC(0) Heap before GC invocations=0 (full 0): garbage-first heap   total 8388608K, used 81920K [0x0000000600000000, 0x0000000800000000)
[2023-10-08T14:59:38.696+0800][1.446s][50477][17923][debug] GC(0)   region size 16384K, 6 young (98304K), 0 survivors (0K)
[2023-10-08T14:59:38.696+0800][1.446s][50477][17923][debug] GC(0)  Metaspace       used 20728K, capacity 21136K, committed 21296K, reserved 1069056K
[2023-10-08T14:59:38.696+0800][1.446s][50477][17923][debug] GC(0)   class space    used 2197K, capacity 2368K, committed 2432K, reserved 1048576K
[2023-10-08T14:59:38.696+0800][1.446s][50477][17923][trace] GC(0) Heap Regions: E=young(eden), S=young(survivor), O=old, HS=humongous(starts), HC=humongous(continues), CS=collection set, F=free, A=archive, TAMS=top-at-mark-start (previous, next)
[2023-10-08T14:59:38.696+0800][1.446s][50477][17923][trace] GC(0) |   0|0x0000000600000000, 0x0000000600000000, 0x0000000601000000|  0%| F|  |TAMS 0x0000000600000000, 0x0000000600000000| Untracked 
[2023-10-08T14:59:38.696+0800][1.446s][50477][17923][trace] GC(0) |   1|0x0000000601000000, 0x0000000601000000, 0x0000000602000000|  0%| F|  |TAMS 0x0000000601000000, 0x0000000601000000| Untracked 
[2023-10-08T14:59:38.696+0800][1.446s][50477][17923][trace] GC(0) |   2|0x0000000602000000, 0x0000000602000000, 0x0000000603000000|  0%| F|  |TAMS 0x0000000602000000, 0x0000000602000000| Untracked 
[2023-10-08T14:59:38.696+0800][1.446s][50477][17923][trace] GC(0) |   3|0x0000000603000000, 0x0000000603000000, 0x0000000604000000|  0%| F|  |TAMS 0x0000000603000000, 0x0000000603000000| Untracked 
[2023-10-08T14:59:38.696+0800][1.446s][50477][17923][trace] GC(0) |   4|0x0000000604000000, 0x0000000604000000, 0x0000000605000000|  0%| F|  |TAMS 0x0000000604000000, 0x0000000604000000| Untracked 
[2023-10-08T14:59:38.696+0800][1.446s][50477][17923][trace] GC(0) |   5|0x0000000605000000, 0x0000000605000000, 0x0000000606000000|  0%| F|  |TAMS 0x0000000605000000, 0x0000000605000000| Untracked 
[2023-10-08T14:59:38.696+0800][1.446s][50477][17923][trace] GC(0) |   6|0x0000000606000000, 0x0000000606000000, 0x0000000607000000|  0%| F|  |TAMS 0x0000000606000000, 0x0000000606000000| Untracked 
[2023-10-08T14:59:38.696+0800][1.446s][50477][17923][trace] GC(0) |   7|0x0000000607000000, 0x0000000607000000, 0x0000000608000000|  0%| F|  |TAMS 0x0000000607000000, 0x0000000607000000| Untracked 
[2023-10-08T14:59:38.696+0800][1.446s][50477][17923][trace] GC(0) |   8|0x0000000608000000, 0x0000000608000000, 0x0000000609000000|  0%| F|  |TAMS 0x0000000608000000, 0x0000000608000000| Untracked 
[2023-10-08T14:59:38.696+0800][1.446s][50477][17923][trace] GC(0) |   9|0x0000000609000000, 0x0000000609000000, 0x000000060a000000|  0%| F|  |TAMS 0x0000000609000000, 0x0000000609000000| Untracked 
[2023-10-08T14:59:38.696+0800][1.446s][50477][17923][trace] GC(0) |  10|0x000000060a000000, 0x000000060a000000, 0x000000060b000000|  0%| F|  |TAMS 0x000000060a000000, 0x000000060a000000| Untracked 
[2023-10-08T14:59:38.696+0800][1.446s][50477][17923][trace] GC(0) |  11|0x000000060b000000, 0x000000060b000000, 0x000000060c000000|  0%| F|  |TAMS 0x000000060b000000, 0x000000060b000000| Untracked 
[2023-10-08T14:59:38.696+0800][1.446s][50477][17923][trace] GC(0) |  12|0x000000060c000000, 0x000000060c000000, 0x000000060d000000|  0%| F|  |TAMS 0x000000060c000000, 0x000000060c000000| Untracked 
[2023-10-08T14:59:38.696+0800][1.446s][50477][17923][trace] GC(0) |  13|0x000000060d000000, 0x000000060d000000, 0x000000060e000000|  0%| F|  |TAMS 0x000000060d000000, 0x000000060d000000| Untracked 
[2023-10-08T14:59:38.696+0800][1.446s][50477][17923][trace] GC(0) |  14|0x000000060e000000, 0x000000060e000000, 0x000000060f000000|  0%| F|  |TAMS 0x000000060e000000, 0x000000060e000000| Untracked 
[2023-10-08T14:59:38.696+0800][1.446s][50477][17923][trace] GC(0) |  15|0x000000060f000000, 0x000000060f000000, 0x0000000610000000|  0%| F|  |TAMS 0x000000060f000000, 0x000000060f000000| Untracked 
[2023-10-08T14:59:38.696+0800][1.446s][50477][17923][trace] GC(0) |  16|0x0000000610000000, 0x0000000610000000, 0x0000000611000000|  0%| F|  |TAMS 0x0000000610000000, 0x0000000610000000| Untracked 
[2023-10-08T14:59:38.696+0800][1.446s][50477][17923][trace] GC(0) |  17|0x0000000611000000, 0x0000000611000000, 0x0000000612000000|  0%| F|  |TAMS 0x0000000611000000, 0x0000000611000000| Untracked 
[2023-10-08T14:59:38.696+0800][1.446s][50477][17923][trace] GC(0) |  18|0x0000000612000000, 0x0000000612000000, 0x0000000613000000|  0%| F|  |TAMS 0x0000000612000000, 0x0000000612000000| Untracked 
[2023-10-08T14:59:38.696+0800][1.446s][50477][17923][trace] GC(0) |  19|0x0000000613000000, 0x0000000613000000, 0x0000000614000000|  0%| F|  |TAMS 0x0000000613000000, 0x0000000613000000| Untracked 
[2023-10-08T14:59:38.696+0800][1.446s][50477][17923][trace] GC(0) |  20|0x0000000614000000, 0x0000000614000000, 0x0000000615000000|  0%| F|  |TAMS 0x0000000614000000, 0x0000000614000000| Untracked 
[2023-10-08T14:59:38.696+0800][1.446s][50477][17923][trace] GC(0) |  21|0x0000000615000000, 0x0000000615000000, 0x0000000616000000|  0%| F|  |TAMS 0x0000000615000000, 0x0000000615000000| Untracked 
[2023-10-08T14:59:38.696+0800][1.446s][50477][17923][trace] GC(0) |  22|0x0000000616000000, 0x0000000616000000, 0x0000000617000000|  0%| F|  |TAMS 0x0000000616000000, 0x0000000616000000| Untracked 
[2023-10-08T14:59:38.696+0800][1.446s][50477][17923][trace] GC(0) |  23|0x0000000617000000, 0x0000000617000000, 0x0000000618000000|  0%| F|  |TAMS 0x0000000617000000, 0x0000000617000000| Untracked 
[2023-10-08T14:59:38.696+0800][1.446s][50477][17923][trace] GC(0) |  24|0x0000000618000000, 0x0000000618000000, 0x0000000619000000|  0%| F|  |TAMS 0x0000000618000000, 0x0000000618000000| Untracked 
[2023-10-08T14:59:38.697+0800][1.446s][50477][17923][trace] GC(0) |  25|0x0000000619000000, 0x0000000619000000, 0x000000061a000000|  0%| F|  |TAMS 0x0000000619000000, 0x0000000619000000| Untracked 
[2023-10-08T14:59:38.697+0800][1.446s][50477][17923][trace] GC(0) |  26|0x000000061a000000, 0x000000061a000000, 0x000000061b000000|  0%| F|  |TAMS 0x000000061a000000, 0x000000061a000000| Untracked 
[2023-10-08T14:59:38.697+0800][1.446s][50477][17923][trace] GC(0) |  27|0x000000061b000000, 0x000000061b000000, 0x000000061c000000|  0%| F|  |TAMS 0x000000061b000000, 0x000000061b000000| Untracked 
[2023-10-08T14:59:38.697+0800][1.446s][50477][17923][trace] GC(0) |  28|0x000000061c000000, 0x000000061c000000, 0x000000061d000000|  0%| F|  |TAMS 0x000000061c000000, 0x000000061c000000| Untracked 
[2023-10-08T14:59:38.697+0800][1.446s][50477][17923][trace] GC(0) |  29|0x000000061d000000, 0x000000061d000000, 0x000000061e000000|  0%| F|  |TAMS 0x000000061d000000, 0x000000061d000000| Untracked 
[2023-10-08T14:59:38.697+0800][1.446s][50477][17923][trace] GC(0) |  30|0x000000061e000000, 0x000000061e000000, 0x000000061f000000|  0%| F|  |TAMS 0x000000061e000000, 0x000000061e000000| Untracked 
[2023-10-08T14:59:38.697+0800][1.446s][50477][17923][trace] GC(0) |  31|0x000000061f000000, 0x000000061f000000, 0x0000000620000000|  0%| F|  |TAMS 0x000000061f000000, 0x000000061f000000| Untracked 
[2023-10-08T14:59:38.697+0800][1.446s][50477][17923][trace] GC(0) |  32|0x0000000620000000, 0x0000000620000000, 0x0000000621000000|  0%| F|  |TAMS 0x0000000620000000, 0x0000000620000000| Untracked 
[2023-10-08T14:59:38.697+0800][1.446s][50477][17923][trace] GC(0) |  33|0x0000000621000000, 0x0000000621000000, 0x0000000622000000|  0%| F|  |TAMS 0x0000000621000000, 0x0000000621000000| Untracked 
[2023-10-08T14:59:38.697+0800][1.446s][50477][17923][trace] GC(0) |  34|0x0000000622000000, 0x0000000622000000, 0x0000000623000000|  0%| F|  |TAMS 0x0000000622000000, 0x0000000622000000| Untracked 
[2023-10-08T14:59:38.697+0800][1.446s][50477][17923][trace] GC(0) |  35|0x0000000623000000, 0x0000000623000000, 0x0000000624000000|  0%| F|  |TAMS 0x0000000623000000, 0x0000000623000000| Untracked 
[2023-10-08T14:59:38.697+0800][1.446s][50477][17923][trace] GC(0) |  36|0x0000000624000000, 0x0000000624000000, 0x0000000625000000|  0%| F|  |TAMS 0x0000000624000000, 0x0000000624000000| Untracked 
[2023-10-08T14:59:38.697+0800][1.446s][50477][17923][trace] GC(0) |  37|0x0000000625000000, 0x0000000625000000, 0x0000000626000000|  0%| F|  |TAMS 0x0000000625000000, 0x0000000625000000| Untracked 
[2023-10-08T14:59:38.697+0800][1.446s][50477][17923][trace] GC(0) |  38|0x0000000626000000, 0x0000000626000000, 0x0000000627000000|  0%| F|  |TAMS 0x0000000626000000, 0x0000000626000000| Untracked 
[2023-10-08T14:59:38.697+0800][1.446s][50477][17923][trace] GC(0) |  39|0x0000000627000000, 0x0000000627000000, 0x0000000628000000|  0%| F|  |TAMS 0x0000000627000000, 0x0000000627000000| Untracked 
[2023-10-08T14:59:38.697+0800][1.446s][50477][17923][trace] GC(0) |  40|0x0000000628000000, 0x0000000628000000, 0x0000000629000000|  0%| F|  |TAMS 0x0000000628000000, 0x0000000628000000| Untracked 
[2023-10-08T14:59:38.697+0800][1.446s][50477][17923][trace] GC(0) |  41|0x0000000629000000, 0x0000000629000000, 0x000000062a000000|  0%| F|  |TAMS 0x0000000629000000, 0x0000000629000000| Untracked 
[2023-10-08T14:59:38.697+0800][1.446s][50477][17923][trace] GC(0) |  42|0x000000062a000000, 0x000000062a000000, 0x000000062b000000|  0%| F|  |TAMS 0x000000062a000000, 0x000000062a000000| Untracked 
[2023-10-08T14:59:38.697+0800][1.446s][50477][17923][trace] GC(0) |  43|0x000000062b000000, 0x000000062b000000, 0x000000062c000000|  0%| F|  |TAMS 0x000000062b000000, 0x000000062b000000| Untracked 
[2023-10-08T14:59:38.697+0800][1.446s][50477][17923][trace] GC(0) |  44|0x000000062c000000, 0x000000062c000000, 0x000000062d000000|  0%| F|  |TAMS 0x000000062c000000, 0x000000062c000000| Untracked 
[2023-10-08T14:59:38.697+0800][1.446s][50477][17923][trace] GC(0) |  45|0x000000062d000000, 0x000000062d000000, 0x000000062e000000|  0%| F|  |TAMS 0x000000062d000000, 0x000000062d000000| Untracked 
[2023-10-08T14:59:38.697+0800][1.446s][50477][17923][trace] GC(0) |  46|0x000000062e000000, 0x000000062e000000, 0x000000062f000000|  0%| F|  |TAMS 0x000000062e000000, 0x000000062e000000| Untracked 
[2023-10-08T14:59:38.697+0800][1.446s][50477][17923][trace] GC(0) |  47|0x000000062f000000, 0x000000062f000000, 0x0000000630000000|  0%| F|  |TAMS 0x000000062f000000, 0x000000062f000000| Untracked 
[2023-10-08T14:59:38.697+0800][1.446s][50477][17923][trace] GC(0) |  48|0x0000000630000000, 0x0000000630000000, 0x0000000631000000|  0%| F|  |TAMS 0x0000000630000000, 0x0000000630000000| Untracked 
[2023-10-08T14:59:38.697+0800][1.446s][50477][17923][trace] GC(0) |  49|0x0000000631000000, 0x0000000631000000, 0x0000000632000000|  0%| F|  |TAMS 0x0000000631000000, 0x0000000631000000| Untracked 
[2023-10-08T14:59:38.697+0800][1.446s][50477][17923][trace] GC(0) |  50|0x0000000632000000, 0x0000000632000000, 0x0000000633000000|  0%| F|  |TAMS 0x0000000632000000, 0x0000000632000000| Untracked 
[2023-10-08T14:59:38.697+0800][1.446s][50477][17923][trace] GC(0) |  51|0x0000000633000000, 0x0000000633000000, 0x0000000634000000|  0%| F|  |TAMS 0x0000000633000000, 0x0000000633000000| Untracked 
[2023-10-08T14:59:38.697+0800][1.446s][50477][17923][trace] GC(0) |  52|0x0000000634000000, 0x0000000634000000, 0x0000000635000000|  0%| F|  |TAMS 0x0000000634000000, 0x0000000634000000| Untracked 
[2023-10-08T14:59:38.697+0800][1.446s][50477][17923][trace] GC(0) |  53|0x0000000635000000, 0x0000000635000000, 0x0000000636000000|  0%| F|  |TAMS 0x0000000635000000, 0x0000000635000000| Untracked 
[2023-10-08T14:59:38.697+0800][1.446s][50477][17923][trace] GC(0) |  54|0x0000000636000000, 0x0000000636000000, 0x0000000637000000|  0%| F|  |TAMS 0x0000000636000000, 0x0000000636000000| Untracked 
[2023-10-08T14:59:38.697+0800][1.446s][50477][17923][trace] GC(0) |  55|0x0000000637000000, 0x0000000637000000, 0x0000000638000000|  0%| F|  |TAMS 0x0000000637000000, 0x0000000637000000| Untracked 
[2023-10-08T14:59:38.697+0800][1.446s][50477][17923][trace] GC(0) |  56|0x0000000638000000, 0x0000000638000000, 0x0000000639000000|  0%| F|  |TAMS 0x0000000638000000, 0x0000000638000000| Untracked 
[2023-10-08T14:59:38.697+0800][1.446s][50477][17923][trace] GC(0) |  57|0x0000000639000000, 0x0000000639000000, 0x000000063a000000|  0%| F|  |TAMS 0x0000000639000000, 0x0000000639000000| Untracked 
[2023-10-08T14:59:38.697+0800][1.446s][50477][17923][trace] GC(0) |  58|0x000000063a000000, 0x000000063a000000, 0x000000063b000000|  0%| F|  |TAMS 0x000000063a000000, 0x000000063a000000| Untracked 
[2023-10-08T14:59:38.697+0800][1.446s][50477][17923][trace] GC(0) |  59|0x000000063b000000, 0x000000063b000000, 0x000000063c000000|  0%| F|  |TAMS 0x000000063b000000, 0x000000063b000000| Untracked 
[2023-10-08T14:59:38.697+0800][1.446s][50477][17923][trace] GC(0) |  60|0x000000063c000000, 0x000000063c000000, 0x000000063d000000|  0%| F|  |TAMS 0x000000063c000000, 0x000000063c000000| Untracked 
[2023-10-08T14:59:38.697+0800][1.446s][50477][17923][trace] GC(0) |  61|0x000000063d000000, 0x000000063d000000, 0x000000063e000000|  0%| F|  |TAMS 0x000000063d000000, 0x000000063d000000| Untracked 
[2023-10-08T14:59:38.697+0800][1.446s][50477][17923][trace] GC(0) |  62|0x000000063e000000, 0x000000063e000000, 0x000000063f000000|  0%| F|  |TAMS 0x000000063e000000, 0x000000063e000000| Untracked 
[2023-10-08T14:59:38.697+0800][1.446s][50477][17923][trace] GC(0) |  63|0x000000063f000000, 0x000000063f000000, 0x0000000640000000|  0%| F|  |TAMS 0x000000063f000000, 0x000000063f000000| Untracked 
[2023-10-08T14:59:38.697+0800][1.446s][50477][17923][trace] GC(0) |  64|0x0000000640000000, 0x0000000640000000, 0x0000000641000000|  0%| F|  |TAMS 0x0000000640000000, 0x0000000640000000| Untracked 
[2023-10-08T14:59:38.697+0800][1.446s][50477][17923][trace] GC(0) |  65|0x0000000641000000, 0x0000000641000000, 0x0000000642000000|  0%| F|  |TAMS 0x0000000641000000, 0x0000000641000000| Untracked 
[2023-10-08T14:59:38.697+0800][1.446s][50477][17923][trace] GC(0) |  66|0x0000000642000000, 0x0000000642000000, 0x0000000643000000|  0%| F|  |TAMS 0x0000000642000000, 0x0000000642000000| Untracked 
[2023-10-08T14:59:38.697+0800][1.446s][50477][17923][trace] GC(0) |  67|0x0000000643000000, 0x0000000643000000, 0x0000000644000000|  0%| F|  |TAMS 0x0000000643000000, 0x0000000643000000| Untracked 
[2023-10-08T14:59:38.697+0800][1.446s][50477][17923][trace] GC(0) |  68|0x0000000644000000, 0x0000000644000000, 0x0000000645000000|  0%| F|  |TAMS 0x0000000644000000, 0x0000000644000000| Untracked 
[2023-10-08T14:59:38.697+0800][1.446s][50477][17923][trace] GC(0) |  69|0x0000000645000000, 0x0000000645000000, 0x0000000646000000|  0%| F|  |TAMS 0x0000000645000000, 0x0000000645000000| Untracked 
[2023-10-08T14:59:38.697+0800][1.446s][50477][17923][trace] GC(0) |  70|0x0000000646000000, 0x0000000646000000, 0x0000000647000000|  0%| F|  |TAMS 0x0000000646000000, 0x0000000646000000| Untracked 
[2023-10-08T14:59:38.697+0800][1.446s][50477][17923][trace] GC(0) |  71|0x0000000647000000, 0x0000000647000000, 0x0000000648000000|  0%| F|  |TAMS 0x0000000647000000, 0x0000000647000000| Untracked 
[2023-10-08T14:59:38.697+0800][1.446s][50477][17923][trace] GC(0) |  72|0x0000000648000000, 0x0000000648000000, 0x0000000649000000|  0%| F|  |TAMS 0x0000000648000000, 0x0000000648000000| Untracked 
[2023-10-08T14:59:38.697+0800][1.446s][50477][17923][trace] GC(0) |  73|0x0000000649000000, 0x0000000649000000, 0x000000064a000000|  0%| F|  |TAMS 0x0000000649000000, 0x0000000649000000| Untracked 
[2023-10-08T14:59:38.697+0800][1.446s][50477][17923][trace] GC(0) |  74|0x000000064a000000, 0x000000064a000000, 0x000000064b000000|  0%| F|  |TAMS 0x000000064a000000, 0x000000064a000000| Untracked 
[2023-10-08T14:59:38.697+0800][1.446s][50477][17923][trace] GC(0) |  75|0x000000064b000000, 0x000000064b000000, 0x000000064c000000|  0%| F|  |TAMS 0x000000064b000000, 0x000000064b000000| Untracked 
[2023-10-08T14:59:38.697+0800][1.446s][50477][17923][trace] GC(0) |  76|0x000000064c000000, 0x000000064c000000, 0x000000064d000000|  0%| F|  |TAMS 0x000000064c000000, 0x000000064c000000| Untracked 
[2023-10-08T14:59:38.697+0800][1.446s][50477][17923][trace] GC(0) |  77|0x000000064d000000, 0x000000064d000000, 0x000000064e000000|  0%| F|  |TAMS 0x000000064d000000, 0x000000064d000000| Untracked 
[2023-10-08T14:59:38.697+0800][1.446s][50477][17923][trace] GC(0) |  78|0x000000064e000000, 0x000000064e000000, 0x000000064f000000|  0%| F|  |TAMS 0x000000064e000000, 0x000000064e000000| Untracked 
[2023-10-08T14:59:38.697+0800][1.446s][50477][17923][trace] GC(0) |  79|0x000000064f000000, 0x000000064f000000, 0x0000000650000000|  0%| F|  |TAMS 0x000000064f000000, 0x000000064f000000| Untracked 
[2023-10-08T14:59:38.697+0800][1.446s][50477][17923][trace] GC(0) |  80|0x0000000650000000, 0x0000000650000000, 0x0000000651000000|  0%| F|  |TAMS 0x0000000650000000, 0x0000000650000000| Untracked 
[2023-10-08T14:59:38.697+0800][1.446s][50477][17923][trace] GC(0) |  81|0x0000000651000000, 0x0000000651000000, 0x0000000652000000|  0%| F|  |TAMS 0x0000000651000000, 0x0000000651000000| Untracked 
[2023-10-08T14:59:38.697+0800][1.446s][50477][17923][trace] GC(0) |  82|0x0000000652000000, 0x0000000652000000, 0x0000000653000000|  0%| F|  |TAMS 0x0000000652000000, 0x0000000652000000| Untracked 
[2023-10-08T14:59:38.697+0800][1.446s][50477][17923][trace] GC(0) |  83|0x0000000653000000, 0x0000000653000000, 0x0000000654000000|  0%| F|  |TAMS 0x0000000653000000, 0x0000000653000000| Untracked 
[2023-10-08T14:59:38.697+0800][1.446s][50477][17923][trace] GC(0) |  84|0x0000000654000000, 0x0000000654000000, 0x0000000655000000|  0%| F|  |TAMS 0x0000000654000000, 0x0000000654000000| Untracked 
[2023-10-08T14:59:38.697+0800][1.446s][50477][17923][trace] GC(0) |  85|0x0000000655000000, 0x0000000655000000, 0x0000000656000000|  0%| F|  |TAMS 0x0000000655000000, 0x0000000655000000| Untracked 
[2023-10-08T14:59:38.697+0800][1.446s][50477][17923][trace] GC(0) |  86|0x0000000656000000, 0x0000000656000000, 0x0000000657000000|  0%| F|  |TAMS 0x0000000656000000, 0x0000000656000000| Untracked 
[2023-10-08T14:59:38.697+0800][1.446s][50477][17923][trace] GC(0) |  87|0x0000000657000000, 0x0000000657000000, 0x0000000658000000|  0%| F|  |TAMS 0x0000000657000000, 0x0000000657000000| Untracked 
[2023-10-08T14:59:38.697+0800][1.446s][50477][17923][trace] GC(0) |  88|0x0000000658000000, 0x0000000658000000, 0x0000000659000000|  0%| F|  |TAMS 0x0000000658000000, 0x0000000658000000| Untracked 
[2023-10-08T14:59:38.697+0800][1.446s][50477][17923][trace] GC(0) |  89|0x0000000659000000, 0x0000000659000000, 0x000000065a000000|  0%| F|  |TAMS 0x0000000659000000, 0x0000000659000000| Untracked 
[2023-10-08T14:59:38.697+0800][1.446s][50477][17923][trace] GC(0) |  90|0x000000065a000000, 0x000000065a000000, 0x000000065b000000|  0%| F|  |TAMS 0x000000065a000000, 0x000000065a000000| Untracked 
[2023-10-08T14:59:38.697+0800][1.446s][50477][17923][trace] GC(0) |  91|0x000000065b000000, 0x000000065b000000, 0x000000065c000000|  0%| F|  |TAMS 0x000000065b000000, 0x000000065b000000| Untracked 
[2023-10-08T14:59:38.697+0800][1.446s][50477][17923][trace] GC(0) |  92|0x000000065c000000, 0x000000065c000000, 0x000000065d000000|  0%| F|  |TAMS 0x000000065c000000, 0x000000065c000000| Untracked 
[2023-10-08T14:59:38.697+0800][1.446s][50477][17923][trace] GC(0) |  93|0x000000065d000000, 0x000000065d000000, 0x000000065e000000|  0%| F|  |TAMS 0x000000065d000000, 0x000000065d000000| Untracked 
[2023-10-08T14:59:38.697+0800][1.446s][50477][17923][trace] GC(0) |  94|0x000000065e000000, 0x000000065e000000, 0x000000065f000000|  0%| F|  |TAMS 0x000000065e000000, 0x000000065e000000| Untracked 
[2023-10-08T14:59:38.697+0800][1.446s][50477][17923][trace] GC(0) |  95|0x000000065f000000, 0x000000065f000000, 0x0000000660000000|  0%| F|  |TAMS 0x000000065f000000, 0x000000065f000000| Untracked 
[2023-10-08T14:59:38.697+0800][1.447s][50477][17923][trace] GC(0) |  96|0x0000000660000000, 0x0000000660000000, 0x0000000661000000|  0%| F|  |TAMS 0x0000000660000000, 0x0000000660000000| Untracked 
[2023-10-08T14:59:38.697+0800][1.447s][50477][17923][trace] GC(0) |  97|0x0000000661000000, 0x0000000661000000, 0x0000000662000000|  0%| F|  |TAMS 0x0000000661000000, 0x0000000661000000| Untracked 
[2023-10-08T14:59:38.697+0800][1.447s][50477][17923][trace] GC(0) |  98|0x0000000662000000, 0x0000000662000000, 0x0000000663000000|  0%| F|  |TAMS 0x0000000662000000, 0x0000000662000000| Untracked 
[2023-10-08T14:59:38.697+0800][1.447s][50477][17923][trace] GC(0) |  99|0x0000000663000000, 0x0000000663000000, 0x0000000664000000|  0%| F|  |TAMS 0x0000000663000000, 0x0000000663000000| Untracked 
[2023-10-08T14:59:38.697+0800][1.447s][50477][17923][trace] GC(0) | 100|0x0000000664000000, 0x0000000664000000, 0x0000000665000000|  0%| F|  |TAMS 0x0000000664000000, 0x0000000664000000| Untracked 
[2023-10-08T14:59:38.697+0800][1.447s][50477][17923][trace] GC(0) | 101|0x0000000665000000, 0x0000000665000000, 0x0000000666000000|  0%| F|  |TAMS 0x0000000665000000, 0x0000000665000000| Untracked 
[2023-10-08T14:59:38.697+0800][1.447s][50477][17923][trace] GC(0) | 102|0x0000000666000000, 0x0000000666000000, 0x0000000667000000|  0%| F|  |TAMS 0x0000000666000000, 0x0000000666000000| Untracked 
[2023-10-08T14:59:38.697+0800][1.447s][50477][17923][trace] GC(0) | 103|0x0000000667000000, 0x0000000667000000, 0x0000000668000000|  0%| F|  |TAMS 0x0000000667000000, 0x0000000667000000| Untracked 
[2023-10-08T14:59:38.697+0800][1.447s][50477][17923][trace] GC(0) | 104|0x0000000668000000, 0x0000000668000000, 0x0000000669000000|  0%| F|  |TAMS 0x0000000668000000, 0x0000000668000000| Untracked 
[2023-10-08T14:59:38.697+0800][1.447s][50477][17923][trace] GC(0) | 105|0x0000000669000000, 0x0000000669000000, 0x000000066a000000|  0%| F|  |TAMS 0x0000000669000000, 0x0000000669000000| Untracked 
[2023-10-08T14:59:38.697+0800][1.447s][50477][17923][trace] GC(0) | 106|0x000000066a000000, 0x000000066a000000, 0x000000066b000000|  0%| F|  |TAMS 0x000000066a000000, 0x000000066a000000| Untracked 
[2023-10-08T14:59:38.697+0800][1.447s][50477][17923][trace] GC(0) | 107|0x000000066b000000, 0x000000066b000000, 0x000000066c000000|  0%| F|  |TAMS 0x000000066b000000, 0x000000066b000000| Untracked 
[2023-10-08T14:59:38.697+0800][1.447s][50477][17923][trace] GC(0) | 108|0x000000066c000000, 0x000000066c000000, 0x000000066d000000|  0%| F|  |TAMS 0x000000066c000000, 0x000000066c000000| Untracked 
[2023-10-08T14:59:38.697+0800][1.447s][50477][17923][trace] GC(0) | 109|0x000000066d000000, 0x000000066d000000, 0x000000066e000000|  0%| F|  |TAMS 0x000000066d000000, 0x000000066d000000| Untracked 
[2023-10-08T14:59:38.697+0800][1.447s][50477][17923][trace] GC(0) | 110|0x000000066e000000, 0x000000066e000000, 0x000000066f000000|  0%| F|  |TAMS 0x000000066e000000, 0x000000066e000000| Untracked 
[2023-10-08T14:59:38.697+0800][1.447s][50477][17923][trace] GC(0) | 111|0x000000066f000000, 0x000000066f000000, 0x0000000670000000|  0%| F|  |TAMS 0x000000066f000000, 0x000000066f000000| Untracked 
[2023-10-08T14:59:38.697+0800][1.447s][50477][17923][trace] GC(0) | 112|0x0000000670000000, 0x0000000670000000, 0x0000000671000000|  0%| F|  |TAMS 0x0000000670000000, 0x0000000670000000| Untracked 
[2023-10-08T14:59:38.697+0800][1.447s][50477][17923][trace] GC(0) | 113|0x0000000671000000, 0x0000000671000000, 0x0000000672000000|  0%| F|  |TAMS 0x0000000671000000, 0x0000000671000000| Untracked 
[2023-10-08T14:59:38.697+0800][1.447s][50477][17923][trace] GC(0) | 114|0x0000000672000000, 0x0000000672000000, 0x0000000673000000|  0%| F|  |TAMS 0x0000000672000000, 0x0000000672000000| Untracked 
[2023-10-08T14:59:38.697+0800][1.447s][50477][17923][trace] GC(0) | 115|0x0000000673000000, 0x0000000673000000, 0x0000000674000000|  0%| F|  |TAMS 0x0000000673000000, 0x0000000673000000| Untracked 
[2023-10-08T14:59:38.697+0800][1.447s][50477][17923][trace] GC(0) | 116|0x0000000674000000, 0x0000000674000000, 0x0000000675000000|  0%| F|  |TAMS 0x0000000674000000, 0x0000000674000000| Untracked 
[2023-10-08T14:59:38.697+0800][1.447s][50477][17923][trace] GC(0) | 117|0x0000000675000000, 0x0000000675000000, 0x0000000676000000|  0%| F|  |TAMS 0x0000000675000000, 0x0000000675000000| Untracked 
[2023-10-08T14:59:38.697+0800][1.447s][50477][17923][trace] GC(0) | 118|0x0000000676000000, 0x0000000676000000, 0x0000000677000000|  0%| F|  |TAMS 0x0000000676000000, 0x0000000676000000| Untracked 
[2023-10-08T14:59:38.697+0800][1.447s][50477][17923][trace] GC(0) | 119|0x0000000677000000, 0x0000000677000000, 0x0000000678000000|  0%| F|  |TAMS 0x0000000677000000, 0x0000000677000000| Untracked 
[2023-10-08T14:59:38.697+0800][1.447s][50477][17923][trace] GC(0) | 120|0x0000000678000000, 0x0000000678000000, 0x0000000679000000|  0%| F|  |TAMS 0x0000000678000000, 0x0000000678000000| Untracked 
[2023-10-08T14:59:38.697+0800][1.447s][50477][17923][trace] GC(0) | 121|0x0000000679000000, 0x0000000679000000, 0x000000067a000000|  0%| F|  |TAMS 0x0000000679000000, 0x0000000679000000| Untracked 
[2023-10-08T14:59:38.697+0800][1.447s][50477][17923][trace] GC(0) | 122|0x000000067a000000, 0x000000067a000000, 0x000000067b000000|  0%| F|  |TAMS 0x000000067a000000, 0x000000067a000000| Untracked 
[2023-10-08T14:59:38.697+0800][1.447s][50477][17923][trace] GC(0) | 123|0x000000067b000000, 0x000000067b000000, 0x000000067c000000|  0%| F|  |TAMS 0x000000067b000000, 0x000000067b000000| Untracked 
[2023-10-08T14:59:38.697+0800][1.447s][50477][17923][trace] GC(0) | 124|0x000000067c000000, 0x000000067c000000, 0x000000067d000000|  0%| F|  |TAMS 0x000000067c000000, 0x000000067c000000| Untracked 
[2023-10-08T14:59:38.697+0800][1.447s][50477][17923][trace] GC(0) | 125|0x000000067d000000, 0x000000067d000000, 0x000000067e000000|  0%| F|  |TAMS 0x000000067d000000, 0x000000067d000000| Untracked 
[2023-10-08T14:59:38.697+0800][1.447s][50477][17923][trace] GC(0) | 126|0x000000067e000000, 0x000000067e000000, 0x000000067f000000|  0%| F|  |TAMS 0x000000067e000000, 0x000000067e000000| Untracked 
[2023-10-08T14:59:38.697+0800][1.447s][50477][17923][trace] GC(0) | 127|0x000000067f000000, 0x000000067f000000, 0x0000000680000000|  0%| F|  |TAMS 0x000000067f000000, 0x000000067f000000| Untracked 
[2023-10-08T14:59:38.697+0800][1.447s][50477][17923][trace] GC(0) | 128|0x0000000680000000, 0x0000000680000000, 0x0000000681000000|  0%| F|  |TAMS 0x0000000680000000, 0x0000000680000000| Untracked 
[2023-10-08T14:59:38.697+0800][1.447s][50477][17923][trace] GC(0) | 129|0x0000000681000000, 0x0000000681000000, 0x0000000682000000|  0%| F|  |TAMS 0x0000000681000000, 0x0000000681000000| Untracked 
[2023-10-08T14:59:38.697+0800][1.447s][50477][17923][trace] GC(0) | 130|0x0000000682000000, 0x0000000682000000, 0x0000000683000000|  0%| F|  |TAMS 0x0000000682000000, 0x0000000682000000| Untracked 
[2023-10-08T14:59:38.697+0800][1.447s][50477][17923][trace] GC(0) | 131|0x0000000683000000, 0x0000000683000000, 0x0000000684000000|  0%| F|  |TAMS 0x0000000683000000, 0x0000000683000000| Untracked 
[2023-10-08T14:59:38.697+0800][1.447s][50477][17923][trace] GC(0) | 132|0x0000000684000000, 0x0000000684000000, 0x0000000685000000|  0%| F|  |TAMS 0x0000000684000000, 0x0000000684000000| Untracked 
[2023-10-08T14:59:38.697+0800][1.447s][50477][17923][trace] GC(0) | 133|0x0000000685000000, 0x0000000685000000, 0x0000000686000000|  0%| F|  |TAMS 0x0000000685000000, 0x0000000685000000| Untracked 
[2023-10-08T14:59:38.697+0800][1.447s][50477][17923][trace] GC(0) | 134|0x0000000686000000, 0x0000000686000000, 0x0000000687000000|  0%| F|  |TAMS 0x0000000686000000, 0x0000000686000000| Untracked 
[2023-10-08T14:59:38.697+0800][1.447s][50477][17923][trace] GC(0) | 135|0x0000000687000000, 0x0000000687000000, 0x0000000688000000|  0%| F|  |TAMS 0x0000000687000000, 0x0000000687000000| Untracked 
[2023-10-08T14:59:38.697+0800][1.447s][50477][17923][trace] GC(0) | 136|0x0000000688000000, 0x0000000688000000, 0x0000000689000000|  0%| F|  |TAMS 0x0000000688000000, 0x0000000688000000| Untracked 
[2023-10-08T14:59:38.697+0800][1.447s][50477][17923][trace] GC(0) | 137|0x0000000689000000, 0x0000000689000000, 0x000000068a000000|  0%| F|  |TAMS 0x0000000689000000, 0x0000000689000000| Untracked 
[2023-10-08T14:59:38.697+0800][1.447s][50477][17923][trace] GC(0) | 138|0x000000068a000000, 0x000000068a000000, 0x000000068b000000|  0%| F|  |TAMS 0x000000068a000000, 0x000000068a000000| Untracked 
[2023-10-08T14:59:38.698+0800][1.447s][50477][17923][trace] GC(0) | 139|0x000000068b000000, 0x000000068b000000, 0x000000068c000000|  0%| F|  |TAMS 0x000000068b000000, 0x000000068b000000| Untracked 
[2023-10-08T14:59:38.698+0800][1.447s][50477][17923][trace] GC(0) | 140|0x000000068c000000, 0x000000068c000000, 0x000000068d000000|  0%| F|  |TAMS 0x000000068c000000, 0x000000068c000000| Untracked 
[2023-10-08T14:59:38.698+0800][1.447s][50477][17923][trace] GC(0) | 141|0x000000068d000000, 0x000000068d000000, 0x000000068e000000|  0%| F|  |TAMS 0x000000068d000000, 0x000000068d000000| Untracked 
[2023-10-08T14:59:38.698+0800][1.447s][50477][17923][trace] GC(0) | 142|0x000000068e000000, 0x000000068e000000, 0x000000068f000000|  0%| F|  |TAMS 0x000000068e000000, 0x000000068e000000| Untracked 
[2023-10-08T14:59:38.698+0800][1.447s][50477][17923][trace] GC(0) | 143|0x000000068f000000, 0x000000068f000000, 0x0000000690000000|  0%| F|  |TAMS 0x000000068f000000, 0x000000068f000000| Untracked 
[2023-10-08T14:59:38.698+0800][1.447s][50477][17923][trace] GC(0) | 144|0x0000000690000000, 0x0000000690000000, 0x0000000691000000|  0%| F|  |TAMS 0x0000000690000000, 0x0000000690000000| Untracked 
[2023-10-08T14:59:38.698+0800][1.447s][50477][17923][trace] GC(0) | 145|0x0000000691000000, 0x0000000691000000, 0x0000000692000000|  0%| F|  |TAMS 0x0000000691000000, 0x0000000691000000| Untracked 
[2023-10-08T14:59:38.698+0800][1.447s][50477][17923][trace] GC(0) | 146|0x0000000692000000, 0x0000000692000000, 0x0000000693000000|  0%| F|  |TAMS 0x0000000692000000, 0x0000000692000000| Untracked 
[2023-10-08T14:59:38.698+0800][1.447s][50477][17923][trace] GC(0) | 147|0x0000000693000000, 0x0000000693000000, 0x0000000694000000|  0%| F|  |TAMS 0x0000000693000000, 0x0000000693000000| Untracked 
[2023-10-08T14:59:38.698+0800][1.447s][50477][17923][trace] GC(0) | 148|0x0000000694000000, 0x0000000694000000, 0x0000000695000000|  0%| F|  |TAMS 0x0000000694000000, 0x0000000694000000| Untracked 
[2023-10-08T14:59:38.698+0800][1.447s][50477][17923][trace] GC(0) | 149|0x0000000695000000, 0x0000000695000000, 0x0000000696000000|  0%| F|  |TAMS 0x0000000695000000, 0x0000000695000000| Untracked 
[2023-10-08T14:59:38.698+0800][1.447s][50477][17923][trace] GC(0) | 150|0x0000000696000000, 0x0000000696000000, 0x0000000697000000|  0%| F|  |TAMS 0x0000000696000000, 0x0000000696000000| Untracked 
[2023-10-08T14:59:38.698+0800][1.447s][50477][17923][trace] GC(0) | 151|0x0000000697000000, 0x0000000697000000, 0x0000000698000000|  0%| F|  |TAMS 0x0000000697000000, 0x0000000697000000| Untracked 
[2023-10-08T14:59:38.698+0800][1.447s][50477][17923][trace] GC(0) | 152|0x0000000698000000, 0x0000000698000000, 0x0000000699000000|  0%| F|  |TAMS 0x0000000698000000, 0x0000000698000000| Untracked 
[2023-10-08T14:59:38.698+0800][1.447s][50477][17923][trace] GC(0) | 153|0x0000000699000000, 0x0000000699000000, 0x000000069a000000|  0%| F|  |TAMS 0x0000000699000000, 0x0000000699000000| Untracked 
[2023-10-08T14:59:38.698+0800][1.447s][50477][17923][trace] GC(0) | 154|0x000000069a000000, 0x000000069a000000, 0x000000069b000000|  0%| F|  |TAMS 0x000000069a000000, 0x000000069a000000| Untracked 
[2023-10-08T14:59:38.698+0800][1.447s][50477][17923][trace] GC(0) | 155|0x000000069b000000, 0x000000069b000000, 0x000000069c000000|  0%| F|  |TAMS 0x000000069b000000, 0x000000069b000000| Untracked 
[2023-10-08T14:59:38.698+0800][1.447s][50477][17923][trace] GC(0) | 156|0x000000069c000000, 0x000000069c000000, 0x000000069d000000|  0%| F|  |TAMS 0x000000069c000000, 0x000000069c000000| Untracked 
[2023-10-08T14:59:38.698+0800][1.447s][50477][17923][trace] GC(0) | 157|0x000000069d000000, 0x000000069d000000, 0x000000069e000000|  0%| F|  |TAMS 0x000000069d000000, 0x000000069d000000| Untracked 
[2023-10-08T14:59:38.698+0800][1.447s][50477][17923][trace] GC(0) | 158|0x000000069e000000, 0x000000069e000000, 0x000000069f000000|  0%| F|  |TAMS 0x000000069e000000, 0x000000069e000000| Untracked 
[2023-10-08T14:59:38.698+0800][1.447s][50477][17923][trace] GC(0) | 159|0x000000069f000000, 0x000000069f000000, 0x00000006a0000000|  0%| F|  |TAMS 0x000000069f000000, 0x000000069f000000| Untracked 
[2023-10-08T14:59:38.698+0800][1.447s][50477][17923][trace] GC(0) | 160|0x00000006a0000000, 0x00000006a0000000, 0x00000006a1000000|  0%| F|  |TAMS 0x00000006a0000000, 0x00000006a0000000| Untracked 
[2023-10-08T14:59:38.698+0800][1.447s][50477][17923][trace] GC(0) | 161|0x00000006a1000000, 0x00000006a1000000, 0x00000006a2000000|  0%| F|  |TAMS 0x00000006a1000000, 0x00000006a1000000| Untracked 
[2023-10-08T14:59:38.698+0800][1.447s][50477][17923][trace] GC(0) | 162|0x00000006a2000000, 0x00000006a2000000, 0x00000006a3000000|  0%| F|  |TAMS 0x00000006a2000000, 0x00000006a2000000| Untracked 
[2023-10-08T14:59:38.698+0800][1.447s][50477][17923][trace] GC(0) | 163|0x00000006a3000000, 0x00000006a3000000, 0x00000006a4000000|  0%| F|  |TAMS 0x00000006a3000000, 0x00000006a3000000| Untracked 
[2023-10-08T14:59:38.698+0800][1.447s][50477][17923][trace] GC(0) | 164|0x00000006a4000000, 0x00000006a4000000, 0x00000006a5000000|  0%| F|  |TAMS 0x00000006a4000000, 0x00000006a4000000| Untracked 
[2023-10-08T14:59:38.698+0800][1.447s][50477][17923][trace] GC(0) | 165|0x00000006a5000000, 0x00000006a5000000, 0x00000006a6000000|  0%| F|  |TAMS 0x00000006a5000000, 0x00000006a5000000| Untracked 
[2023-10-08T14:59:38.698+0800][1.447s][50477][17923][trace] GC(0) | 166|0x00000006a6000000, 0x00000006a6000000, 0x00000006a7000000|  0%| F|  |TAMS 0x00000006a6000000, 0x00000006a6000000| Untracked 
[2023-10-08T14:59:38.698+0800][1.447s][50477][17923][trace] GC(0) | 167|0x00000006a7000000, 0x00000006a7000000, 0x00000006a8000000|  0%| F|  |TAMS 0x00000006a7000000, 0x00000006a7000000| Untracked 
[2023-10-08T14:59:38.698+0800][1.447s][50477][17923][trace] GC(0) | 168|0x00000006a8000000, 0x00000006a8000000, 0x00000006a9000000|  0%| F|  |TAMS 0x00000006a8000000, 0x00000006a8000000| Untracked 
[2023-10-08T14:59:38.698+0800][1.447s][50477][17923][trace] GC(0) | 169|0x00000006a9000000, 0x00000006a9000000, 0x00000006aa000000|  0%| F|  |TAMS 0x00000006a9000000, 0x00000006a9000000| Untracked 
[2023-10-08T14:59:38.698+0800][1.447s][50477][17923][trace] GC(0) | 170|0x00000006aa000000, 0x00000006aa000000, 0x00000006ab000000|  0%| F|  |TAMS 0x00000006aa000000, 0x00000006aa000000| Untracked 
[2023-10-08T14:59:38.698+0800][1.447s][50477][17923][trace] GC(0) | 171|0x00000006ab000000, 0x00000006ab000000, 0x00000006ac000000|  0%| F|  |TAMS 0x00000006ab000000, 0x00000006ab000000| Untracked 
[2023-10-08T14:59:38.698+0800][1.447s][50477][17923][trace] GC(0) | 172|0x00000006ac000000, 0x00000006ac000000, 0x00000006ad000000|  0%| F|  |TAMS 0x00000006ac000000, 0x00000006ac000000| Untracked 
[2023-10-08T14:59:38.698+0800][1.447s][50477][17923][trace] GC(0) | 173|0x00000006ad000000, 0x00000006ad000000, 0x00000006ae000000|  0%| F|  |TAMS 0x00000006ad000000, 0x00000006ad000000| Untracked 
[2023-10-08T14:59:38.698+0800][1.447s][50477][17923][trace] GC(0) | 174|0x00000006ae000000, 0x00000006ae000000, 0x00000006af000000|  0%| F|  |TAMS 0x00000006ae000000, 0x00000006ae000000| Untracked 
[2023-10-08T14:59:38.698+0800][1.447s][50477][17923][trace] GC(0) | 175|0x00000006af000000, 0x00000006af000000, 0x00000006b0000000|  0%| F|  |TAMS 0x00000006af000000, 0x00000006af000000| Untracked 
[2023-10-08T14:59:38.698+0800][1.447s][50477][17923][trace] GC(0) | 176|0x00000006b0000000, 0x00000006b0000000, 0x00000006b1000000|  0%| F|  |TAMS 0x00000006b0000000, 0x00000006b0000000| Untracked 
[2023-10-08T14:59:38.698+0800][1.447s][50477][17923][trace] GC(0) | 177|0x00000006b1000000, 0x00000006b1000000, 0x00000006b2000000|  0%| F|  |TAMS 0x00000006b1000000, 0x00000006b1000000| Untracked 
[2023-10-08T14:59:38.698+0800][1.447s][50477][17923][trace] GC(0) | 178|0x00000006b2000000, 0x00000006b2000000, 0x00000006b3000000|  0%| F|  |TAMS 0x00000006b2000000, 0x00000006b2000000| Untracked 
[2023-10-08T14:59:38.698+0800][1.447s][50477][17923][trace] GC(0) | 179|0x00000006b3000000, 0x00000006b3000000, 0x00000006b4000000|  0%| F|  |TAMS 0x00000006b3000000, 0x00000006b3000000| Untracked 
[2023-10-08T14:59:38.698+0800][1.447s][50477][17923][trace] GC(0) | 180|0x00000006b4000000, 0x00000006b4000000, 0x00000006b5000000|  0%| F|  |TAMS 0x00000006b4000000, 0x00000006b4000000| Untracked 
[2023-10-08T14:59:38.698+0800][1.447s][50477][17923][trace] GC(0) | 181|0x00000006b5000000, 0x00000006b5000000, 0x00000006b6000000|  0%| F|  |TAMS 0x00000006b5000000, 0x00000006b5000000| Untracked 
[2023-10-08T14:59:38.698+0800][1.447s][50477][17923][trace] GC(0) | 182|0x00000006b6000000, 0x00000006b6000000, 0x00000006b7000000|  0%| F|  |TAMS 0x00000006b6000000, 0x00000006b6000000| Untracked 
[2023-10-08T14:59:38.698+0800][1.447s][50477][17923][trace] GC(0) | 183|0x00000006b7000000, 0x00000006b7000000, 0x00000006b8000000|  0%| F|  |TAMS 0x00000006b7000000, 0x00000006b7000000| Untracked 
[2023-10-08T14:59:38.698+0800][1.447s][50477][17923][trace] GC(0) | 184|0x00000006b8000000, 0x00000006b8000000, 0x00000006b9000000|  0%| F|  |TAMS 0x00000006b8000000, 0x00000006b8000000| Untracked 
[2023-10-08T14:59:38.698+0800][1.447s][50477][17923][trace] GC(0) | 185|0x00000006b9000000, 0x00000006b9000000, 0x00000006ba000000|  0%| F|  |TAMS 0x00000006b9000000, 0x00000006b9000000| Untracked 
[2023-10-08T14:59:38.698+0800][1.447s][50477][17923][trace] GC(0) | 186|0x00000006ba000000, 0x00000006ba000000, 0x00000006bb000000|  0%| F|  |TAMS 0x00000006ba000000, 0x00000006ba000000| Untracked 
[2023-10-08T14:59:38.698+0800][1.447s][50477][17923][trace] GC(0) | 187|0x00000006bb000000, 0x00000006bb000000, 0x00000006bc000000|  0%| F|  |TAMS 0x00000006bb000000, 0x00000006bb000000| Untracked 
[2023-10-08T14:59:38.698+0800][1.447s][50477][17923][trace] GC(0) | 188|0x00000006bc000000, 0x00000006bc000000, 0x00000006bd000000|  0%| F|  |TAMS 0x00000006bc000000, 0x00000006bc000000| Untracked 
[2023-10-08T14:59:38.698+0800][1.447s][50477][17923][trace] GC(0) | 189|0x00000006bd000000, 0x00000006bd000000, 0x00000006be000000|  0%| F|  |TAMS 0x00000006bd000000, 0x00000006bd000000| Untracked 
[2023-10-08T14:59:38.698+0800][1.447s][50477][17923][trace] GC(0) | 190|0x00000006be000000, 0x00000006be000000, 0x00000006bf000000|  0%| F|  |TAMS 0x00000006be000000, 0x00000006be000000| Untracked 
[2023-10-08T14:59:38.698+0800][1.447s][50477][17923][trace] GC(0) | 191|0x00000006bf000000, 0x00000006bf000000, 0x00000006c0000000|  0%| F|  |TAMS 0x00000006bf000000, 0x00000006bf000000| Untracked 
[2023-10-08T14:59:38.698+0800][1.447s][50477][17923][trace] GC(0) | 192|0x00000006c0000000, 0x00000006c0000000, 0x00000006c1000000|  0%| F|  |TAMS 0x00000006c0000000, 0x00000006c0000000| Untracked 
[2023-10-08T14:59:38.698+0800][1.447s][50477][17923][trace] GC(0) | 193|0x00000006c1000000, 0x00000006c1000000, 0x00000006c2000000|  0%| F|  |TAMS 0x00000006c1000000, 0x00000006c1000000| Untracked 
[2023-10-08T14:59:38.698+0800][1.447s][50477][17923][trace] GC(0) | 194|0x00000006c2000000, 0x00000006c2000000, 0x00000006c3000000|  0%| F|  |TAMS 0x00000006c2000000, 0x00000006c2000000| Untracked 
[2023-10-08T14:59:38.698+0800][1.447s][50477][17923][trace] GC(0) | 195|0x00000006c3000000, 0x00000006c3000000, 0x00000006c4000000|  0%| F|  |TAMS 0x00000006c3000000, 0x00000006c3000000| Untracked 
[2023-10-08T14:59:38.698+0800][1.447s][50477][17923][trace] GC(0) | 196|0x00000006c4000000, 0x00000006c4000000, 0x00000006c5000000|  0%| F|  |TAMS 0x00000006c4000000, 0x00000006c4000000| Untracked 
[2023-10-08T14:59:38.698+0800][1.447s][50477][17923][trace] GC(0) | 197|0x00000006c5000000, 0x00000006c5000000, 0x00000006c6000000|  0%| F|  |TAMS 0x00000006c5000000, 0x00000006c5000000| Untracked 
[2023-10-08T14:59:38.698+0800][1.447s][50477][17923][trace] GC(0) | 198|0x00000006c6000000, 0x00000006c6000000, 0x00000006c7000000|  0%| F|  |TAMS 0x00000006c6000000, 0x00000006c6000000| Untracked 
[2023-10-08T14:59:38.698+0800][1.447s][50477][17923][trace] GC(0) | 199|0x00000006c7000000, 0x00000006c7000000, 0x00000006c8000000|  0%| F|  |TAMS 0x00000006c7000000, 0x00000006c7000000| Untracked 
[2023-10-08T14:59:38.698+0800][1.447s][50477][17923][trace] GC(0) | 200|0x00000006c8000000, 0x00000006c8000000, 0x00000006c9000000|  0%| F|  |TAMS 0x00000006c8000000, 0x00000006c8000000| Untracked 
[2023-10-08T14:59:38.698+0800][1.447s][50477][17923][trace] GC(0) | 201|0x00000006c9000000, 0x00000006c9000000, 0x00000006ca000000|  0%| F|  |TAMS 0x00000006c9000000, 0x00000006c9000000| Untracked 
[2023-10-08T14:59:38.698+0800][1.447s][50477][17923][trace] GC(0) | 202|0x00000006ca000000, 0x00000006ca000000, 0x00000006cb000000|  0%| F|  |TAMS 0x00000006ca000000, 0x00000006ca000000| Untracked 
[2023-10-08T14:59:38.698+0800][1.447s][50477][17923][trace] GC(0) | 203|0x00000006cb000000, 0x00000006cb000000, 0x00000006cc000000|  0%| F|  |TAMS 0x00000006cb000000, 0x00000006cb000000| Untracked 
[2023-10-08T14:59:38.698+0800][1.447s][50477][17923][trace] GC(0) | 204|0x00000006cc000000, 0x00000006cc000000, 0x00000006cd000000|  0%| F|  |TAMS 0x00000006cc000000, 0x00000006cc000000| Untracked 
[2023-10-08T14:59:38.698+0800][1.447s][50477][17923][trace] GC(0) | 205|0x00000006cd000000, 0x00000006cd000000, 0x00000006ce000000|  0%| F|  |TAMS 0x00000006cd000000, 0x00000006cd000000| Untracked 
[2023-10-08T14:59:38.698+0800][1.447s][50477][17923][trace] GC(0) | 206|0x00000006ce000000, 0x00000006ce000000, 0x00000006cf000000|  0%| F|  |TAMS 0x00000006ce000000, 0x00000006ce000000| Untracked 
[2023-10-08T14:59:38.698+0800][1.447s][50477][17923][trace] GC(0) | 207|0x00000006cf000000, 0x00000006cf000000, 0x00000006d0000000|  0%| F|  |TAMS 0x00000006cf000000, 0x00000006cf000000| Untracked 
[2023-10-08T14:59:38.698+0800][1.447s][50477][17923][trace] GC(0) | 208|0x00000006d0000000, 0x00000006d0000000, 0x00000006d1000000|  0%| F|  |TAMS 0x00000006d0000000, 0x00000006d0000000| Untracked 
[2023-10-08T14:59:38.698+0800][1.447s][50477][17923][trace] GC(0) | 209|0x00000006d1000000, 0x00000006d1000000, 0x00000006d2000000|  0%| F|  |TAMS 0x00000006d1000000, 0x00000006d1000000| Untracked 
[2023-10-08T14:59:38.698+0800][1.447s][50477][17923][trace] GC(0) | 210|0x00000006d2000000, 0x00000006d2000000, 0x00000006d3000000|  0%| F|  |TAMS 0x00000006d2000000, 0x00000006d2000000| Untracked 
[2023-10-08T14:59:38.698+0800][1.447s][50477][17923][trace] GC(0) | 211|0x00000006d3000000, 0x00000006d3000000, 0x00000006d4000000|  0%| F|  |TAMS 0x00000006d3000000, 0x00000006d3000000| Untracked 
[2023-10-08T14:59:38.698+0800][1.447s][50477][17923][trace] GC(0) | 212|0x00000006d4000000, 0x00000006d4000000, 0x00000006d5000000|  0%| F|  |TAMS 0x00000006d4000000, 0x00000006d4000000| Untracked 
[2023-10-08T14:59:38.698+0800][1.448s][50477][17923][trace] GC(0) | 213|0x00000006d5000000, 0x00000006d5000000, 0x00000006d6000000|  0%| F|  |TAMS 0x00000006d5000000, 0x00000006d5000000| Untracked 
[2023-10-08T14:59:38.698+0800][1.448s][50477][17923][trace] GC(0) | 214|0x00000006d6000000, 0x00000006d6000000, 0x00000006d7000000|  0%| F|  |TAMS 0x00000006d6000000, 0x00000006d6000000| Untracked 
[2023-10-08T14:59:38.698+0800][1.448s][50477][17923][trace] GC(0) | 215|0x00000006d7000000, 0x00000006d7000000, 0x00000006d8000000|  0%| F|  |TAMS 0x00000006d7000000, 0x00000006d7000000| Untracked 
[2023-10-08T14:59:38.698+0800][1.448s][50477][17923][trace] GC(0) | 216|0x00000006d8000000, 0x00000006d8000000, 0x00000006d9000000|  0%| F|  |TAMS 0x00000006d8000000, 0x00000006d8000000| Untracked 
[2023-10-08T14:59:38.698+0800][1.448s][50477][17923][trace] GC(0) | 217|0x00000006d9000000, 0x00000006d9000000, 0x00000006da000000|  0%| F|  |TAMS 0x00000006d9000000, 0x00000006d9000000| Untracked 
[2023-10-08T14:59:38.698+0800][1.448s][50477][17923][trace] GC(0) | 218|0x00000006da000000, 0x00000006da000000, 0x00000006db000000|  0%| F|  |TAMS 0x00000006da000000, 0x00000006da000000| Untracked 
[2023-10-08T14:59:38.698+0800][1.448s][50477][17923][trace] GC(0) | 219|0x00000006db000000, 0x00000006db000000, 0x00000006dc000000|  0%| F|  |TAMS 0x00000006db000000, 0x00000006db000000| Untracked 
[2023-10-08T14:59:38.698+0800][1.448s][50477][17923][trace] GC(0) | 220|0x00000006dc000000, 0x00000006dc000000, 0x00000006dd000000|  0%| F|  |TAMS 0x00000006dc000000, 0x00000006dc000000| Untracked 
[2023-10-08T14:59:38.698+0800][1.448s][50477][17923][trace] GC(0) | 221|0x00000006dd000000, 0x00000006dd000000, 0x00000006de000000|  0%| F|  |TAMS 0x00000006dd000000, 0x00000006dd000000| Untracked 
[2023-10-08T14:59:38.698+0800][1.448s][50477][17923][trace] GC(0) | 222|0x00000006de000000, 0x00000006de000000, 0x00000006df000000|  0%| F|  |TAMS 0x00000006de000000, 0x00000006de000000| Untracked 
[2023-10-08T14:59:38.698+0800][1.448s][50477][17923][trace] GC(0) | 223|0x00000006df000000, 0x00000006df000000, 0x00000006e0000000|  0%| F|  |TAMS 0x00000006df000000, 0x00000006df000000| Untracked 
[2023-10-08T14:59:38.698+0800][1.448s][50477][17923][trace] GC(0) | 224|0x00000006e0000000, 0x00000006e0000000, 0x00000006e1000000|  0%| F|  |TAMS 0x00000006e0000000, 0x00000006e0000000| Untracked 
[2023-10-08T14:59:38.698+0800][1.448s][50477][17923][trace] GC(0) | 225|0x00000006e1000000, 0x00000006e1000000, 0x00000006e2000000|  0%| F|  |TAMS 0x00000006e1000000, 0x00000006e1000000| Untracked 
[2023-10-08T14:59:38.698+0800][1.448s][50477][17923][trace] GC(0) | 226|0x00000006e2000000, 0x00000006e2000000, 0x00000006e3000000|  0%| F|  |TAMS 0x00000006e2000000, 0x00000006e2000000| Untracked 
[2023-10-08T14:59:38.698+0800][1.448s][50477][17923][trace] GC(0) | 227|0x00000006e3000000, 0x00000006e3000000, 0x00000006e4000000|  0%| F|  |TAMS 0x00000006e3000000, 0x00000006e3000000| Untracked 
[2023-10-08T14:59:38.698+0800][1.448s][50477][17923][trace] GC(0) | 228|0x00000006e4000000, 0x00000006e4000000, 0x00000006e5000000|  0%| F|  |TAMS 0x00000006e4000000, 0x00000006e4000000| Untracked 
[2023-10-08T14:59:38.698+0800][1.448s][50477][17923][trace] GC(0) | 229|0x00000006e5000000, 0x00000006e5000000, 0x00000006e6000000|  0%| F|  |TAMS 0x00000006e5000000, 0x00000006e5000000| Untracked 
[2023-10-08T14:59:38.698+0800][1.448s][50477][17923][trace] GC(0) | 230|0x00000006e6000000, 0x00000006e6000000, 0x00000006e7000000|  0%| F|  |TAMS 0x00000006e6000000, 0x00000006e6000000| Untracked 
[2023-10-08T14:59:38.698+0800][1.448s][50477][17923][trace] GC(0) | 231|0x00000006e7000000, 0x00000006e7000000, 0x00000006e8000000|  0%| F|  |TAMS 0x00000006e7000000, 0x00000006e7000000| Untracked 
[2023-10-08T14:59:38.698+0800][1.448s][50477][17923][trace] GC(0) | 232|0x00000006e8000000, 0x00000006e8000000, 0x00000006e9000000|  0%| F|  |TAMS 0x00000006e8000000, 0x00000006e8000000| Untracked 
[2023-10-08T14:59:38.698+0800][1.448s][50477][17923][trace] GC(0) | 233|0x00000006e9000000, 0x00000006e9000000, 0x00000006ea000000|  0%| F|  |TAMS 0x00000006e9000000, 0x00000006e9000000| Untracked 
[2023-10-08T14:59:38.698+0800][1.448s][50477][17923][trace] GC(0) | 234|0x00000006ea000000, 0x00000006ea000000, 0x00000006eb000000|  0%| F|  |TAMS 0x00000006ea000000, 0x00000006ea000000| Untracked 
[2023-10-08T14:59:38.698+0800][1.448s][50477][17923][trace] GC(0) | 235|0x00000006eb000000, 0x00000006eb000000, 0x00000006ec000000|  0%| F|  |TAMS 0x00000006eb000000, 0x00000006eb000000| Untracked 
[2023-10-08T14:59:38.698+0800][1.448s][50477][17923][trace] GC(0) | 236|0x00000006ec000000, 0x00000006ec000000, 0x00000006ed000000|  0%| F|  |TAMS 0x00000006ec000000, 0x00000006ec000000| Untracked 
[2023-10-08T14:59:38.698+0800][1.448s][50477][17923][trace] GC(0) | 237|0x00000006ed000000, 0x00000006ed000000, 0x00000006ee000000|  0%| F|  |TAMS 0x00000006ed000000, 0x00000006ed000000| Untracked 
[2023-10-08T14:59:38.698+0800][1.448s][50477][17923][trace] GC(0) | 238|0x00000006ee000000, 0x00000006ee000000, 0x00000006ef000000|  0%| F|  |TAMS 0x00000006ee000000, 0x00000006ee000000| Untracked 
[2023-10-08T14:59:38.698+0800][1.448s][50477][17923][trace] GC(0) | 239|0x00000006ef000000, 0x00000006ef000000, 0x00000006f0000000|  0%| F|  |TAMS 0x00000006ef000000, 0x00000006ef000000| Untracked 
[2023-10-08T14:59:38.698+0800][1.448s][50477][17923][trace] GC(0) | 240|0x00000006f0000000, 0x00000006f0000000, 0x00000006f1000000|  0%| F|  |TAMS 0x00000006f0000000, 0x00000006f0000000| Untracked 
[2023-10-08T14:59:38.698+0800][1.448s][50477][17923][trace] GC(0) | 241|0x00000006f1000000, 0x00000006f1000000, 0x00000006f2000000|  0%| F|  |TAMS 0x00000006f1000000, 0x00000006f1000000| Untracked 
[2023-10-08T14:59:38.698+0800][1.448s][50477][17923][trace] GC(0) | 242|0x00000006f2000000, 0x00000006f2000000, 0x00000006f3000000|  0%| F|  |TAMS 0x00000006f2000000, 0x00000006f2000000| Untracked 
[2023-10-08T14:59:38.698+0800][1.448s][50477][17923][trace] GC(0) | 243|0x00000006f3000000, 0x00000006f3000000, 0x00000006f4000000|  0%| F|  |TAMS 0x00000006f3000000, 0x00000006f3000000| Untracked 
[2023-10-08T14:59:38.698+0800][1.448s][50477][17923][trace] GC(0) | 244|0x00000006f4000000, 0x00000006f4000000, 0x00000006f5000000|  0%| F|  |TAMS 0x00000006f4000000, 0x00000006f4000000| Untracked 
[2023-10-08T14:59:38.698+0800][1.448s][50477][17923][trace] GC(0) | 245|0x00000006f5000000, 0x00000006f5000000, 0x00000006f6000000|  0%| F|  |TAMS 0x00000006f5000000, 0x00000006f5000000| Untracked 
[2023-10-08T14:59:38.698+0800][1.448s][50477][17923][trace] GC(0) | 246|0x00000006f6000000, 0x00000006f6000000, 0x00000006f7000000|  0%| F|  |TAMS 0x00000006f6000000, 0x00000006f6000000| Untracked 
[2023-10-08T14:59:38.698+0800][1.448s][50477][17923][trace] GC(0) | 247|0x00000006f7000000, 0x00000006f7000000, 0x00000006f8000000|  0%| F|  |TAMS 0x00000006f7000000, 0x00000006f7000000| Untracked 
[2023-10-08T14:59:38.698+0800][1.448s][50477][17923][trace] GC(0) | 248|0x00000006f8000000, 0x00000006f8000000, 0x00000006f9000000|  0%| F|  |TAMS 0x00000006f8000000, 0x00000006f8000000| Untracked 
[2023-10-08T14:59:38.698+0800][1.448s][50477][17923][trace] GC(0) | 249|0x00000006f9000000, 0x00000006f9000000, 0x00000006fa000000|  0%| F|  |TAMS 0x00000006f9000000, 0x00000006f9000000| Untracked 
[2023-10-08T14:59:38.698+0800][1.448s][50477][17923][trace] GC(0) | 250|0x00000006fa000000, 0x00000006fa000000, 0x00000006fb000000|  0%| F|  |TAMS 0x00000006fa000000, 0x00000006fa000000| Untracked 
[2023-10-08T14:59:38.698+0800][1.448s][50477][17923][trace] GC(0) | 251|0x00000006fb000000, 0x00000006fb000000, 0x00000006fc000000|  0%| F|  |TAMS 0x00000006fb000000, 0x00000006fb000000| Untracked 
[2023-10-08T14:59:38.698+0800][1.448s][50477][17923][trace] GC(0) | 252|0x00000006fc000000, 0x00000006fc000000, 0x00000006fd000000|  0%| F|  |TAMS 0x00000006fc000000, 0x00000006fc000000| Untracked 
[2023-10-08T14:59:38.698+0800][1.448s][50477][17923][trace] GC(0) | 253|0x00000006fd000000, 0x00000006fd000000, 0x00000006fe000000|  0%| F|  |TAMS 0x00000006fd000000, 0x00000006fd000000| Untracked 
[2023-10-08T14:59:38.698+0800][1.448s][50477][17923][trace] GC(0) | 254|0x00000006fe000000, 0x00000006fe000000, 0x00000006ff000000|  0%| F|  |TAMS 0x00000006fe000000, 0x00000006fe000000| Untracked 
[2023-10-08T14:59:38.698+0800][1.448s][50477][17923][trace] GC(0) | 255|0x00000006ff000000, 0x00000006ff000000, 0x0000000700000000|  0%| F|  |TAMS 0x00000006ff000000, 0x00000006ff000000| Untracked 
[2023-10-08T14:59:38.698+0800][1.448s][50477][17923][trace] GC(0) | 256|0x0000000700000000, 0x0000000700000000, 0x0000000701000000|  0%| F|  |TAMS 0x0000000700000000, 0x0000000700000000| Untracked 
[2023-10-08T14:59:38.698+0800][1.448s][50477][17923][trace] GC(0) | 257|0x0000000701000000, 0x0000000701000000, 0x0000000702000000|  0%| F|  |TAMS 0x0000000701000000, 0x0000000701000000| Untracked 
[2023-10-08T14:59:38.698+0800][1.448s][50477][17923][trace] GC(0) | 258|0x0000000702000000, 0x0000000702000000, 0x0000000703000000|  0%| F|  |TAMS 0x0000000702000000, 0x0000000702000000| Untracked 
[2023-10-08T14:59:38.699+0800][1.448s][50477][17923][trace] GC(0) | 259|0x0000000703000000, 0x0000000703000000, 0x0000000704000000|  0%| F|  |TAMS 0x0000000703000000, 0x0000000703000000| Untracked 
[2023-10-08T14:59:38.699+0800][1.448s][50477][17923][trace] GC(0) | 260|0x0000000704000000, 0x0000000704000000, 0x0000000705000000|  0%| F|  |TAMS 0x0000000704000000, 0x0000000704000000| Untracked 
[2023-10-08T14:59:38.699+0800][1.448s][50477][17923][trace] GC(0) | 261|0x0000000705000000, 0x0000000705000000, 0x0000000706000000|  0%| F|  |TAMS 0x0000000705000000, 0x0000000705000000| Untracked 
[2023-10-08T14:59:38.699+0800][1.448s][50477][17923][trace] GC(0) | 262|0x0000000706000000, 0x0000000706000000, 0x0000000707000000|  0%| F|  |TAMS 0x0000000706000000, 0x0000000706000000| Untracked 
[2023-10-08T14:59:38.699+0800][1.448s][50477][17923][trace] GC(0) | 263|0x0000000707000000, 0x0000000707000000, 0x0000000708000000|  0%| F|  |TAMS 0x0000000707000000, 0x0000000707000000| Untracked 
[2023-10-08T14:59:38.699+0800][1.448s][50477][17923][trace] GC(0) | 264|0x0000000708000000, 0x0000000708000000, 0x0000000709000000|  0%| F|  |TAMS 0x0000000708000000, 0x0000000708000000| Untracked 
[2023-10-08T14:59:38.699+0800][1.448s][50477][17923][trace] GC(0) | 265|0x0000000709000000, 0x0000000709000000, 0x000000070a000000|  0%| F|  |TAMS 0x0000000709000000, 0x0000000709000000| Untracked 
[2023-10-08T14:59:38.699+0800][1.448s][50477][17923][trace] GC(0) | 266|0x000000070a000000, 0x000000070a000000, 0x000000070b000000|  0%| F|  |TAMS 0x000000070a000000, 0x000000070a000000| Untracked 
[2023-10-08T14:59:38.699+0800][1.448s][50477][17923][trace] GC(0) | 267|0x000000070b000000, 0x000000070b000000, 0x000000070c000000|  0%| F|  |TAMS 0x000000070b000000, 0x000000070b000000| Untracked 
[2023-10-08T14:59:38.699+0800][1.448s][50477][17923][trace] GC(0) | 268|0x000000070c000000, 0x000000070c000000, 0x000000070d000000|  0%| F|  |TAMS 0x000000070c000000, 0x000000070c000000| Untracked 
[2023-10-08T14:59:38.699+0800][1.448s][50477][17923][trace] GC(0) | 269|0x000000070d000000, 0x000000070d000000, 0x000000070e000000|  0%| F|  |TAMS 0x000000070d000000, 0x000000070d000000| Untracked 
[2023-10-08T14:59:38.699+0800][1.448s][50477][17923][trace] GC(0) | 270|0x000000070e000000, 0x000000070e000000, 0x000000070f000000|  0%| F|  |TAMS 0x000000070e000000, 0x000000070e000000| Untracked 
[2023-10-08T14:59:38.699+0800][1.448s][50477][17923][trace] GC(0) | 271|0x000000070f000000, 0x000000070f000000, 0x0000000710000000|  0%| F|  |TAMS 0x000000070f000000, 0x000000070f000000| Untracked 
[2023-10-08T14:59:38.699+0800][1.448s][50477][17923][trace] GC(0) | 272|0x0000000710000000, 0x0000000710000000, 0x0000000711000000|  0%| F|  |TAMS 0x0000000710000000, 0x0000000710000000| Untracked 
[2023-10-08T14:59:38.699+0800][1.448s][50477][17923][trace] GC(0) | 273|0x0000000711000000, 0x0000000711000000, 0x0000000712000000|  0%| F|  |TAMS 0x0000000711000000, 0x0000000711000000| Untracked 
[2023-10-08T14:59:38.699+0800][1.448s][50477][17923][trace] GC(0) | 274|0x0000000712000000, 0x0000000712000000, 0x0000000713000000|  0%| F|  |TAMS 0x0000000712000000, 0x0000000712000000| Untracked 
[2023-10-08T14:59:38.699+0800][1.448s][50477][17923][trace] GC(0) | 275|0x0000000713000000, 0x0000000713000000, 0x0000000714000000|  0%| F|  |TAMS 0x0000000713000000, 0x0000000713000000| Untracked 
[2023-10-08T14:59:38.699+0800][1.448s][50477][17923][trace] GC(0) | 276|0x0000000714000000, 0x0000000714000000, 0x0000000715000000|  0%| F|  |TAMS 0x0000000714000000, 0x0000000714000000| Untracked 
[2023-10-08T14:59:38.699+0800][1.448s][50477][17923][trace] GC(0) | 277|0x0000000715000000, 0x0000000715000000, 0x0000000716000000|  0%| F|  |TAMS 0x0000000715000000, 0x0000000715000000| Untracked 
[2023-10-08T14:59:38.699+0800][1.448s][50477][17923][trace] GC(0) | 278|0x0000000716000000, 0x0000000716000000, 0x0000000717000000|  0%| F|  |TAMS 0x0000000716000000, 0x0000000716000000| Untracked 
[2023-10-08T14:59:38.699+0800][1.448s][50477][17923][trace] GC(0) | 279|0x0000000717000000, 0x0000000717000000, 0x0000000718000000|  0%| F|  |TAMS 0x0000000717000000, 0x0000000717000000| Untracked 
[2023-10-08T14:59:38.699+0800][1.448s][50477][17923][trace] GC(0) | 280|0x0000000718000000, 0x0000000718000000, 0x0000000719000000|  0%| F|  |TAMS 0x0000000718000000, 0x0000000718000000| Untracked 
[2023-10-08T14:59:38.699+0800][1.448s][50477][17923][trace] GC(0) | 281|0x0000000719000000, 0x0000000719000000, 0x000000071a000000|  0%| F|  |TAMS 0x0000000719000000, 0x0000000719000000| Untracked 
[2023-10-08T14:59:38.699+0800][1.448s][50477][17923][trace] GC(0) | 282|0x000000071a000000, 0x000000071a000000, 0x000000071b000000|  0%| F|  |TAMS 0x000000071a000000, 0x000000071a000000| Untracked 
[2023-10-08T14:59:38.699+0800][1.448s][50477][17923][trace] GC(0) | 283|0x000000071b000000, 0x000000071b000000, 0x000000071c000000|  0%| F|  |TAMS 0x000000071b000000, 0x000000071b000000| Untracked 
[2023-10-08T14:59:38.699+0800][1.448s][50477][17923][trace] GC(0) | 284|0x000000071c000000, 0x000000071c000000, 0x000000071d000000|  0%| F|  |TAMS 0x000000071c000000, 0x000000071c000000| Untracked 
[2023-10-08T14:59:38.699+0800][1.448s][50477][17923][trace] GC(0) | 285|0x000000071d000000, 0x000000071d000000, 0x000000071e000000|  0%| F|  |TAMS 0x000000071d000000, 0x000000071d000000| Untracked 
[2023-10-08T14:59:38.699+0800][1.448s][50477][17923][trace] GC(0) | 286|0x000000071e000000, 0x000000071e000000, 0x000000071f000000|  0%| F|  |TAMS 0x000000071e000000, 0x000000071e000000| Untracked 
[2023-10-08T14:59:38.699+0800][1.448s][50477][17923][trace] GC(0) | 287|0x000000071f000000, 0x000000071f000000, 0x0000000720000000|  0%| F|  |TAMS 0x000000071f000000, 0x000000071f000000| Untracked 
[2023-10-08T14:59:38.699+0800][1.448s][50477][17923][trace] GC(0) | 288|0x0000000720000000, 0x0000000720000000, 0x0000000721000000|  0%| F|  |TAMS 0x0000000720000000, 0x0000000720000000| Untracked 
[2023-10-08T14:59:38.699+0800][1.448s][50477][17923][trace] GC(0) | 289|0x0000000721000000, 0x0000000721000000, 0x0000000722000000|  0%| F|  |TAMS 0x0000000721000000, 0x0000000721000000| Untracked 
[2023-10-08T14:59:38.699+0800][1.448s][50477][17923][trace] GC(0) | 290|0x0000000722000000, 0x0000000722000000, 0x0000000723000000|  0%| F|  |TAMS 0x0000000722000000, 0x0000000722000000| Untracked 
[2023-10-08T14:59:38.699+0800][1.448s][50477][17923][trace] GC(0) | 291|0x0000000723000000, 0x0000000723000000, 0x0000000724000000|  0%| F|  |TAMS 0x0000000723000000, 0x0000000723000000| Untracked 
[2023-10-08T14:59:38.699+0800][1.448s][50477][17923][trace] GC(0) | 292|0x0000000724000000, 0x0000000724000000, 0x0000000725000000|  0%| F|  |TAMS 0x0000000724000000, 0x0000000724000000| Untracked 
[2023-10-08T14:59:38.699+0800][1.448s][50477][17923][trace] GC(0) | 293|0x0000000725000000, 0x0000000725000000, 0x0000000726000000|  0%| F|  |TAMS 0x0000000725000000, 0x0000000725000000| Untracked 
[2023-10-08T14:59:38.699+0800][1.448s][50477][17923][trace] GC(0) | 294|0x0000000726000000, 0x0000000726000000, 0x0000000727000000|  0%| F|  |TAMS 0x0000000726000000, 0x0000000726000000| Untracked 
[2023-10-08T14:59:38.699+0800][1.448s][50477][17923][trace] GC(0) | 295|0x0000000727000000, 0x0000000727000000, 0x0000000728000000|  0%| F|  |TAMS 0x0000000727000000, 0x0000000727000000| Untracked 
[2023-10-08T14:59:38.699+0800][1.448s][50477][17923][trace] GC(0) | 296|0x0000000728000000, 0x0000000728000000, 0x0000000729000000|  0%| F|  |TAMS 0x0000000728000000, 0x0000000728000000| Untracked 
[2023-10-08T14:59:38.699+0800][1.448s][50477][17923][trace] GC(0) | 297|0x0000000729000000, 0x0000000729000000, 0x000000072a000000|  0%| F|  |TAMS 0x0000000729000000, 0x0000000729000000| Untracked 
[2023-10-08T14:59:38.699+0800][1.448s][50477][17923][trace] GC(0) | 298|0x000000072a000000, 0x000000072a000000, 0x000000072b000000|  0%| F|  |TAMS 0x000000072a000000, 0x000000072a000000| Untracked 
[2023-10-08T14:59:38.699+0800][1.448s][50477][17923][trace] GC(0) | 299|0x000000072b000000, 0x000000072b000000, 0x000000072c000000|  0%| F|  |TAMS 0x000000072b000000, 0x000000072b000000| Untracked 
[2023-10-08T14:59:38.699+0800][1.448s][50477][17923][trace] GC(0) | 300|0x000000072c000000, 0x000000072c000000, 0x000000072d000000|  0%| F|  |TAMS 0x000000072c000000, 0x000000072c000000| Untracked 
[2023-10-08T14:59:38.699+0800][1.448s][50477][17923][trace] GC(0) | 301|0x000000072d000000, 0x000000072d000000, 0x000000072e000000|  0%| F|  |TAMS 0x000000072d000000, 0x000000072d000000| Untracked 
[2023-10-08T14:59:38.699+0800][1.448s][50477][17923][trace] GC(0) | 302|0x000000072e000000, 0x000000072e000000, 0x000000072f000000|  0%| F|  |TAMS 0x000000072e000000, 0x000000072e000000| Untracked 
[2023-10-08T14:59:38.699+0800][1.448s][50477][17923][trace] GC(0) | 303|0x000000072f000000, 0x000000072f000000, 0x0000000730000000|  0%| F|  |TAMS 0x000000072f000000, 0x000000072f000000| Untracked 
[2023-10-08T14:59:38.699+0800][1.448s][50477][17923][trace] GC(0) | 304|0x0000000730000000, 0x0000000730000000, 0x0000000731000000|  0%| F|  |TAMS 0x0000000730000000, 0x0000000730000000| Untracked 
[2023-10-08T14:59:38.699+0800][1.448s][50477][17923][trace] GC(0) | 305|0x0000000731000000, 0x0000000731000000, 0x0000000732000000|  0%| F|  |TAMS 0x0000000731000000, 0x0000000731000000| Untracked 
[2023-10-08T14:59:38.699+0800][1.448s][50477][17923][trace] GC(0) | 306|0x0000000732000000, 0x0000000732000000, 0x0000000733000000|  0%| F|  |TAMS 0x0000000732000000, 0x0000000732000000| Untracked 
[2023-10-08T14:59:38.699+0800][1.448s][50477][17923][trace] GC(0) | 307|0x0000000733000000, 0x0000000733000000, 0x0000000734000000|  0%| F|  |TAMS 0x0000000733000000, 0x0000000733000000| Untracked 
[2023-10-08T14:59:38.699+0800][1.448s][50477][17923][trace] GC(0) | 308|0x0000000734000000, 0x0000000734000000, 0x0000000735000000|  0%| F|  |TAMS 0x0000000734000000, 0x0000000734000000| Untracked 
[2023-10-08T14:59:38.699+0800][1.448s][50477][17923][trace] GC(0) | 309|0x0000000735000000, 0x0000000735000000, 0x0000000736000000|  0%| F|  |TAMS 0x0000000735000000, 0x0000000735000000| Untracked 
[2023-10-08T14:59:38.699+0800][1.448s][50477][17923][trace] GC(0) | 310|0x0000000736000000, 0x0000000736000000, 0x0000000737000000|  0%| F|  |TAMS 0x0000000736000000, 0x0000000736000000| Untracked 
[2023-10-08T14:59:38.699+0800][1.448s][50477][17923][trace] GC(0) | 311|0x0000000737000000, 0x0000000737000000, 0x0000000738000000|  0%| F|  |TAMS 0x0000000737000000, 0x0000000737000000| Untracked 
[2023-10-08T14:59:38.699+0800][1.448s][50477][17923][trace] GC(0) | 312|0x0000000738000000, 0x0000000738000000, 0x0000000739000000|  0%| F|  |TAMS 0x0000000738000000, 0x0000000738000000| Untracked 
[2023-10-08T14:59:38.699+0800][1.448s][50477][17923][trace] GC(0) | 313|0x0000000739000000, 0x0000000739000000, 0x000000073a000000|  0%| F|  |TAMS 0x0000000739000000, 0x0000000739000000| Untracked 
[2023-10-08T14:59:38.699+0800][1.448s][50477][17923][trace] GC(0) | 314|0x000000073a000000, 0x000000073a000000, 0x000000073b000000|  0%| F|  |TAMS 0x000000073a000000, 0x000000073a000000| Untracked 
[2023-10-08T14:59:38.699+0800][1.448s][50477][17923][trace] GC(0) | 315|0x000000073b000000, 0x000000073b000000, 0x000000073c000000|  0%| F|  |TAMS 0x000000073b000000, 0x000000073b000000| Untracked 
[2023-10-08T14:59:38.699+0800][1.448s][50477][17923][trace] GC(0) | 316|0x000000073c000000, 0x000000073c000000, 0x000000073d000000|  0%| F|  |TAMS 0x000000073c000000, 0x000000073c000000| Untracked 
[2023-10-08T14:59:38.699+0800][1.448s][50477][17923][trace] GC(0) | 317|0x000000073d000000, 0x000000073d000000, 0x000000073e000000|  0%| F|  |TAMS 0x000000073d000000, 0x000000073d000000| Untracked 
[2023-10-08T14:59:38.699+0800][1.448s][50477][17923][trace] GC(0) | 318|0x000000073e000000, 0x000000073e000000, 0x000000073f000000|  0%| F|  |TAMS 0x000000073e000000, 0x000000073e000000| Untracked 
[2023-10-08T14:59:38.699+0800][1.448s][50477][17923][trace] GC(0) | 319|0x000000073f000000, 0x000000073f000000, 0x0000000740000000|  0%| F|  |TAMS 0x000000073f000000, 0x000000073f000000| Untracked 
[2023-10-08T14:59:38.699+0800][1.448s][50477][17923][trace] GC(0) | 320|0x0000000740000000, 0x0000000740000000, 0x0000000741000000|  0%| F|  |TAMS 0x0000000740000000, 0x0000000740000000| Untracked 
[2023-10-08T14:59:38.699+0800][1.448s][50477][17923][trace] GC(0) | 321|0x0000000741000000, 0x0000000741000000, 0x0000000742000000|  0%| F|  |TAMS 0x0000000741000000, 0x0000000741000000| Untracked 
[2023-10-08T14:59:38.699+0800][1.448s][50477][17923][trace] GC(0) | 322|0x0000000742000000, 0x0000000742000000, 0x0000000743000000|  0%| F|  |TAMS 0x0000000742000000, 0x0000000742000000| Untracked 
[2023-10-08T14:59:38.699+0800][1.448s][50477][17923][trace] GC(0) | 323|0x0000000743000000, 0x0000000743000000, 0x0000000744000000|  0%| F|  |TAMS 0x0000000743000000, 0x0000000743000000| Untracked 
[2023-10-08T14:59:38.699+0800][1.448s][50477][17923][trace] GC(0) | 324|0x0000000744000000, 0x0000000744000000, 0x0000000745000000|  0%| F|  |TAMS 0x0000000744000000, 0x0000000744000000| Untracked 
[2023-10-08T14:59:38.699+0800][1.448s][50477][17923][trace] GC(0) | 325|0x0000000745000000, 0x0000000745000000, 0x0000000746000000|  0%| F|  |TAMS 0x0000000745000000, 0x0000000745000000| Untracked 
[2023-10-08T14:59:38.699+0800][1.448s][50477][17923][trace] GC(0) | 326|0x0000000746000000, 0x0000000746000000, 0x0000000747000000|  0%| F|  |TAMS 0x0000000746000000, 0x0000000746000000| Untracked 
[2023-10-08T14:59:38.699+0800][1.448s][50477][17923][trace] GC(0) | 327|0x0000000747000000, 0x0000000747000000, 0x0000000748000000|  0%| F|  |TAMS 0x0000000747000000, 0x0000000747000000| Untracked 
[2023-10-08T14:59:38.699+0800][1.448s][50477][17923][trace] GC(0) | 328|0x0000000748000000, 0x0000000748000000, 0x0000000749000000|  0%| F|  |TAMS 0x0000000748000000, 0x0000000748000000| Untracked 
[2023-10-08T14:59:38.699+0800][1.448s][50477][17923][trace] GC(0) | 329|0x0000000749000000, 0x0000000749000000, 0x000000074a000000|  0%| F|  |TAMS 0x0000000749000000, 0x0000000749000000| Untracked 
[2023-10-08T14:59:38.699+0800][1.448s][50477][17923][trace] GC(0) | 330|0x000000074a000000, 0x000000074a000000, 0x000000074b000000|  0%| F|  |TAMS 0x000000074a000000, 0x000000074a000000| Untracked 
[2023-10-08T14:59:38.699+0800][1.448s][50477][17923][trace] GC(0) | 331|0x000000074b000000, 0x000000074b000000, 0x000000074c000000|  0%| F|  |TAMS 0x000000074b000000, 0x000000074b000000| Untracked 
[2023-10-08T14:59:38.699+0800][1.449s][50477][17923][trace] GC(0) | 332|0x000000074c000000, 0x000000074c000000, 0x000000074d000000|  0%| F|  |TAMS 0x000000074c000000, 0x000000074c000000| Untracked 
[2023-10-08T14:59:38.699+0800][1.449s][50477][17923][trace] GC(0) | 333|0x000000074d000000, 0x000000074d000000, 0x000000074e000000|  0%| F|  |TAMS 0x000000074d000000, 0x000000074d000000| Untracked 
[2023-10-08T14:59:38.699+0800][1.449s][50477][17923][trace] GC(0) | 334|0x000000074e000000, 0x000000074e000000, 0x000000074f000000|  0%| F|  |TAMS 0x000000074e000000, 0x000000074e000000| Untracked 
[2023-10-08T14:59:38.699+0800][1.449s][50477][17923][trace] GC(0) | 335|0x000000074f000000, 0x000000074f000000, 0x0000000750000000|  0%| F|  |TAMS 0x000000074f000000, 0x000000074f000000| Untracked 
[2023-10-08T14:59:38.699+0800][1.449s][50477][17923][trace] GC(0) | 336|0x0000000750000000, 0x0000000750000000, 0x0000000751000000|  0%| F|  |TAMS 0x0000000750000000, 0x0000000750000000| Untracked 
[2023-10-08T14:59:38.699+0800][1.449s][50477][17923][trace] GC(0) | 337|0x0000000751000000, 0x0000000751000000, 0x0000000752000000|  0%| F|  |TAMS 0x0000000751000000, 0x0000000751000000| Untracked 
[2023-10-08T14:59:38.699+0800][1.449s][50477][17923][trace] GC(0) | 338|0x0000000752000000, 0x0000000752000000, 0x0000000753000000|  0%| F|  |TAMS 0x0000000752000000, 0x0000000752000000| Untracked 
[2023-10-08T14:59:38.699+0800][1.449s][50477][17923][trace] GC(0) | 339|0x0000000753000000, 0x0000000753000000, 0x0000000754000000|  0%| F|  |TAMS 0x0000000753000000, 0x0000000753000000| Untracked 
[2023-10-08T14:59:38.699+0800][1.449s][50477][17923][trace] GC(0) | 340|0x0000000754000000, 0x0000000754000000, 0x0000000755000000|  0%| F|  |TAMS 0x0000000754000000, 0x0000000754000000| Untracked 
[2023-10-08T14:59:38.699+0800][1.449s][50477][17923][trace] GC(0) | 341|0x0000000755000000, 0x0000000755000000, 0x0000000756000000|  0%| F|  |TAMS 0x0000000755000000, 0x0000000755000000| Untracked 
[2023-10-08T14:59:38.699+0800][1.449s][50477][17923][trace] GC(0) | 342|0x0000000756000000, 0x0000000756000000, 0x0000000757000000|  0%| F|  |TAMS 0x0000000756000000, 0x0000000756000000| Untracked 
[2023-10-08T14:59:38.699+0800][1.449s][50477][17923][trace] GC(0) | 343|0x0000000757000000, 0x0000000757000000, 0x0000000758000000|  0%| F|  |TAMS 0x0000000757000000, 0x0000000757000000| Untracked 
[2023-10-08T14:59:38.699+0800][1.449s][50477][17923][trace] GC(0) | 344|0x0000000758000000, 0x0000000758000000, 0x0000000759000000|  0%| F|  |TAMS 0x0000000758000000, 0x0000000758000000| Untracked 
[2023-10-08T14:59:38.699+0800][1.449s][50477][17923][trace] GC(0) | 345|0x0000000759000000, 0x0000000759000000, 0x000000075a000000|  0%| F|  |TAMS 0x0000000759000000, 0x0000000759000000| Untracked 
[2023-10-08T14:59:38.699+0800][1.449s][50477][17923][trace] GC(0) | 346|0x000000075a000000, 0x000000075a000000, 0x000000075b000000|  0%| F|  |TAMS 0x000000075a000000, 0x000000075a000000| Untracked 
[2023-10-08T14:59:38.699+0800][1.449s][50477][17923][trace] GC(0) | 347|0x000000075b000000, 0x000000075b000000, 0x000000075c000000|  0%| F|  |TAMS 0x000000075b000000, 0x000000075b000000| Untracked 
[2023-10-08T14:59:38.699+0800][1.449s][50477][17923][trace] GC(0) | 348|0x000000075c000000, 0x000000075c000000, 0x000000075d000000|  0%| F|  |TAMS 0x000000075c000000, 0x000000075c000000| Untracked 
[2023-10-08T14:59:38.699+0800][1.449s][50477][17923][trace] GC(0) | 349|0x000000075d000000, 0x000000075d000000, 0x000000075e000000|  0%| F|  |TAMS 0x000000075d000000, 0x000000075d000000| Untracked 
[2023-10-08T14:59:38.699+0800][1.449s][50477][17923][trace] GC(0) | 350|0x000000075e000000, 0x000000075e000000, 0x000000075f000000|  0%| F|  |TAMS 0x000000075e000000, 0x000000075e000000| Untracked 
[2023-10-08T14:59:38.699+0800][1.449s][50477][17923][trace] GC(0) | 351|0x000000075f000000, 0x000000075f000000, 0x0000000760000000|  0%| F|  |TAMS 0x000000075f000000, 0x000000075f000000| Untracked 
[2023-10-08T14:59:38.699+0800][1.449s][50477][17923][trace] GC(0) | 352|0x0000000760000000, 0x0000000760000000, 0x0000000761000000|  0%| F|  |TAMS 0x0000000760000000, 0x0000000760000000| Untracked 
[2023-10-08T14:59:38.699+0800][1.449s][50477][17923][trace] GC(0) | 353|0x0000000761000000, 0x0000000761000000, 0x0000000762000000|  0%| F|  |TAMS 0x0000000761000000, 0x0000000761000000| Untracked 
[2023-10-08T14:59:38.699+0800][1.449s][50477][17923][trace] GC(0) | 354|0x0000000762000000, 0x0000000762000000, 0x0000000763000000|  0%| F|  |TAMS 0x0000000762000000, 0x0000000762000000| Untracked 
[2023-10-08T14:59:38.699+0800][1.449s][50477][17923][trace] GC(0) | 355|0x0000000763000000, 0x0000000763000000, 0x0000000764000000|  0%| F|  |TAMS 0x0000000763000000, 0x0000000763000000| Untracked 
[2023-10-08T14:59:38.699+0800][1.449s][50477][17923][trace] GC(0) | 356|0x0000000764000000, 0x0000000764000000, 0x0000000765000000|  0%| F|  |TAMS 0x0000000764000000, 0x0000000764000000| Untracked 
[2023-10-08T14:59:38.699+0800][1.449s][50477][17923][trace] GC(0) | 357|0x0000000765000000, 0x0000000765000000, 0x0000000766000000|  0%| F|  |TAMS 0x0000000765000000, 0x0000000765000000| Untracked 
[2023-10-08T14:59:38.699+0800][1.449s][50477][17923][trace] GC(0) | 358|0x0000000766000000, 0x0000000766000000, 0x0000000767000000|  0%| F|  |TAMS 0x0000000766000000, 0x0000000766000000| Untracked 
[2023-10-08T14:59:38.699+0800][1.449s][50477][17923][trace] GC(0) | 359|0x0000000767000000, 0x0000000767000000, 0x0000000768000000|  0%| F|  |TAMS 0x0000000767000000, 0x0000000767000000| Untracked 
[2023-10-08T14:59:38.699+0800][1.449s][50477][17923][trace] GC(0) | 360|0x0000000768000000, 0x0000000768000000, 0x0000000769000000|  0%| F|  |TAMS 0x0000000768000000, 0x0000000768000000| Untracked 
[2023-10-08T14:59:38.699+0800][1.449s][50477][17923][trace] GC(0) | 361|0x0000000769000000, 0x0000000769000000, 0x000000076a000000|  0%| F|  |TAMS 0x0000000769000000, 0x0000000769000000| Untracked 
[2023-10-08T14:59:38.699+0800][1.449s][50477][17923][trace] GC(0) | 362|0x000000076a000000, 0x000000076a000000, 0x000000076b000000|  0%| F|  |TAMS 0x000000076a000000, 0x000000076a000000| Untracked 
[2023-10-08T14:59:38.699+0800][1.449s][50477][17923][trace] GC(0) | 363|0x000000076b000000, 0x000000076b000000, 0x000000076c000000|  0%| F|  |TAMS 0x000000076b000000, 0x000000076b000000| Untracked 
[2023-10-08T14:59:38.699+0800][1.449s][50477][17923][trace] GC(0) | 364|0x000000076c000000, 0x000000076c000000, 0x000000076d000000|  0%| F|  |TAMS 0x000000076c000000, 0x000000076c000000| Untracked 
[2023-10-08T14:59:38.699+0800][1.449s][50477][17923][trace] GC(0) | 365|0x000000076d000000, 0x000000076d000000, 0x000000076e000000|  0%| F|  |TAMS 0x000000076d000000, 0x000000076d000000| Untracked 
[2023-10-08T14:59:38.699+0800][1.449s][50477][17923][trace] GC(0) | 366|0x000000076e000000, 0x000000076e000000, 0x000000076f000000|  0%| F|  |TAMS 0x000000076e000000, 0x000000076e000000| Untracked 
[2023-10-08T14:59:38.699+0800][1.449s][50477][17923][trace] GC(0) | 367|0x000000076f000000, 0x000000076f000000, 0x0000000770000000|  0%| F|  |TAMS 0x000000076f000000, 0x000000076f000000| Untracked 
[2023-10-08T14:59:38.699+0800][1.449s][50477][17923][trace] GC(0) | 368|0x0000000770000000, 0x0000000770000000, 0x0000000771000000|  0%| F|  |TAMS 0x0000000770000000, 0x0000000770000000| Untracked 
[2023-10-08T14:59:38.699+0800][1.449s][50477][17923][trace] GC(0) | 369|0x0000000771000000, 0x0000000771000000, 0x0000000772000000|  0%| F|  |TAMS 0x0000000771000000, 0x0000000771000000| Untracked 
[2023-10-08T14:59:38.699+0800][1.449s][50477][17923][trace] GC(0) | 370|0x0000000772000000, 0x0000000772000000, 0x0000000773000000|  0%| F|  |TAMS 0x0000000772000000, 0x0000000772000000| Untracked 
[2023-10-08T14:59:38.699+0800][1.449s][50477][17923][trace] GC(0) | 371|0x0000000773000000, 0x0000000773000000, 0x0000000774000000|  0%| F|  |TAMS 0x0000000773000000, 0x0000000773000000| Untracked 
[2023-10-08T14:59:38.699+0800][1.449s][50477][17923][trace] GC(0) | 372|0x0000000774000000, 0x0000000774000000, 0x0000000775000000|  0%| F|  |TAMS 0x0000000774000000, 0x0000000774000000| Untracked 
[2023-10-08T14:59:38.699+0800][1.449s][50477][17923][trace] GC(0) | 373|0x0000000775000000, 0x0000000775000000, 0x0000000776000000|  0%| F|  |TAMS 0x0000000775000000, 0x0000000775000000| Untracked 
[2023-10-08T14:59:38.699+0800][1.449s][50477][17923][trace] GC(0) | 374|0x0000000776000000, 0x0000000776000000, 0x0000000777000000|  0%| F|  |TAMS 0x0000000776000000, 0x0000000776000000| Untracked 
[2023-10-08T14:59:38.699+0800][1.449s][50477][17923][trace] GC(0) | 375|0x0000000777000000, 0x0000000777000000, 0x0000000778000000|  0%| F|  |TAMS 0x0000000777000000, 0x0000000777000000| Untracked 
[2023-10-08T14:59:38.699+0800][1.449s][50477][17923][trace] GC(0) | 376|0x0000000778000000, 0x0000000778000000, 0x0000000779000000|  0%| F|  |TAMS 0x0000000778000000, 0x0000000778000000| Untracked 
[2023-10-08T14:59:38.699+0800][1.449s][50477][17923][trace] GC(0) | 377|0x0000000779000000, 0x0000000779000000, 0x000000077a000000|  0%| F|  |TAMS 0x0000000779000000, 0x0000000779000000| Untracked 
[2023-10-08T14:59:38.699+0800][1.449s][50477][17923][trace] GC(0) | 378|0x000000077a000000, 0x000000077a000000, 0x000000077b000000|  0%| F|  |TAMS 0x000000077a000000, 0x000000077a000000| Untracked 
[2023-10-08T14:59:38.699+0800][1.449s][50477][17923][trace] GC(0) | 379|0x000000077b000000, 0x000000077b000000, 0x000000077c000000|  0%| F|  |TAMS 0x000000077b000000, 0x000000077b000000| Untracked 
[2023-10-08T14:59:38.699+0800][1.449s][50477][17923][trace] GC(0) | 380|0x000000077c000000, 0x000000077c000000, 0x000000077d000000|  0%| F|  |TAMS 0x000000077c000000, 0x000000077c000000| Untracked 
[2023-10-08T14:59:38.700+0800][1.449s][50477][17923][trace] GC(0) | 381|0x000000077d000000, 0x000000077d000000, 0x000000077e000000|  0%| F|  |TAMS 0x000000077d000000, 0x000000077d000000| Untracked 
[2023-10-08T14:59:38.700+0800][1.449s][50477][17923][trace] GC(0) | 382|0x000000077e000000, 0x000000077e000000, 0x000000077f000000|  0%| F|  |TAMS 0x000000077e000000, 0x000000077e000000| Untracked 
[2023-10-08T14:59:38.700+0800][1.449s][50477][17923][trace] GC(0) | 383|0x000000077f000000, 0x000000077f000000, 0x0000000780000000|  0%| F|  |TAMS 0x000000077f000000, 0x000000077f000000| Untracked 
[2023-10-08T14:59:38.700+0800][1.449s][50477][17923][trace] GC(0) | 384|0x0000000780000000, 0x0000000780000000, 0x0000000781000000|  0%| F|  |TAMS 0x0000000780000000, 0x0000000780000000| Untracked 
[2023-10-08T14:59:38.700+0800][1.449s][50477][17923][trace] GC(0) | 385|0x0000000781000000, 0x0000000781000000, 0x0000000782000000|  0%| F|  |TAMS 0x0000000781000000, 0x0000000781000000| Untracked 
[2023-10-08T14:59:38.700+0800][1.449s][50477][17923][trace] GC(0) | 386|0x0000000782000000, 0x0000000782000000, 0x0000000783000000|  0%| F|  |TAMS 0x0000000782000000, 0x0000000782000000| Untracked 
[2023-10-08T14:59:38.700+0800][1.449s][50477][17923][trace] GC(0) | 387|0x0000000783000000, 0x0000000783000000, 0x0000000784000000|  0%| F|  |TAMS 0x0000000783000000, 0x0000000783000000| Untracked 
[2023-10-08T14:59:38.700+0800][1.449s][50477][17923][trace] GC(0) | 388|0x0000000784000000, 0x0000000784000000, 0x0000000785000000|  0%| F|  |TAMS 0x0000000784000000, 0x0000000784000000| Untracked 
[2023-10-08T14:59:38.700+0800][1.449s][50477][17923][trace] GC(0) | 389|0x0000000785000000, 0x0000000785000000, 0x0000000786000000|  0%| F|  |TAMS 0x0000000785000000, 0x0000000785000000| Untracked 
[2023-10-08T14:59:38.700+0800][1.449s][50477][17923][trace] GC(0) | 390|0x0000000786000000, 0x0000000786000000, 0x0000000787000000|  0%| F|  |TAMS 0x0000000786000000, 0x0000000786000000| Untracked 
[2023-10-08T14:59:38.700+0800][1.449s][50477][17923][trace] GC(0) | 391|0x0000000787000000, 0x0000000787000000, 0x0000000788000000|  0%| F|  |TAMS 0x0000000787000000, 0x0000000787000000| Untracked 
[2023-10-08T14:59:38.700+0800][1.449s][50477][17923][trace] GC(0) | 392|0x0000000788000000, 0x0000000788000000, 0x0000000789000000|  0%| F|  |TAMS 0x0000000788000000, 0x0000000788000000| Untracked 
[2023-10-08T14:59:38.700+0800][1.449s][50477][17923][trace] GC(0) | 393|0x0000000789000000, 0x0000000789000000, 0x000000078a000000|  0%| F|  |TAMS 0x0000000789000000, 0x0000000789000000| Untracked 
[2023-10-08T14:59:38.700+0800][1.449s][50477][17923][trace] GC(0) | 394|0x000000078a000000, 0x000000078a000000, 0x000000078b000000|  0%| F|  |TAMS 0x000000078a000000, 0x000000078a000000| Untracked 
[2023-10-08T14:59:38.700+0800][1.449s][50477][17923][trace] GC(0) | 395|0x000000078b000000, 0x000000078b000000, 0x000000078c000000|  0%| F|  |TAMS 0x000000078b000000, 0x000000078b000000| Untracked 
[2023-10-08T14:59:38.700+0800][1.449s][50477][17923][trace] GC(0) | 396|0x000000078c000000, 0x000000078c000000, 0x000000078d000000|  0%| F|  |TAMS 0x000000078c000000, 0x000000078c000000| Untracked 
[2023-10-08T14:59:38.700+0800][1.449s][50477][17923][trace] GC(0) | 397|0x000000078d000000, 0x000000078d000000, 0x000000078e000000|  0%| F|  |TAMS 0x000000078d000000, 0x000000078d000000| Untracked 
[2023-10-08T14:59:38.700+0800][1.449s][50477][17923][trace] GC(0) | 398|0x000000078e000000, 0x000000078e000000, 0x000000078f000000|  0%| F|  |TAMS 0x000000078e000000, 0x000000078e000000| Untracked 
[2023-10-08T14:59:38.700+0800][1.449s][50477][17923][trace] GC(0) | 399|0x000000078f000000, 0x000000078f000000, 0x0000000790000000|  0%| F|  |TAMS 0x000000078f000000, 0x000000078f000000| Untracked 
[2023-10-08T14:59:38.700+0800][1.449s][50477][17923][trace] GC(0) | 400|0x0000000790000000, 0x0000000790000000, 0x0000000791000000|  0%| F|  |TAMS 0x0000000790000000, 0x0000000790000000| Untracked 
[2023-10-08T14:59:38.700+0800][1.449s][50477][17923][trace] GC(0) | 401|0x0000000791000000, 0x0000000791000000, 0x0000000792000000|  0%| F|  |TAMS 0x0000000791000000, 0x0000000791000000| Untracked 
[2023-10-08T14:59:38.700+0800][1.449s][50477][17923][trace] GC(0) | 402|0x0000000792000000, 0x0000000792000000, 0x0000000793000000|  0%| F|  |TAMS 0x0000000792000000, 0x0000000792000000| Untracked 
[2023-10-08T14:59:38.700+0800][1.449s][50477][17923][trace] GC(0) | 403|0x0000000793000000, 0x0000000793000000, 0x0000000794000000|  0%| F|  |TAMS 0x0000000793000000, 0x0000000793000000| Untracked 
[2023-10-08T14:59:38.700+0800][1.449s][50477][17923][trace] GC(0) | 404|0x0000000794000000, 0x0000000794000000, 0x0000000795000000|  0%| F|  |TAMS 0x0000000794000000, 0x0000000794000000| Untracked 
[2023-10-08T14:59:38.700+0800][1.449s][50477][17923][trace] GC(0) | 405|0x0000000795000000, 0x0000000795000000, 0x0000000796000000|  0%| F|  |TAMS 0x0000000795000000, 0x0000000795000000| Untracked 
[2023-10-08T14:59:38.700+0800][1.449s][50477][17923][trace] GC(0) | 406|0x0000000796000000, 0x0000000796000000, 0x0000000797000000|  0%| F|  |TAMS 0x0000000796000000, 0x0000000796000000| Untracked 
[2023-10-08T14:59:38.700+0800][1.449s][50477][17923][trace] GC(0) | 407|0x0000000797000000, 0x0000000797000000, 0x0000000798000000|  0%| F|  |TAMS 0x0000000797000000, 0x0000000797000000| Untracked 
[2023-10-08T14:59:38.700+0800][1.449s][50477][17923][trace] GC(0) | 408|0x0000000798000000, 0x0000000798000000, 0x0000000799000000|  0%| F|  |TAMS 0x0000000798000000, 0x0000000798000000| Untracked 
[2023-10-08T14:59:38.700+0800][1.449s][50477][17923][trace] GC(0) | 409|0x0000000799000000, 0x0000000799000000, 0x000000079a000000|  0%| F|  |TAMS 0x0000000799000000, 0x0000000799000000| Untracked 
[2023-10-08T14:59:38.700+0800][1.449s][50477][17923][trace] GC(0) | 410|0x000000079a000000, 0x000000079a000000, 0x000000079b000000|  0%| F|  |TAMS 0x000000079a000000, 0x000000079a000000| Untracked 
[2023-10-08T14:59:38.700+0800][1.449s][50477][17923][trace] GC(0) | 411|0x000000079b000000, 0x000000079b000000, 0x000000079c000000|  0%| F|  |TAMS 0x000000079b000000, 0x000000079b000000| Untracked 
[2023-10-08T14:59:38.700+0800][1.449s][50477][17923][trace] GC(0) | 412|0x000000079c000000, 0x000000079c000000, 0x000000079d000000|  0%| F|  |TAMS 0x000000079c000000, 0x000000079c000000| Untracked 
[2023-10-08T14:59:38.700+0800][1.449s][50477][17923][trace] GC(0) | 413|0x000000079d000000, 0x000000079d000000, 0x000000079e000000|  0%| F|  |TAMS 0x000000079d000000, 0x000000079d000000| Untracked 
[2023-10-08T14:59:38.700+0800][1.449s][50477][17923][trace] GC(0) | 414|0x000000079e000000, 0x000000079e000000, 0x000000079f000000|  0%| F|  |TAMS 0x000000079e000000, 0x000000079e000000| Untracked 
[2023-10-08T14:59:38.700+0800][1.449s][50477][17923][trace] GC(0) | 415|0x000000079f000000, 0x000000079f000000, 0x00000007a0000000|  0%| F|  |TAMS 0x000000079f000000, 0x000000079f000000| Untracked 
[2023-10-08T14:59:38.700+0800][1.449s][50477][17923][trace] GC(0) | 416|0x00000007a0000000, 0x00000007a0000000, 0x00000007a1000000|  0%| F|  |TAMS 0x00000007a0000000, 0x00000007a0000000| Untracked 
[2023-10-08T14:59:38.700+0800][1.449s][50477][17923][trace] GC(0) | 417|0x00000007a1000000, 0x00000007a1000000, 0x00000007a2000000|  0%| F|  |TAMS 0x00000007a1000000, 0x00000007a1000000| Untracked 
[2023-10-08T14:59:38.700+0800][1.449s][50477][17923][trace] GC(0) | 418|0x00000007a2000000, 0x00000007a2000000, 0x00000007a3000000|  0%| F|  |TAMS 0x00000007a2000000, 0x00000007a2000000| Untracked 
[2023-10-08T14:59:38.700+0800][1.449s][50477][17923][trace] GC(0) | 419|0x00000007a3000000, 0x00000007a3000000, 0x00000007a4000000|  0%| F|  |TAMS 0x00000007a3000000, 0x00000007a3000000| Untracked 
[2023-10-08T14:59:38.700+0800][1.449s][50477][17923][trace] GC(0) | 420|0x00000007a4000000, 0x00000007a4000000, 0x00000007a5000000|  0%| F|  |TAMS 0x00000007a4000000, 0x00000007a4000000| Untracked 
[2023-10-08T14:59:38.700+0800][1.449s][50477][17923][trace] GC(0) | 421|0x00000007a5000000, 0x00000007a5000000, 0x00000007a6000000|  0%| F|  |TAMS 0x00000007a5000000, 0x00000007a5000000| Untracked 
[2023-10-08T14:59:38.700+0800][1.449s][50477][17923][trace] GC(0) | 422|0x00000007a6000000, 0x00000007a6000000, 0x00000007a7000000|  0%| F|  |TAMS 0x00000007a6000000, 0x00000007a6000000| Untracked 
[2023-10-08T14:59:38.700+0800][1.449s][50477][17923][trace] GC(0) | 423|0x00000007a7000000, 0x00000007a7000000, 0x00000007a8000000|  0%| F|  |TAMS 0x00000007a7000000, 0x00000007a7000000| Untracked 
[2023-10-08T14:59:38.700+0800][1.449s][50477][17923][trace] GC(0) | 424|0x00000007a8000000, 0x00000007a8000000, 0x00000007a9000000|  0%| F|  |TAMS 0x00000007a8000000, 0x00000007a8000000| Untracked 
[2023-10-08T14:59:38.700+0800][1.449s][50477][17923][trace] GC(0) | 425|0x00000007a9000000, 0x00000007a9000000, 0x00000007aa000000|  0%| F|  |TAMS 0x00000007a9000000, 0x00000007a9000000| Untracked 
[2023-10-08T14:59:38.700+0800][1.449s][50477][17923][trace] GC(0) | 426|0x00000007aa000000, 0x00000007aa000000, 0x00000007ab000000|  0%| F|  |TAMS 0x00000007aa000000, 0x00000007aa000000| Untracked 
[2023-10-08T14:59:38.700+0800][1.449s][50477][17923][trace] GC(0) | 427|0x00000007ab000000, 0x00000007ab000000, 0x00000007ac000000|  0%| F|  |TAMS 0x00000007ab000000, 0x00000007ab000000| Untracked 
[2023-10-08T14:59:38.700+0800][1.449s][50477][17923][trace] GC(0) | 428|0x00000007ac000000, 0x00000007ac000000, 0x00000007ad000000|  0%| F|  |TAMS 0x00000007ac000000, 0x00000007ac000000| Untracked 
[2023-10-08T14:59:38.700+0800][1.449s][50477][17923][trace] GC(0) | 429|0x00000007ad000000, 0x00000007ad000000, 0x00000007ae000000|  0%| F|  |TAMS 0x00000007ad000000, 0x00000007ad000000| Untracked 
[2023-10-08T14:59:38.700+0800][1.449s][50477][17923][trace] GC(0) | 430|0x00000007ae000000, 0x00000007ae000000, 0x00000007af000000|  0%| F|  |TAMS 0x00000007ae000000, 0x00000007ae000000| Untracked 
[2023-10-08T14:59:38.700+0800][1.449s][50477][17923][trace] GC(0) | 431|0x00000007af000000, 0x00000007af000000, 0x00000007b0000000|  0%| F|  |TAMS 0x00000007af000000, 0x00000007af000000| Untracked 
[2023-10-08T14:59:38.700+0800][1.449s][50477][17923][trace] GC(0) | 432|0x00000007b0000000, 0x00000007b0000000, 0x00000007b1000000|  0%| F|  |TAMS 0x00000007b0000000, 0x00000007b0000000| Untracked 
[2023-10-08T14:59:38.700+0800][1.449s][50477][17923][trace] GC(0) | 433|0x00000007b1000000, 0x00000007b1000000, 0x00000007b2000000|  0%| F|  |TAMS 0x00000007b1000000, 0x00000007b1000000| Untracked 
[2023-10-08T14:59:38.700+0800][1.449s][50477][17923][trace] GC(0) | 434|0x00000007b2000000, 0x00000007b2000000, 0x00000007b3000000|  0%| F|  |TAMS 0x00000007b2000000, 0x00000007b2000000| Untracked 
[2023-10-08T14:59:38.700+0800][1.449s][50477][17923][trace] GC(0) | 435|0x00000007b3000000, 0x00000007b3000000, 0x00000007b4000000|  0%| F|  |TAMS 0x00000007b3000000, 0x00000007b3000000| Untracked 
[2023-10-08T14:59:38.700+0800][1.449s][50477][17923][trace] GC(0) | 436|0x00000007b4000000, 0x00000007b4000000, 0x00000007b5000000|  0%| F|  |TAMS 0x00000007b4000000, 0x00000007b4000000| Untracked 
[2023-10-08T14:59:38.700+0800][1.449s][50477][17923][trace] GC(0) | 437|0x00000007b5000000, 0x00000007b5000000, 0x00000007b6000000|  0%| F|  |TAMS 0x00000007b5000000, 0x00000007b5000000| Untracked 
[2023-10-08T14:59:38.700+0800][1.449s][50477][17923][trace] GC(0) | 438|0x00000007b6000000, 0x00000007b6000000, 0x00000007b7000000|  0%| F|  |TAMS 0x00000007b6000000, 0x00000007b6000000| Untracked 
[2023-10-08T14:59:38.700+0800][1.449s][50477][17923][trace] GC(0) | 439|0x00000007b7000000, 0x00000007b7000000, 0x00000007b8000000|  0%| F|  |TAMS 0x00000007b7000000, 0x00000007b7000000| Untracked 
[2023-10-08T14:59:38.700+0800][1.449s][50477][17923][trace] GC(0) | 440|0x00000007b8000000, 0x00000007b8000000, 0x00000007b9000000|  0%| F|  |TAMS 0x00000007b8000000, 0x00000007b8000000| Untracked 
[2023-10-08T14:59:38.700+0800][1.449s][50477][17923][trace] GC(0) | 441|0x00000007b9000000, 0x00000007b9000000, 0x00000007ba000000|  0%| F|  |TAMS 0x00000007b9000000, 0x00000007b9000000| Untracked 
[2023-10-08T14:59:38.700+0800][1.449s][50477][17923][trace] GC(0) | 442|0x00000007ba000000, 0x00000007ba000000, 0x00000007bb000000|  0%| F|  |TAMS 0x00000007ba000000, 0x00000007ba000000| Untracked 
[2023-10-08T14:59:38.700+0800][1.449s][50477][17923][trace] GC(0) | 443|0x00000007bb000000, 0x00000007bb000000, 0x00000007bc000000|  0%| F|  |TAMS 0x00000007bb000000, 0x00000007bb000000| Untracked 
[2023-10-08T14:59:38.700+0800][1.449s][50477][17923][trace] GC(0) | 444|0x00000007bc000000, 0x00000007bc000000, 0x00000007bd000000|  0%| F|  |TAMS 0x00000007bc000000, 0x00000007bc000000| Untracked 
[2023-10-08T14:59:38.700+0800][1.449s][50477][17923][trace] GC(0) | 445|0x00000007bd000000, 0x00000007bd000000, 0x00000007be000000|  0%| F|  |TAMS 0x00000007bd000000, 0x00000007bd000000| Untracked 
[2023-10-08T14:59:38.700+0800][1.449s][50477][17923][trace] GC(0) | 446|0x00000007be000000, 0x00000007be000000, 0x00000007bf000000|  0%| F|  |TAMS 0x00000007be000000, 0x00000007be000000| Untracked 
[2023-10-08T14:59:38.700+0800][1.449s][50477][17923][trace] GC(0) | 447|0x00000007bf000000, 0x00000007bf000000, 0x00000007c0000000|  0%| F|  |TAMS 0x00000007bf000000, 0x00000007bf000000| Untracked 
[2023-10-08T14:59:38.700+0800][1.449s][50477][17923][trace] GC(0) | 448|0x00000007c0000000, 0x00000007c0000000, 0x00000007c1000000|  0%| F|  |TAMS 0x00000007c0000000, 0x00000007c0000000| Untracked 
[2023-10-08T14:59:38.700+0800][1.449s][50477][17923][trace] GC(0) | 449|0x00000007c1000000, 0x00000007c1000000, 0x00000007c2000000|  0%| F|  |TAMS 0x00000007c1000000, 0x00000007c1000000| Untracked 
[2023-10-08T14:59:38.700+0800][1.449s][50477][17923][trace] GC(0) | 450|0x00000007c2000000, 0x00000007c2000000, 0x00000007c3000000|  0%| F|  |TAMS 0x00000007c2000000, 0x00000007c2000000| Untracked 
[2023-10-08T14:59:38.700+0800][1.449s][50477][17923][trace] GC(0) | 451|0x00000007c3000000, 0x00000007c3000000, 0x00000007c4000000|  0%| F|  |TAMS 0x00000007c3000000, 0x00000007c3000000| Untracked 
[2023-10-08T14:59:38.700+0800][1.449s][50477][17923][trace] GC(0) | 452|0x00000007c4000000, 0x00000007c4000000, 0x00000007c5000000|  0%| F|  |TAMS 0x00000007c4000000, 0x00000007c4000000| Untracked 
[2023-10-08T14:59:38.700+0800][1.449s][50477][17923][trace] GC(0) | 453|0x00000007c5000000, 0x00000007c5000000, 0x00000007c6000000|  0%| F|  |TAMS 0x00000007c5000000, 0x00000007c5000000| Untracked 
[2023-10-08T14:59:38.700+0800][1.449s][50477][17923][trace] GC(0) | 454|0x00000007c6000000, 0x00000007c6000000, 0x00000007c7000000|  0%| F|  |TAMS 0x00000007c6000000, 0x00000007c6000000| Untracked 
[2023-10-08T14:59:38.700+0800][1.449s][50477][17923][trace] GC(0) | 455|0x00000007c7000000, 0x00000007c7000000, 0x00000007c8000000|  0%| F|  |TAMS 0x00000007c7000000, 0x00000007c7000000| Untracked 
[2023-10-08T14:59:38.700+0800][1.449s][50477][17923][trace] GC(0) | 456|0x00000007c8000000, 0x00000007c8000000, 0x00000007c9000000|  0%| F|  |TAMS 0x00000007c8000000, 0x00000007c8000000| Untracked 
[2023-10-08T14:59:38.700+0800][1.450s][50477][17923][trace] GC(0) | 457|0x00000007c9000000, 0x00000007c9000000, 0x00000007ca000000|  0%| F|  |TAMS 0x00000007c9000000, 0x00000007c9000000| Untracked 
[2023-10-08T14:59:38.700+0800][1.450s][50477][17923][trace] GC(0) | 458|0x00000007ca000000, 0x00000007ca000000, 0x00000007cb000000|  0%| F|  |TAMS 0x00000007ca000000, 0x00000007ca000000| Untracked 
[2023-10-08T14:59:38.700+0800][1.450s][50477][17923][trace] GC(0) | 459|0x00000007cb000000, 0x00000007cb000000, 0x00000007cc000000|  0%| F|  |TAMS 0x00000007cb000000, 0x00000007cb000000| Untracked 
[2023-10-08T14:59:38.700+0800][1.450s][50477][17923][trace] GC(0) | 460|0x00000007cc000000, 0x00000007cc000000, 0x00000007cd000000|  0%| F|  |TAMS 0x00000007cc000000, 0x00000007cc000000| Untracked 
[2023-10-08T14:59:38.700+0800][1.450s][50477][17923][trace] GC(0) | 461|0x00000007cd000000, 0x00000007cd000000, 0x00000007ce000000|  0%| F|  |TAMS 0x00000007cd000000, 0x00000007cd000000| Untracked 
[2023-10-08T14:59:38.700+0800][1.450s][50477][17923][trace] GC(0) | 462|0x00000007ce000000, 0x00000007ce000000, 0x00000007cf000000|  0%| F|  |TAMS 0x00000007ce000000, 0x00000007ce000000| Untracked 
[2023-10-08T14:59:38.700+0800][1.450s][50477][17923][trace] GC(0) | 463|0x00000007cf000000, 0x00000007cf000000, 0x00000007d0000000|  0%| F|  |TAMS 0x00000007cf000000, 0x00000007cf000000| Untracked 
[2023-10-08T14:59:38.700+0800][1.450s][50477][17923][trace] GC(0) | 464|0x00000007d0000000, 0x00000007d0000000, 0x00000007d1000000|  0%| F|  |TAMS 0x00000007d0000000, 0x00000007d0000000| Untracked 
[2023-10-08T14:59:38.700+0800][1.450s][50477][17923][trace] GC(0) | 465|0x00000007d1000000, 0x00000007d1000000, 0x00000007d2000000|  0%| F|  |TAMS 0x00000007d1000000, 0x00000007d1000000| Untracked 
[2023-10-08T14:59:38.700+0800][1.450s][50477][17923][trace] GC(0) | 466|0x00000007d2000000, 0x00000007d2000000, 0x00000007d3000000|  0%| F|  |TAMS 0x00000007d2000000, 0x00000007d2000000| Untracked 
[2023-10-08T14:59:38.700+0800][1.450s][50477][17923][trace] GC(0) | 467|0x00000007d3000000, 0x00000007d3000000, 0x00000007d4000000|  0%| F|  |TAMS 0x00000007d3000000, 0x00000007d3000000| Untracked 
[2023-10-08T14:59:38.700+0800][1.450s][50477][17923][trace] GC(0) | 468|0x00000007d4000000, 0x00000007d4000000, 0x00000007d5000000|  0%| F|  |TAMS 0x00000007d4000000, 0x00000007d4000000| Untracked 
[2023-10-08T14:59:38.700+0800][1.450s][50477][17923][trace] GC(0) | 469|0x00000007d5000000, 0x00000007d5000000, 0x00000007d6000000|  0%| F|  |TAMS 0x00000007d5000000, 0x00000007d5000000| Untracked 
[2023-10-08T14:59:38.700+0800][1.450s][50477][17923][trace] GC(0) | 470|0x00000007d6000000, 0x00000007d6000000, 0x00000007d7000000|  0%| F|  |TAMS 0x00000007d6000000, 0x00000007d6000000| Untracked 
[2023-10-08T14:59:38.700+0800][1.450s][50477][17923][trace] GC(0) | 471|0x00000007d7000000, 0x00000007d7000000, 0x00000007d8000000|  0%| F|  |TAMS 0x00000007d7000000, 0x00000007d7000000| Untracked 
[2023-10-08T14:59:38.700+0800][1.450s][50477][17923][trace] GC(0) | 472|0x00000007d8000000, 0x00000007d8000000, 0x00000007d9000000|  0%| F|  |TAMS 0x00000007d8000000, 0x00000007d8000000| Untracked 
[2023-10-08T14:59:38.700+0800][1.450s][50477][17923][trace] GC(0) | 473|0x00000007d9000000, 0x00000007d9000000, 0x00000007da000000|  0%| F|  |TAMS 0x00000007d9000000, 0x00000007d9000000| Untracked 
[2023-10-08T14:59:38.700+0800][1.450s][50477][17923][trace] GC(0) | 474|0x00000007da000000, 0x00000007da000000, 0x00000007db000000|  0%| F|  |TAMS 0x00000007da000000, 0x00000007da000000| Untracked 
[2023-10-08T14:59:38.700+0800][1.450s][50477][17923][trace] GC(0) | 475|0x00000007db000000, 0x00000007db000000, 0x00000007dc000000|  0%| F|  |TAMS 0x00000007db000000, 0x00000007db000000| Untracked 
[2023-10-08T14:59:38.700+0800][1.450s][50477][17923][trace] GC(0) | 476|0x00000007dc000000, 0x00000007dc000000, 0x00000007dd000000|  0%| F|  |TAMS 0x00000007dc000000, 0x00000007dc000000| Untracked 
[2023-10-08T14:59:38.700+0800][1.450s][50477][17923][trace] GC(0) | 477|0x00000007dd000000, 0x00000007dd000000, 0x00000007de000000|  0%| F|  |TAMS 0x00000007dd000000, 0x00000007dd000000| Untracked 
[2023-10-08T14:59:38.700+0800][1.450s][50477][17923][trace] GC(0) | 478|0x00000007de000000, 0x00000007de000000, 0x00000007df000000|  0%| F|  |TAMS 0x00000007de000000, 0x00000007de000000| Untracked 
[2023-10-08T14:59:38.700+0800][1.450s][50477][17923][trace] GC(0) | 479|0x00000007df000000, 0x00000007df000000, 0x00000007e0000000|  0%| F|  |TAMS 0x00000007df000000, 0x00000007df000000| Untracked 
[2023-10-08T14:59:38.700+0800][1.450s][50477][17923][trace] GC(0) | 480|0x00000007e0000000, 0x00000007e0000000, 0x00000007e1000000|  0%| F|  |TAMS 0x00000007e0000000, 0x00000007e0000000| Untracked 
[2023-10-08T14:59:38.700+0800][1.450s][50477][17923][trace] GC(0) | 481|0x00000007e1000000, 0x00000007e1000000, 0x00000007e2000000|  0%| F|  |TAMS 0x00000007e1000000, 0x00000007e1000000| Untracked 
[2023-10-08T14:59:38.700+0800][1.450s][50477][17923][trace] GC(0) | 482|0x00000007e2000000, 0x00000007e2000000, 0x00000007e3000000|  0%| F|  |TAMS 0x00000007e2000000, 0x00000007e2000000| Untracked 
[2023-10-08T14:59:38.700+0800][1.450s][50477][17923][trace] GC(0) | 483|0x00000007e3000000, 0x00000007e3000000, 0x00000007e4000000|  0%| F|  |TAMS 0x00000007e3000000, 0x00000007e3000000| Untracked 
[2023-10-08T14:59:38.700+0800][1.450s][50477][17923][trace] GC(0) | 484|0x00000007e4000000, 0x00000007e4000000, 0x00000007e5000000|  0%| F|  |TAMS 0x00000007e4000000, 0x00000007e4000000| Untracked 
[2023-10-08T14:59:38.700+0800][1.450s][50477][17923][trace] GC(0) | 485|0x00000007e5000000, 0x00000007e5000000, 0x00000007e6000000|  0%| F|  |TAMS 0x00000007e5000000, 0x00000007e5000000| Untracked 
[2023-10-08T14:59:38.700+0800][1.450s][50477][17923][trace] GC(0) | 486|0x00000007e6000000, 0x00000007e6000000, 0x00000007e7000000|  0%| F|  |TAMS 0x00000007e6000000, 0x00000007e6000000| Untracked 
[2023-10-08T14:59:38.700+0800][1.450s][50477][17923][trace] GC(0) | 487|0x00000007e7000000, 0x00000007e7000000, 0x00000007e8000000|  0%| F|  |TAMS 0x00000007e7000000, 0x00000007e7000000| Untracked 
[2023-10-08T14:59:38.700+0800][1.450s][50477][17923][trace] GC(0) | 488|0x00000007e8000000, 0x00000007e8000000, 0x00000007e9000000|  0%| F|  |TAMS 0x00000007e8000000, 0x00000007e8000000| Untracked 
[2023-10-08T14:59:38.700+0800][1.450s][50477][17923][trace] GC(0) | 489|0x00000007e9000000, 0x00000007e9000000, 0x00000007ea000000|  0%| F|  |TAMS 0x00000007e9000000, 0x00000007e9000000| Untracked 
[2023-10-08T14:59:38.700+0800][1.450s][50477][17923][trace] GC(0) | 490|0x00000007ea000000, 0x00000007ea000000, 0x00000007eb000000|  0%| F|  |TAMS 0x00000007ea000000, 0x00000007ea000000| Untracked 
[2023-10-08T14:59:38.700+0800][1.450s][50477][17923][trace] GC(0) | 491|0x00000007eb000000, 0x00000007eb000000, 0x00000007ec000000|  0%| F|  |TAMS 0x00000007eb000000, 0x00000007eb000000| Untracked 
[2023-10-08T14:59:38.700+0800][1.450s][50477][17923][trace] GC(0) | 492|0x00000007ec000000, 0x00000007ec000000, 0x00000007ed000000|  0%| F|  |TAMS 0x00000007ec000000, 0x00000007ec000000| Untracked 
[2023-10-08T14:59:38.700+0800][1.450s][50477][17923][trace] GC(0) | 493|0x00000007ed000000, 0x00000007ed000000, 0x00000007ee000000|  0%| F|  |TAMS 0x00000007ed000000, 0x00000007ed000000| Untracked 
[2023-10-08T14:59:38.700+0800][1.450s][50477][17923][trace] GC(0) | 494|0x00000007ee000000, 0x00000007ee000000, 0x00000007ef000000|  0%| F|  |TAMS 0x00000007ee000000, 0x00000007ee000000| Untracked 
[2023-10-08T14:59:38.700+0800][1.450s][50477][17923][trace] GC(0) | 495|0x00000007ef000000, 0x00000007ef000000, 0x00000007f0000000|  0%| F|  |TAMS 0x00000007ef000000, 0x00000007ef000000| Untracked 
[2023-10-08T14:59:38.700+0800][1.450s][50477][17923][trace] GC(0) | 496|0x00000007f0000000, 0x00000007f0000000, 0x00000007f1000000|  0%| F|  |TAMS 0x00000007f0000000, 0x00000007f0000000| Untracked 
[2023-10-08T14:59:38.700+0800][1.450s][50477][17923][trace] GC(0) | 497|0x00000007f1000000, 0x00000007f1000000, 0x00000007f2000000|  0%| F|  |TAMS 0x00000007f1000000, 0x00000007f1000000| Untracked 
[2023-10-08T14:59:38.700+0800][1.450s][50477][17923][trace] GC(0) | 498|0x00000007f2000000, 0x00000007f2000000, 0x00000007f3000000|  0%| F|  |TAMS 0x00000007f2000000, 0x00000007f2000000| Untracked 
[2023-10-08T14:59:38.700+0800][1.450s][50477][17923][trace] GC(0) | 499|0x00000007f3000000, 0x00000007f3000000, 0x00000007f4000000|  0%| F|  |TAMS 0x00000007f3000000, 0x00000007f3000000| Untracked 
[2023-10-08T14:59:38.700+0800][1.450s][50477][17923][trace] GC(0) | 500|0x00000007f4000000, 0x00000007f4000000, 0x00000007f5000000|  0%| F|  |TAMS 0x00000007f4000000, 0x00000007f4000000| Untracked 
[2023-10-08T14:59:38.700+0800][1.450s][50477][17923][trace] GC(0) | 501|0x00000007f5000000, 0x00000007f5000000, 0x00000007f6000000|  0%| F|  |TAMS 0x00000007f5000000, 0x00000007f5000000| Untracked 
[2023-10-08T14:59:38.700+0800][1.450s][50477][17923][trace] GC(0) | 502|0x00000007f6000000, 0x00000007f6000000, 0x00000007f7000000|  0%| F|  |TAMS 0x00000007f6000000, 0x00000007f6000000| Untracked 
[2023-10-08T14:59:38.700+0800][1.450s][50477][17923][trace] GC(0) | 503|0x00000007f7000000, 0x00000007f7000000, 0x00000007f8000000|  0%| F|  |TAMS 0x00000007f7000000, 0x00000007f7000000| Untracked 
[2023-10-08T14:59:38.700+0800][1.450s][50477][17923][trace] GC(0) | 504|0x00000007f8000000, 0x00000007f8000000, 0x00000007f9000000|  0%| F|  |TAMS 0x00000007f8000000, 0x00000007f8000000| Untracked 
[2023-10-08T14:59:38.701+0800][1.450s][50477][17923][trace] GC(0) | 505|0x00000007f9000000, 0x00000007f9000000, 0x00000007fa000000|  0%| F|  |TAMS 0x00000007f9000000, 0x00000007f9000000| Untracked 
[2023-10-08T14:59:38.701+0800][1.450s][50477][17923][trace] GC(0) | 506|0x00000007fa000000, 0x00000007fb000000, 0x00000007fb000000|100%| E|  |TAMS 0x00000007fa000000, 0x00000007fa000000| Complete 
[2023-10-08T14:59:38.701+0800][1.450s][50477][17923][trace] GC(0) | 507|0x00000007fb000000, 0x00000007fc000000, 0x00000007fc000000|100%| E|CS|TAMS 0x00000007fb000000, 0x00000007fb000000| Complete 
[2023-10-08T14:59:38.701+0800][1.450s][50477][17923][trace] GC(0) | 508|0x00000007fc000000, 0x00000007fd000000, 0x00000007fd000000|100%| E|CS|TAMS 0x00000007fc000000, 0x00000007fc000000| Complete 
[2023-10-08T14:59:38.701+0800][1.450s][50477][17923][trace] GC(0) | 509|0x00000007fd000000, 0x00000007fe000000, 0x00000007fe000000|100%| E|CS|TAMS 0x00000007fd000000, 0x00000007fd000000| Complete 
[2023-10-08T14:59:38.701+0800][1.450s][50477][17923][trace] GC(0) | 510|0x00000007fe000000, 0x00000007ff000000, 0x00000007ff000000|100%| E|CS|TAMS 0x00000007fe000000, 0x00000007fe000000| Complete 
[2023-10-08T14:59:38.701+0800][1.450s][50477][17923][trace] GC(0) | 511|0x00000007ff000000, 0x0000000800000000, 0x0000000800000000|100%| E|CS|TAMS 0x00000007ff000000, 0x00000007ff000000| Complete 
[2023-10-08T14:59:38.701+0800][1.450s][50477][17923][debug] GC(0) Desired survivor size 33554432 bytes, new threshold 1 (max threshold 1)
[2023-10-08T14:59:38.705+0800][1.454s][50477][17923][info ] GC(0) Eden regions: 6->0(24)
[2023-10-08T14:59:38.705+0800][1.454s][50477][17923][trace] GC(0)  Used: 0K, Waste: 0K
[2023-10-08T14:59:38.705+0800][1.454s][50477][17923][info ] GC(0) Survivor regions: 0->1(4)
[2023-10-08T14:59:38.705+0800][1.454s][50477][17923][trace] GC(0)  Used: 7356K, Waste: 9027K
[2023-10-08T14:59:38.705+0800][1.454s][50477][17923][info ] GC(0) Old regions: 0->0
[2023-10-08T14:59:38.705+0800][1.454s][50477][17923][trace] GC(0)  Used: 0K, Waste: 0K
[2023-10-08T14:59:38.705+0800][1.454s][50477][17923][info ] GC(0) Humongous regions: 0->0
[2023-10-08T14:59:38.705+0800][1.454s][50477][17923][trace] GC(0)  Used: 0K, Waste: 0K
[2023-10-08T14:59:38.705+0800][1.454s][50477][17923][debug] GC(0) Heap after GC invocations=1 (full 0): garbage-first heap   total 8388608K, used 7356K [0x0000000600000000, 0x0000000800000000)
[2023-10-08T14:59:38.705+0800][1.454s][50477][17923][debug] GC(0)   region size 16384K, 1 young (16384K), 1 survivors (16384K)
[2023-10-08T14:59:38.705+0800][1.454s][50477][17923][debug] GC(0)  Metaspace       used 20728K, capacity 21136K, committed 21296K, reserved 1069056K
[2023-10-08T14:59:38.705+0800][1.454s][50477][17923][debug] GC(0)   class space    used 2197K, capacity 2368K, committed 2432K, reserved 1048576K
[2023-10-08T14:59:38.705+0800][1.454s][50477][17923][trace] GC(0) Heap Regions: E=young(eden), S=young(survivor), O=old, HS=humongous(starts), HC=humongous(continues), CS=collection set, F=free, A=archive, TAMS=top-at-mark-start (previous, next)
[2023-10-08T14:59:38.705+0800][1.454s][50477][17923][trace] GC(0) |   0|0x0000000600000000, 0x0000000600000000, 0x0000000601000000|  0%| F|  |TAMS 0x0000000600000000, 0x0000000600000000| Untracked 
[2023-10-08T14:59:38.705+0800][1.454s][50477][17923][trace] GC(0) |   1|0x0000000601000000, 0x0000000601000000, 0x0000000602000000|  0%| F|  |TAMS 0x0000000601000000, 0x0000000601000000| Untracked 
[2023-10-08T14:59:38.705+0800][1.454s][50477][17923][trace] GC(0) |   2|0x0000000602000000, 0x0000000602000000, 0x0000000603000000|  0%| F|  |TAMS 0x0000000602000000, 0x0000000602000000| Untracked 
[2023-10-08T14:59:38.705+0800][1.454s][50477][17923][trace] GC(0) |   3|0x0000000603000000, 0x0000000603000000, 0x0000000604000000|  0%| F|  |TAMS 0x0000000603000000, 0x0000000603000000| Untracked 
[2023-10-08T14:59:38.705+0800][1.454s][50477][17923][trace] GC(0) |   4|0x0000000604000000, 0x0000000604000000, 0x0000000605000000|  0%| F|  |TAMS 0x0000000604000000, 0x0000000604000000| Untracked 
[2023-10-08T14:59:38.705+0800][1.454s][50477][17923][trace] GC(0) |   5|0x0000000605000000, 0x0000000605000000, 0x0000000606000000|  0%| F|  |TAMS 0x0000000605000000, 0x0000000605000000| Untracked 
[2023-10-08T14:59:38.705+0800][1.454s][50477][17923][trace] GC(0) |   6|0x0000000606000000, 0x0000000606000000, 0x0000000607000000|  0%| F|  |TAMS 0x0000000606000000, 0x0000000606000000| Untracked 
[2023-10-08T14:59:38.705+0800][1.454s][50477][17923][trace] GC(0) |   7|0x0000000607000000, 0x0000000607000000, 0x0000000608000000|  0%| F|  |TAMS 0x0000000607000000, 0x0000000607000000| Untracked 
[2023-10-08T14:59:38.705+0800][1.454s][50477][17923][trace] GC(0) |   8|0x0000000608000000, 0x0000000608000000, 0x0000000609000000|  0%| F|  |TAMS 0x0000000608000000, 0x0000000608000000| Untracked 
[2023-10-08T14:59:38.705+0800][1.454s][50477][17923][trace] GC(0) |   9|0x0000000609000000, 0x0000000609000000, 0x000000060a000000|  0%| F|  |TAMS 0x0000000609000000, 0x0000000609000000| Untracked 
[2023-10-08T14:59:38.705+0800][1.454s][50477][17923][trace] GC(0) |  10|0x000000060a000000, 0x000000060a000000, 0x000000060b000000|  0%| F|  |TAMS 0x000000060a000000, 0x000000060a000000| Untracked 
[2023-10-08T14:59:38.705+0800][1.454s][50477][17923][trace] GC(0) |  11|0x000000060b000000, 0x000000060b000000, 0x000000060c000000|  0%| F|  |TAMS 0x000000060b000000, 0x000000060b000000| Untracked 
[2023-10-08T14:59:38.705+0800][1.454s][50477][17923][trace] GC(0) |  12|0x000000060c000000, 0x000000060c000000, 0x000000060d000000|  0%| F|  |TAMS 0x000000060c000000, 0x000000060c000000| Untracked 
[2023-10-08T14:59:38.705+0800][1.454s][50477][17923][trace] GC(0) |  13|0x000000060d000000, 0x000000060d000000, 0x000000060e000000|  0%| F|  |TAMS 0x000000060d000000, 0x000000060d000000| Untracked 
[2023-10-08T14:59:38.705+0800][1.454s][50477][17923][trace] GC(0) |  14|0x000000060e000000, 0x000000060e000000, 0x000000060f000000|  0%| F|  |TAMS 0x000000060e000000, 0x000000060e000000| Untracked 
[2023-10-08T14:59:38.705+0800][1.454s][50477][17923][trace] GC(0) |  15|0x000000060f000000, 0x000000060f000000, 0x0000000610000000|  0%| F|  |TAMS 0x000000060f000000, 0x000000060f000000| Untracked 
[2023-10-08T14:59:38.705+0800][1.454s][50477][17923][trace] GC(0) |  16|0x0000000610000000, 0x0000000610000000, 0x0000000611000000|  0%| F|  |TAMS 0x0000000610000000, 0x0000000610000000| Untracked 
[2023-10-08T14:59:38.705+0800][1.454s][50477][17923][trace] GC(0) |  17|0x0000000611000000, 0x0000000611000000, 0x0000000612000000|  0%| F|  |TAMS 0x0000000611000000, 0x0000000611000000| Untracked 
[2023-10-08T14:59:38.705+0800][1.454s][50477][17923][trace] GC(0) |  18|0x0000000612000000, 0x0000000612000000, 0x0000000613000000|  0%| F|  |TAMS 0x0000000612000000, 0x0000000612000000| Untracked 
[2023-10-08T14:59:38.705+0800][1.454s][50477][17923][trace] GC(0) |  19|0x0000000613000000, 0x0000000613000000, 0x0000000614000000|  0%| F|  |TAMS 0x0000000613000000, 0x0000000613000000| Untracked 
[2023-10-08T14:59:38.705+0800][1.454s][50477][17923][trace] GC(0) |  20|0x0000000614000000, 0x0000000614000000, 0x0000000615000000|  0%| F|  |TAMS 0x0000000614000000, 0x0000000614000000| Untracked 
[2023-10-08T14:59:38.705+0800][1.454s][50477][17923][trace] GC(0) |  21|0x0000000615000000, 0x0000000615000000, 0x0000000616000000|  0%| F|  |TAMS 0x0000000615000000, 0x0000000615000000| Untracked 
[2023-10-08T14:59:38.705+0800][1.454s][50477][17923][trace] GC(0) |  22|0x0000000616000000, 0x0000000616000000, 0x0000000617000000|  0%| F|  |TAMS 0x0000000616000000, 0x0000000616000000| Untracked 
[2023-10-08T14:59:38.705+0800][1.454s][50477][17923][trace] GC(0) |  23|0x0000000617000000, 0x0000000617000000, 0x0000000618000000|  0%| F|  |TAMS 0x0000000617000000, 0x0000000617000000| Untracked 
[2023-10-08T14:59:38.705+0800][1.454s][50477][17923][trace] GC(0) |  24|0x0000000618000000, 0x0000000618000000, 0x0000000619000000|  0%| F|  |TAMS 0x0000000618000000, 0x0000000618000000| Untracked 
[2023-10-08T14:59:38.705+0800][1.454s][50477][17923][trace] GC(0) |  25|0x0000000619000000, 0x0000000619000000, 0x000000061a000000|  0%| F|  |TAMS 0x0000000619000000, 0x0000000619000000| Untracked 
[2023-10-08T14:59:38.705+0800][1.454s][50477][17923][trace] GC(0) |  26|0x000000061a000000, 0x000000061a000000, 0x000000061b000000|  0%| F|  |TAMS 0x000000061a000000, 0x000000061a000000| Untracked 
[2023-10-08T14:59:38.705+0800][1.454s][50477][17923][trace] GC(0) |  27|0x000000061b000000, 0x000000061b000000, 0x000000061c000000|  0%| F|  |TAMS 0x000000061b000000, 0x000000061b000000| Untracked 
[2023-10-08T14:59:38.705+0800][1.455s][50477][17923][trace] GC(0) |  28|0x000000061c000000, 0x000000061c000000, 0x000000061d000000|  0%| F|  |TAMS 0x000000061c000000, 0x000000061c000000| Untracked 
[2023-10-08T14:59:38.705+0800][1.455s][50477][17923][trace] GC(0) |  29|0x000000061d000000, 0x000000061d000000, 0x000000061e000000|  0%| F|  |TAMS 0x000000061d000000, 0x000000061d000000| Untracked 
[2023-10-08T14:59:38.705+0800][1.455s][50477][17923][trace] GC(0) |  30|0x000000061e000000, 0x000000061e000000, 0x000000061f000000|  0%| F|  |TAMS 0x000000061e000000, 0x000000061e000000| Untracked 
[2023-10-08T14:59:38.705+0800][1.455s][50477][17923][trace] GC(0) |  31|0x000000061f000000, 0x000000061f000000, 0x0000000620000000|  0%| F|  |TAMS 0x000000061f000000, 0x000000061f000000| Untracked 
[2023-10-08T14:59:38.705+0800][1.455s][50477][17923][trace] GC(0) |  32|0x0000000620000000, 0x0000000620000000, 0x0000000621000000|  0%| F|  |TAMS 0x0000000620000000, 0x0000000620000000| Untracked 
[2023-10-08T14:59:38.705+0800][1.455s][50477][17923][trace] GC(0) |  33|0x0000000621000000, 0x0000000621000000, 0x0000000622000000|  0%| F|  |TAMS 0x0000000621000000, 0x0000000621000000| Untracked 
[2023-10-08T14:59:38.705+0800][1.455s][50477][17923][trace] GC(0) |  34|0x0000000622000000, 0x0000000622000000, 0x0000000623000000|  0%| F|  |TAMS 0x0000000622000000, 0x0000000622000000| Untracked 
[2023-10-08T14:59:38.705+0800][1.455s][50477][17923][trace] GC(0) |  35|0x0000000623000000, 0x0000000623000000, 0x0000000624000000|  0%| F|  |TAMS 0x0000000623000000, 0x0000000623000000| Untracked 
[2023-10-08T14:59:38.705+0800][1.455s][50477][17923][trace] GC(0) |  36|0x0000000624000000, 0x0000000624000000, 0x0000000625000000|  0%| F|  |TAMS 0x0000000624000000, 0x0000000624000000| Untracked 
[2023-10-08T14:59:38.705+0800][1.455s][50477][17923][trace] GC(0) |  37|0x0000000625000000, 0x0000000625000000, 0x0000000626000000|  0%| F|  |TAMS 0x0000000625000000, 0x0000000625000000| Untracked 
[2023-10-08T14:59:38.705+0800][1.455s][50477][17923][trace] GC(0) |  38|0x0000000626000000, 0x0000000626000000, 0x0000000627000000|  0%| F|  |TAMS 0x0000000626000000, 0x0000000626000000| Untracked 
[2023-10-08T14:59:38.705+0800][1.455s][50477][17923][trace] GC(0) |  39|0x0000000627000000, 0x0000000627000000, 0x0000000628000000|  0%| F|  |TAMS 0x0000000627000000, 0x0000000627000000| Untracked 
[2023-10-08T14:59:38.705+0800][1.455s][50477][17923][trace] GC(0) |  40|0x0000000628000000, 0x0000000628000000, 0x0000000629000000|  0%| F|  |TAMS 0x0000000628000000, 0x0000000628000000| Untracked 
[2023-10-08T14:59:38.705+0800][1.455s][50477][17923][trace] GC(0) |  41|0x0000000629000000, 0x0000000629000000, 0x000000062a000000|  0%| F|  |TAMS 0x0000000629000000, 0x0000000629000000| Untracked 
[2023-10-08T14:59:38.705+0800][1.455s][50477][17923][trace] GC(0) |  42|0x000000062a000000, 0x000000062a000000, 0x000000062b000000|  0%| F|  |TAMS 0x000000062a000000, 0x000000062a000000| Untracked 
[2023-10-08T14:59:38.705+0800][1.455s][50477][17923][trace] GC(0) |  43|0x000000062b000000, 0x000000062b000000, 0x000000062c000000|  0%| F|  |TAMS 0x000000062b000000, 0x000000062b000000| Untracked 
[2023-10-08T14:59:38.705+0800][1.455s][50477][17923][trace] GC(0) |  44|0x000000062c000000, 0x000000062c000000, 0x000000062d000000|  0%| F|  |TAMS 0x000000062c000000, 0x000000062c000000| Untracked 
[2023-10-08T14:59:38.705+0800][1.455s][50477][17923][trace] GC(0) |  45|0x000000062d000000, 0x000000062d000000, 0x000000062e000000|  0%| F|  |TAMS 0x000000062d000000, 0x000000062d000000| Untracked 
[2023-10-08T14:59:38.705+0800][1.455s][50477][17923][trace] GC(0) |  46|0x000000062e000000, 0x000000062e000000, 0x000000062f000000|  0%| F|  |TAMS 0x000000062e000000, 0x000000062e000000| Untracked 
[2023-10-08T14:59:38.705+0800][1.455s][50477][17923][trace] GC(0) |  47|0x000000062f000000, 0x000000062f000000, 0x0000000630000000|  0%| F|  |TAMS 0x000000062f000000, 0x000000062f000000| Untracked 
[2023-10-08T14:59:38.705+0800][1.455s][50477][17923][trace] GC(0) |  48|0x0000000630000000, 0x0000000630000000, 0x0000000631000000|  0%| F|  |TAMS 0x0000000630000000, 0x0000000630000000| Untracked 
[2023-10-08T14:59:38.705+0800][1.455s][50477][17923][trace] GC(0) |  49|0x0000000631000000, 0x0000000631000000, 0x0000000632000000|  0%| F|  |TAMS 0x0000000631000000, 0x0000000631000000| Untracked 
[2023-10-08T14:59:38.705+0800][1.455s][50477][17923][trace] GC(0) |  50|0x0000000632000000, 0x0000000632000000, 0x0000000633000000|  0%| F|  |TAMS 0x0000000632000000, 0x0000000632000000| Untracked 
[2023-10-08T14:59:38.705+0800][1.455s][50477][17923][trace] GC(0) |  51|0x0000000633000000, 0x0000000633000000, 0x0000000634000000|  0%| F|  |TAMS 0x0000000633000000, 0x0000000633000000| Untracked 
[2023-10-08T14:59:38.705+0800][1.455s][50477][17923][trace] GC(0) |  52|0x0000000634000000, 0x0000000634000000, 0x0000000635000000|  0%| F|  |TAMS 0x0000000634000000, 0x0000000634000000| Untracked 
[2023-10-08T14:59:38.705+0800][1.455s][50477][17923][trace] GC(0) |  53|0x0000000635000000, 0x0000000635000000, 0x0000000636000000|  0%| F|  |TAMS 0x0000000635000000, 0x0000000635000000| Untracked 
[2023-10-08T14:59:38.705+0800][1.455s][50477][17923][trace] GC(0) |  54|0x0000000636000000, 0x0000000636000000, 0x0000000637000000|  0%| F|  |TAMS 0x0000000636000000, 0x0000000636000000| Untracked 
[2023-10-08T14:59:38.705+0800][1.455s][50477][17923][trace] GC(0) |  55|0x0000000637000000, 0x0000000637000000, 0x0000000638000000|  0%| F|  |TAMS 0x0000000637000000, 0x0000000637000000| Untracked 
[2023-10-08T14:59:38.705+0800][1.455s][50477][17923][trace] GC(0) |  56|0x0000000638000000, 0x0000000638000000, 0x0000000639000000|  0%| F|  |TAMS 0x0000000638000000, 0x0000000638000000| Untracked 
[2023-10-08T14:59:38.705+0800][1.455s][50477][17923][trace] GC(0) |  57|0x0000000639000000, 0x0000000639000000, 0x000000063a000000|  0%| F|  |TAMS 0x0000000639000000, 0x0000000639000000| Untracked 
[2023-10-08T14:59:38.705+0800][1.455s][50477][17923][trace] GC(0) |  58|0x000000063a000000, 0x000000063a000000, 0x000000063b000000|  0%| F|  |TAMS 0x000000063a000000, 0x000000063a000000| Untracked 
[2023-10-08T14:59:38.705+0800][1.455s][50477][17923][trace] GC(0) |  59|0x000000063b000000, 0x000000063b000000, 0x000000063c000000|  0%| F|  |TAMS 0x000000063b000000, 0x000000063b000000| Untracked 
[2023-10-08T14:59:38.705+0800][1.455s][50477][17923][trace] GC(0) |  60|0x000000063c000000, 0x000000063c000000, 0x000000063d000000|  0%| F|  |TAMS 0x000000063c000000, 0x000000063c000000| Untracked 
[2023-10-08T14:59:38.705+0800][1.455s][50477][17923][trace] GC(0) |  61|0x000000063d000000, 0x000000063d000000, 0x000000063e000000|  0%| F|  |TAMS 0x000000063d000000, 0x000000063d000000| Untracked 
[2023-10-08T14:59:38.705+0800][1.455s][50477][17923][trace] GC(0) |  62|0x000000063e000000, 0x000000063e000000, 0x000000063f000000|  0%| F|  |TAMS 0x000000063e000000, 0x000000063e000000| Untracked 
[2023-10-08T14:59:38.705+0800][1.455s][50477][17923][trace] GC(0) |  63|0x000000063f000000, 0x000000063f000000, 0x0000000640000000|  0%| F|  |TAMS 0x000000063f000000, 0x000000063f000000| Untracked 
[2023-10-08T14:59:38.705+0800][1.455s][50477][17923][trace] GC(0) |  64|0x0000000640000000, 0x0000000640000000, 0x0000000641000000|  0%| F|  |TAMS 0x0000000640000000, 0x0000000640000000| Untracked 
[2023-10-08T14:59:38.705+0800][1.455s][50477][17923][trace] GC(0) |  65|0x0000000641000000, 0x0000000641000000, 0x0000000642000000|  0%| F|  |TAMS 0x0000000641000000, 0x0000000641000000| Untracked 
[2023-10-08T14:59:38.705+0800][1.455s][50477][17923][trace] GC(0) |  66|0x0000000642000000, 0x0000000642000000, 0x0000000643000000|  0%| F|  |TAMS 0x0000000642000000, 0x0000000642000000| Untracked 
[2023-10-08T14:59:38.705+0800][1.455s][50477][17923][trace] GC(0) |  67|0x0000000643000000, 0x0000000643000000, 0x0000000644000000|  0%| F|  |TAMS 0x0000000643000000, 0x0000000643000000| Untracked 
[2023-10-08T14:59:38.705+0800][1.455s][50477][17923][trace] GC(0) |  68|0x0000000644000000, 0x0000000644000000, 0x0000000645000000|  0%| F|  |TAMS 0x0000000644000000, 0x0000000644000000| Untracked 
[2023-10-08T14:59:38.705+0800][1.455s][50477][17923][trace] GC(0) |  69|0x0000000645000000, 0x0000000645000000, 0x0000000646000000|  0%| F|  |TAMS 0x0000000645000000, 0x0000000645000000| Untracked 
[2023-10-08T14:59:38.705+0800][1.455s][50477][17923][trace] GC(0) |  70|0x0000000646000000, 0x0000000646000000, 0x0000000647000000|  0%| F|  |TAMS 0x0000000646000000, 0x0000000646000000| Untracked 
[2023-10-08T14:59:38.705+0800][1.455s][50477][17923][trace] GC(0) |  71|0x0000000647000000, 0x0000000647000000, 0x0000000648000000|  0%| F|  |TAMS 0x0000000647000000, 0x0000000647000000| Untracked 
[2023-10-08T14:59:38.705+0800][1.455s][50477][17923][trace] GC(0) |  72|0x0000000648000000, 0x0000000648000000, 0x0000000649000000|  0%| F|  |TAMS 0x0000000648000000, 0x0000000648000000| Untracked 
[2023-10-08T14:59:38.705+0800][1.455s][50477][17923][trace] GC(0) |  73|0x0000000649000000, 0x0000000649000000, 0x000000064a000000|  0%| F|  |TAMS 0x0000000649000000, 0x0000000649000000| Untracked 
[2023-10-08T14:59:38.705+0800][1.455s][50477][17923][trace] GC(0) |  74|0x000000064a000000, 0x000000064a000000, 0x000000064b000000|  0%| F|  |TAMS 0x000000064a000000, 0x000000064a000000| Untracked 
[2023-10-08T14:59:38.705+0800][1.455s][50477][17923][trace] GC(0) |  75|0x000000064b000000, 0x000000064b000000, 0x000000064c000000|  0%| F|  |TAMS 0x000000064b000000, 0x000000064b000000| Untracked 
[2023-10-08T14:59:38.706+0800][1.455s][50477][17923][trace] GC(0) |  76|0x000000064c000000, 0x000000064c000000, 0x000000064d000000|  0%| F|  |TAMS 0x000000064c000000, 0x000000064c000000| Untracked 
[2023-10-08T14:59:38.706+0800][1.455s][50477][17923][trace] GC(0) |  77|0x000000064d000000, 0x000000064d000000, 0x000000064e000000|  0%| F|  |TAMS 0x000000064d000000, 0x000000064d000000| Untracked 
[2023-10-08T14:59:38.706+0800][1.455s][50477][17923][trace] GC(0) |  78|0x000000064e000000, 0x000000064e000000, 0x000000064f000000|  0%| F|  |TAMS 0x000000064e000000, 0x000000064e000000| Untracked 
[2023-10-08T14:59:38.706+0800][1.455s][50477][17923][trace] GC(0) |  79|0x000000064f000000, 0x000000064f000000, 0x0000000650000000|  0%| F|  |TAMS 0x000000064f000000, 0x000000064f000000| Untracked 
[2023-10-08T14:59:38.706+0800][1.455s][50477][17923][trace] GC(0) |  80|0x0000000650000000, 0x0000000650000000, 0x0000000651000000|  0%| F|  |TAMS 0x0000000650000000, 0x0000000650000000| Untracked 
[2023-10-08T14:59:38.706+0800][1.455s][50477][17923][trace] GC(0) |  81|0x0000000651000000, 0x0000000651000000, 0x0000000652000000|  0%| F|  |TAMS 0x0000000651000000, 0x0000000651000000| Untracked 
[2023-10-08T14:59:38.706+0800][1.455s][50477][17923][trace] GC(0) |  82|0x0000000652000000, 0x0000000652000000, 0x0000000653000000|  0%| F|  |TAMS 0x0000000652000000, 0x0000000652000000| Untracked 
[2023-10-08T14:59:38.706+0800][1.455s][50477][17923][trace] GC(0) |  83|0x0000000653000000, 0x0000000653000000, 0x0000000654000000|  0%| F|  |TAMS 0x0000000653000000, 0x0000000653000000| Untracked 
[2023-10-08T14:59:38.706+0800][1.455s][50477][17923][trace] GC(0) |  84|0x0000000654000000, 0x0000000654000000, 0x0000000655000000|  0%| F|  |TAMS 0x0000000654000000, 0x0000000654000000| Untracked 
[2023-10-08T14:59:38.706+0800][1.455s][50477][17923][trace] GC(0) |  85|0x0000000655000000, 0x0000000655000000, 0x0000000656000000|  0%| F|  |TAMS 0x0000000655000000, 0x0000000655000000| Untracked 
[2023-10-08T14:59:38.706+0800][1.455s][50477][17923][trace] GC(0) |  86|0x0000000656000000, 0x0000000656000000, 0x0000000657000000|  0%| F|  |TAMS 0x0000000656000000, 0x0000000656000000| Untracked 
[2023-10-08T14:59:38.706+0800][1.455s][50477][17923][trace] GC(0) |  87|0x0000000657000000, 0x0000000657000000, 0x0000000658000000|  0%| F|  |TAMS 0x0000000657000000, 0x0000000657000000| Untracked 
[2023-10-08T14:59:38.706+0800][1.455s][50477][17923][trace] GC(0) |  88|0x0000000658000000, 0x0000000658000000, 0x0000000659000000|  0%| F|  |TAMS 0x0000000658000000, 0x0000000658000000| Untracked 
[2023-10-08T14:59:38.706+0800][1.455s][50477][17923][trace] GC(0) |  89|0x0000000659000000, 0x0000000659000000, 0x000000065a000000|  0%| F|  |TAMS 0x0000000659000000, 0x0000000659000000| Untracked 
[2023-10-08T14:59:38.706+0800][1.455s][50477][17923][trace] GC(0) |  90|0x000000065a000000, 0x000000065a000000, 0x000000065b000000|  0%| F|  |TAMS 0x000000065a000000, 0x000000065a000000| Untracked 
[2023-10-08T14:59:38.706+0800][1.455s][50477][17923][trace] GC(0) |  91|0x000000065b000000, 0x000000065b000000, 0x000000065c000000|  0%| F|  |TAMS 0x000000065b000000, 0x000000065b000000| Untracked 
[2023-10-08T14:59:38.706+0800][1.455s][50477][17923][trace] GC(0) |  92|0x000000065c000000, 0x000000065c000000, 0x000000065d000000|  0%| F|  |TAMS 0x000000065c000000, 0x000000065c000000| Untracked 
[2023-10-08T14:59:38.706+0800][1.455s][50477][17923][trace] GC(0) |  93|0x000000065d000000, 0x000000065d000000, 0x000000065e000000|  0%| F|  |TAMS 0x000000065d000000, 0x000000065d000000| Untracked 
[2023-10-08T14:59:38.706+0800][1.455s][50477][17923][trace] GC(0) |  94|0x000000065e000000, 0x000000065e000000, 0x000000065f000000|  0%| F|  |TAMS 0x000000065e000000, 0x000000065e000000| Untracked 
[2023-10-08T14:59:38.706+0800][1.455s][50477][17923][trace] GC(0) |  95|0x000000065f000000, 0x000000065f000000, 0x0000000660000000|  0%| F|  |TAMS 0x000000065f000000, 0x000000065f000000| Untracked 
[2023-10-08T14:59:38.706+0800][1.455s][50477][17923][trace] GC(0) |  96|0x0000000660000000, 0x0000000660000000, 0x0000000661000000|  0%| F|  |TAMS 0x0000000660000000, 0x0000000660000000| Untracked 
[2023-10-08T14:59:38.706+0800][1.455s][50477][17923][trace] GC(0) |  97|0x0000000661000000, 0x0000000661000000, 0x0000000662000000|  0%| F|  |TAMS 0x0000000661000000, 0x0000000661000000| Untracked 
[2023-10-08T14:59:38.706+0800][1.455s][50477][17923][trace] GC(0) |  98|0x0000000662000000, 0x0000000662000000, 0x0000000663000000|  0%| F|  |TAMS 0x0000000662000000, 0x0000000662000000| Untracked 
[2023-10-08T14:59:38.706+0800][1.455s][50477][17923][trace] GC(0) |  99|0x0000000663000000, 0x0000000663000000, 0x0000000664000000|  0%| F|  |TAMS 0x0000000663000000, 0x0000000663000000| Untracked 
[2023-10-08T14:59:38.706+0800][1.455s][50477][17923][trace] GC(0) | 100|0x0000000664000000, 0x0000000664000000, 0x0000000665000000|  0%| F|  |TAMS 0x0000000664000000, 0x0000000664000000| Untracked 
[2023-10-08T14:59:38.706+0800][1.455s][50477][17923][trace] GC(0) | 101|0x0000000665000000, 0x0000000665000000, 0x0000000666000000|  0%| F|  |TAMS 0x0000000665000000, 0x0000000665000000| Untracked 
[2023-10-08T14:59:38.706+0800][1.455s][50477][17923][trace] GC(0) | 102|0x0000000666000000, 0x0000000666000000, 0x0000000667000000|  0%| F|  |TAMS 0x0000000666000000, 0x0000000666000000| Untracked 
[2023-10-08T14:59:38.706+0800][1.455s][50477][17923][trace] GC(0) | 103|0x0000000667000000, 0x0000000667000000, 0x0000000668000000|  0%| F|  |TAMS 0x0000000667000000, 0x0000000667000000| Untracked 
[2023-10-08T14:59:38.706+0800][1.455s][50477][17923][trace] GC(0) | 104|0x0000000668000000, 0x0000000668000000, 0x0000000669000000|  0%| F|  |TAMS 0x0000000668000000, 0x0000000668000000| Untracked 
[2023-10-08T14:59:38.706+0800][1.455s][50477][17923][trace] GC(0) | 105|0x0000000669000000, 0x0000000669000000, 0x000000066a000000|  0%| F|  |TAMS 0x0000000669000000, 0x0000000669000000| Untracked 
[2023-10-08T14:59:38.706+0800][1.455s][50477][17923][trace] GC(0) | 106|0x000000066a000000, 0x000000066a000000, 0x000000066b000000|  0%| F|  |TAMS 0x000000066a000000, 0x000000066a000000| Untracked 
[2023-10-08T14:59:38.706+0800][1.455s][50477][17923][trace] GC(0) | 107|0x000000066b000000, 0x000000066b000000, 0x000000066c000000|  0%| F|  |TAMS 0x000000066b000000, 0x000000066b000000| Untracked 
[2023-10-08T14:59:38.706+0800][1.455s][50477][17923][trace] GC(0) | 108|0x000000066c000000, 0x000000066c000000, 0x000000066d000000|  0%| F|  |TAMS 0x000000066c000000, 0x000000066c000000| Untracked 
[2023-10-08T14:59:38.706+0800][1.455s][50477][17923][trace] GC(0) | 109|0x000000066d000000, 0x000000066d000000, 0x000000066e000000|  0%| F|  |TAMS 0x000000066d000000, 0x000000066d000000| Untracked 
[2023-10-08T14:59:38.706+0800][1.455s][50477][17923][trace] GC(0) | 110|0x000000066e000000, 0x000000066e000000, 0x000000066f000000|  0%| F|  |TAMS 0x000000066e000000, 0x000000066e000000| Untracked 
[2023-10-08T14:59:38.706+0800][1.455s][50477][17923][trace] GC(0) | 111|0x000000066f000000, 0x000000066f000000, 0x0000000670000000|  0%| F|  |TAMS 0x000000066f000000, 0x000000066f000000| Untracked 
[2023-10-08T14:59:38.706+0800][1.455s][50477][17923][trace] GC(0) | 112|0x0000000670000000, 0x0000000670000000, 0x0000000671000000|  0%| F|  |TAMS 0x0000000670000000, 0x0000000670000000| Untracked 
[2023-10-08T14:59:38.706+0800][1.455s][50477][17923][trace] GC(0) | 113|0x0000000671000000, 0x0000000671000000, 0x0000000672000000|  0%| F|  |TAMS 0x0000000671000000, 0x0000000671000000| Untracked 
[2023-10-08T14:59:38.706+0800][1.455s][50477][17923][trace] GC(0) | 114|0x0000000672000000, 0x0000000672000000, 0x0000000673000000|  0%| F|  |TAMS 0x0000000672000000, 0x0000000672000000| Untracked 
[2023-10-08T14:59:38.706+0800][1.455s][50477][17923][trace] GC(0) | 115|0x0000000673000000, 0x0000000673000000, 0x0000000674000000|  0%| F|  |TAMS 0x0000000673000000, 0x0000000673000000| Untracked 
[2023-10-08T14:59:38.706+0800][1.455s][50477][17923][trace] GC(0) | 116|0x0000000674000000, 0x0000000674000000, 0x0000000675000000|  0%| F|  |TAMS 0x0000000674000000, 0x0000000674000000| Untracked 
[2023-10-08T14:59:38.706+0800][1.455s][50477][17923][trace] GC(0) | 117|0x0000000675000000, 0x0000000675000000, 0x0000000676000000|  0%| F|  |TAMS 0x0000000675000000, 0x0000000675000000| Untracked 
[2023-10-08T14:59:38.706+0800][1.455s][50477][17923][trace] GC(0) | 118|0x0000000676000000, 0x0000000676000000, 0x0000000677000000|  0%| F|  |TAMS 0x0000000676000000, 0x0000000676000000| Untracked 
[2023-10-08T14:59:38.706+0800][1.455s][50477][17923][trace] GC(0) | 119|0x0000000677000000, 0x0000000677000000, 0x0000000678000000|  0%| F|  |TAMS 0x0000000677000000, 0x0000000677000000| Untracked 
[2023-10-08T14:59:38.706+0800][1.455s][50477][17923][trace] GC(0) | 120|0x0000000678000000, 0x0000000678000000, 0x0000000679000000|  0%| F|  |TAMS 0x0000000678000000, 0x0000000678000000| Untracked 
[2023-10-08T14:59:38.706+0800][1.455s][50477][17923][trace] GC(0) | 121|0x0000000679000000, 0x0000000679000000, 0x000000067a000000|  0%| F|  |TAMS 0x0000000679000000, 0x0000000679000000| Untracked 
[2023-10-08T14:59:38.706+0800][1.455s][50477][17923][trace] GC(0) | 122|0x000000067a000000, 0x000000067a000000, 0x000000067b000000|  0%| F|  |TAMS 0x000000067a000000, 0x000000067a000000| Untracked 
[2023-10-08T14:59:38.706+0800][1.455s][50477][17923][trace] GC(0) | 123|0x000000067b000000, 0x000000067b000000, 0x000000067c000000|  0%| F|  |TAMS 0x000000067b000000, 0x000000067b000000| Untracked 
[2023-10-08T14:59:38.706+0800][1.455s][50477][17923][trace] GC(0) | 124|0x000000067c000000, 0x000000067c000000, 0x000000067d000000|  0%| F|  |TAMS 0x000000067c000000, 0x000000067c000000| Untracked 
[2023-10-08T14:59:38.706+0800][1.455s][50477][17923][trace] GC(0) | 125|0x000000067d000000, 0x000000067d000000, 0x000000067e000000|  0%| F|  |TAMS 0x000000067d000000, 0x000000067d000000| Untracked 
[2023-10-08T14:59:38.706+0800][1.455s][50477][17923][trace] GC(0) | 126|0x000000067e000000, 0x000000067e000000, 0x000000067f000000|  0%| F|  |TAMS 0x000000067e000000, 0x000000067e000000| Untracked 
[2023-10-08T14:59:38.706+0800][1.455s][50477][17923][trace] GC(0) | 127|0x000000067f000000, 0x000000067f000000, 0x0000000680000000|  0%| F|  |TAMS 0x000000067f000000, 0x000000067f000000| Untracked 
[2023-10-08T14:59:38.706+0800][1.455s][50477][17923][trace] GC(0) | 128|0x0000000680000000, 0x0000000680000000, 0x0000000681000000|  0%| F|  |TAMS 0x0000000680000000, 0x0000000680000000| Untracked 
[2023-10-08T14:59:38.706+0800][1.455s][50477][17923][trace] GC(0) | 129|0x0000000681000000, 0x0000000681000000, 0x0000000682000000|  0%| F|  |TAMS 0x0000000681000000, 0x0000000681000000| Untracked 
[2023-10-08T14:59:38.706+0800][1.455s][50477][17923][trace] GC(0) | 130|0x0000000682000000, 0x0000000682000000, 0x0000000683000000|  0%| F|  |TAMS 0x0000000682000000, 0x0000000682000000| Untracked 
[2023-10-08T14:59:38.706+0800][1.455s][50477][17923][trace] GC(0) | 131|0x0000000683000000, 0x0000000683000000, 0x0000000684000000|  0%| F|  |TAMS 0x0000000683000000, 0x0000000683000000| Untracked 
[2023-10-08T14:59:38.706+0800][1.455s][50477][17923][trace] GC(0) | 132|0x0000000684000000, 0x0000000684000000, 0x0000000685000000|  0%| F|  |TAMS 0x0000000684000000, 0x0000000684000000| Untracked 
[2023-10-08T14:59:38.706+0800][1.455s][50477][17923][trace] GC(0) | 133|0x0000000685000000, 0x0000000685000000, 0x0000000686000000|  0%| F|  |TAMS 0x0000000685000000, 0x0000000685000000| Untracked 
[2023-10-08T14:59:38.706+0800][1.455s][50477][17923][trace] GC(0) | 134|0x0000000686000000, 0x0000000686000000, 0x0000000687000000|  0%| F|  |TAMS 0x0000000686000000, 0x0000000686000000| Untracked 
[2023-10-08T14:59:38.706+0800][1.455s][50477][17923][trace] GC(0) | 135|0x0000000687000000, 0x0000000687000000, 0x0000000688000000|  0%| F|  |TAMS 0x0000000687000000, 0x0000000687000000| Untracked 
[2023-10-08T14:59:38.706+0800][1.455s][50477][17923][trace] GC(0) | 136|0x0000000688000000, 0x0000000688000000, 0x0000000689000000|  0%| F|  |TAMS 0x0000000688000000, 0x0000000688000000| Untracked 
[2023-10-08T14:59:38.706+0800][1.455s][50477][17923][trace] GC(0) | 137|0x0000000689000000, 0x0000000689000000, 0x000000068a000000|  0%| F|  |TAMS 0x0000000689000000, 0x0000000689000000| Untracked 
[2023-10-08T14:59:38.706+0800][1.455s][50477][17923][trace] GC(0) | 138|0x000000068a000000, 0x000000068a000000, 0x000000068b000000|  0%| F|  |TAMS 0x000000068a000000, 0x000000068a000000| Untracked 
[2023-10-08T14:59:38.706+0800][1.455s][50477][17923][trace] GC(0) | 139|0x000000068b000000, 0x000000068b000000, 0x000000068c000000|  0%| F|  |TAMS 0x000000068b000000, 0x000000068b000000| Untracked 
[2023-10-08T14:59:38.706+0800][1.455s][50477][17923][trace] GC(0) | 140|0x000000068c000000, 0x000000068c000000, 0x000000068d000000|  0%| F|  |TAMS 0x000000068c000000, 0x000000068c000000| Untracked 
[2023-10-08T14:59:38.706+0800][1.455s][50477][17923][trace] GC(0) | 141|0x000000068d000000, 0x000000068d000000, 0x000000068e000000|  0%| F|  |TAMS 0x000000068d000000, 0x000000068d000000| Untracked 
[2023-10-08T14:59:38.706+0800][1.455s][50477][17923][trace] GC(0) | 142|0x000000068e000000, 0x000000068e000000, 0x000000068f000000|  0%| F|  |TAMS 0x000000068e000000, 0x000000068e000000| Untracked 
[2023-10-08T14:59:38.706+0800][1.455s][50477][17923][trace] GC(0) | 143|0x000000068f000000, 0x000000068f000000, 0x0000000690000000|  0%| F|  |TAMS 0x000000068f000000, 0x000000068f000000| Untracked 
[2023-10-08T14:59:38.706+0800][1.455s][50477][17923][trace] GC(0) | 144|0x0000000690000000, 0x0000000690000000, 0x0000000691000000|  0%| F|  |TAMS 0x0000000690000000, 0x0000000690000000| Untracked 
[2023-10-08T14:59:38.706+0800][1.455s][50477][17923][trace] GC(0) | 145|0x0000000691000000, 0x0000000691000000, 0x0000000692000000|  0%| F|  |TAMS 0x0000000691000000, 0x0000000691000000| Untracked 
[2023-10-08T14:59:38.706+0800][1.455s][50477][17923][trace] GC(0) | 146|0x0000000692000000, 0x0000000692000000, 0x0000000693000000|  0%| F|  |TAMS 0x0000000692000000, 0x0000000692000000| Untracked 
[2023-10-08T14:59:38.706+0800][1.455s][50477][17923][trace] GC(0) | 147|0x0000000693000000, 0x0000000693000000, 0x0000000694000000|  0%| F|  |TAMS 0x0000000693000000, 0x0000000693000000| Untracked 
[2023-10-08T14:59:38.706+0800][1.455s][50477][17923][trace] GC(0) | 148|0x0000000694000000, 0x0000000694000000, 0x0000000695000000|  0%| F|  |TAMS 0x0000000694000000, 0x0000000694000000| Untracked 
[2023-10-08T14:59:38.706+0800][1.455s][50477][17923][trace] GC(0) | 149|0x0000000695000000, 0x0000000695000000, 0x0000000696000000|  0%| F|  |TAMS 0x0000000695000000, 0x0000000695000000| Untracked 
[2023-10-08T14:59:38.706+0800][1.455s][50477][17923][trace] GC(0) | 150|0x0000000696000000, 0x0000000696000000, 0x0000000697000000|  0%| F|  |TAMS 0x0000000696000000, 0x0000000696000000| Untracked 
[2023-10-08T14:59:38.706+0800][1.455s][50477][17923][trace] GC(0) | 151|0x0000000697000000, 0x0000000697000000, 0x0000000698000000|  0%| F|  |TAMS 0x0000000697000000, 0x0000000697000000| Untracked 
[2023-10-08T14:59:38.706+0800][1.456s][50477][17923][trace] GC(0) | 152|0x0000000698000000, 0x0000000698000000, 0x0000000699000000|  0%| F|  |TAMS 0x0000000698000000, 0x0000000698000000| Untracked 
[2023-10-08T14:59:38.706+0800][1.456s][50477][17923][trace] GC(0) | 153|0x0000000699000000, 0x0000000699000000, 0x000000069a000000|  0%| F|  |TAMS 0x0000000699000000, 0x0000000699000000| Untracked 
[2023-10-08T14:59:38.706+0800][1.456s][50477][17923][trace] GC(0) | 154|0x000000069a000000, 0x000000069a000000, 0x000000069b000000|  0%| F|  |TAMS 0x000000069a000000, 0x000000069a000000| Untracked 
[2023-10-08T14:59:38.706+0800][1.456s][50477][17923][trace] GC(0) | 155|0x000000069b000000, 0x000000069b000000, 0x000000069c000000|  0%| F|  |TAMS 0x000000069b000000, 0x000000069b000000| Untracked 
[2023-10-08T14:59:38.706+0800][1.456s][50477][17923][trace] GC(0) | 156|0x000000069c000000, 0x000000069c000000, 0x000000069d000000|  0%| F|  |TAMS 0x000000069c000000, 0x000000069c000000| Untracked 
[2023-10-08T14:59:38.706+0800][1.456s][50477][17923][trace] GC(0) | 157|0x000000069d000000, 0x000000069d000000, 0x000000069e000000|  0%| F|  |TAMS 0x000000069d000000, 0x000000069d000000| Untracked 
[2023-10-08T14:59:38.706+0800][1.456s][50477][17923][trace] GC(0) | 158|0x000000069e000000, 0x000000069e000000, 0x000000069f000000|  0%| F|  |TAMS 0x000000069e000000, 0x000000069e000000| Untracked 
[2023-10-08T14:59:38.706+0800][1.456s][50477][17923][trace] GC(0) | 159|0x000000069f000000, 0x000000069f000000, 0x00000006a0000000|  0%| F|  |TAMS 0x000000069f000000, 0x000000069f000000| Untracked 
[2023-10-08T14:59:38.706+0800][1.456s][50477][17923][trace] GC(0) | 160|0x00000006a0000000, 0x00000006a0000000, 0x00000006a1000000|  0%| F|  |TAMS 0x00000006a0000000, 0x00000006a0000000| Untracked 
[2023-10-08T14:59:38.706+0800][1.456s][50477][17923][trace] GC(0) | 161|0x00000006a1000000, 0x00000006a1000000, 0x00000006a2000000|  0%| F|  |TAMS 0x00000006a1000000, 0x00000006a1000000| Untracked 
[2023-10-08T14:59:38.706+0800][1.456s][50477][17923][trace] GC(0) | 162|0x00000006a2000000, 0x00000006a2000000, 0x00000006a3000000|  0%| F|  |TAMS 0x00000006a2000000, 0x00000006a2000000| Untracked 
[2023-10-08T14:59:38.706+0800][1.456s][50477][17923][trace] GC(0) | 163|0x00000006a3000000, 0x00000006a3000000, 0x00000006a4000000|  0%| F|  |TAMS 0x00000006a3000000, 0x00000006a3000000| Untracked 
[2023-10-08T14:59:38.706+0800][1.456s][50477][17923][trace] GC(0) | 164|0x00000006a4000000, 0x00000006a4000000, 0x00000006a5000000|  0%| F|  |TAMS 0x00000006a4000000, 0x00000006a4000000| Untracked 
[2023-10-08T14:59:38.706+0800][1.456s][50477][17923][trace] GC(0) | 165|0x00000006a5000000, 0x00000006a5000000, 0x00000006a6000000|  0%| F|  |TAMS 0x00000006a5000000, 0x00000006a5000000| Untracked 
[2023-10-08T14:59:38.706+0800][1.456s][50477][17923][trace] GC(0) | 166|0x00000006a6000000, 0x00000006a6000000, 0x00000006a7000000|  0%| F|  |TAMS 0x00000006a6000000, 0x00000006a6000000| Untracked 
[2023-10-08T14:59:38.706+0800][1.456s][50477][17923][trace] GC(0) | 167|0x00000006a7000000, 0x00000006a7000000, 0x00000006a8000000|  0%| F|  |TAMS 0x00000006a7000000, 0x00000006a7000000| Untracked 
[2023-10-08T14:59:38.706+0800][1.456s][50477][17923][trace] GC(0) | 168|0x00000006a8000000, 0x00000006a8000000, 0x00000006a9000000|  0%| F|  |TAMS 0x00000006a8000000, 0x00000006a8000000| Untracked 
[2023-10-08T14:59:38.706+0800][1.456s][50477][17923][trace] GC(0) | 169|0x00000006a9000000, 0x00000006a9000000, 0x00000006aa000000|  0%| F|  |TAMS 0x00000006a9000000, 0x00000006a9000000| Untracked 
[2023-10-08T14:59:38.706+0800][1.456s][50477][17923][trace] GC(0) | 170|0x00000006aa000000, 0x00000006aa000000, 0x00000006ab000000|  0%| F|  |TAMS 0x00000006aa000000, 0x00000006aa000000| Untracked 
[2023-10-08T14:59:38.706+0800][1.456s][50477][17923][trace] GC(0) | 171|0x00000006ab000000, 0x00000006ab000000, 0x00000006ac000000|  0%| F|  |TAMS 0x00000006ab000000, 0x00000006ab000000| Untracked 
[2023-10-08T14:59:38.706+0800][1.456s][50477][17923][trace] GC(0) | 172|0x00000006ac000000, 0x00000006ac000000, 0x00000006ad000000|  0%| F|  |TAMS 0x00000006ac000000, 0x00000006ac000000| Untracked 
[2023-10-08T14:59:38.706+0800][1.456s][50477][17923][trace] GC(0) | 173|0x00000006ad000000, 0x00000006ad000000, 0x00000006ae000000|  0%| F|  |TAMS 0x00000006ad000000, 0x00000006ad000000| Untracked 
[2023-10-08T14:59:38.706+0800][1.456s][50477][17923][trace] GC(0) | 174|0x00000006ae000000, 0x00000006ae000000, 0x00000006af000000|  0%| F|  |TAMS 0x00000006ae000000, 0x00000006ae000000| Untracked 
[2023-10-08T14:59:38.706+0800][1.456s][50477][17923][trace] GC(0) | 175|0x00000006af000000, 0x00000006af000000, 0x00000006b0000000|  0%| F|  |TAMS 0x00000006af000000, 0x00000006af000000| Untracked 
[2023-10-08T14:59:38.706+0800][1.456s][50477][17923][trace] GC(0) | 176|0x00000006b0000000, 0x00000006b0000000, 0x00000006b1000000|  0%| F|  |TAMS 0x00000006b0000000, 0x00000006b0000000| Untracked 
[2023-10-08T14:59:38.706+0800][1.456s][50477][17923][trace] GC(0) | 177|0x00000006b1000000, 0x00000006b1000000, 0x00000006b2000000|  0%| F|  |TAMS 0x00000006b1000000, 0x00000006b1000000| Untracked 
[2023-10-08T14:59:38.706+0800][1.456s][50477][17923][trace] GC(0) | 178|0x00000006b2000000, 0x00000006b2000000, 0x00000006b3000000|  0%| F|  |TAMS 0x00000006b2000000, 0x00000006b2000000| Untracked 
[2023-10-08T14:59:38.706+0800][1.456s][50477][17923][trace] GC(0) | 179|0x00000006b3000000, 0x00000006b3000000, 0x00000006b4000000|  0%| F|  |TAMS 0x00000006b3000000, 0x00000006b3000000| Untracked 
[2023-10-08T14:59:38.706+0800][1.456s][50477][17923][trace] GC(0) | 180|0x00000006b4000000, 0x00000006b4000000, 0x00000006b5000000|  0%| F|  |TAMS 0x00000006b4000000, 0x00000006b4000000| Untracked 
[2023-10-08T14:59:38.706+0800][1.456s][50477][17923][trace] GC(0) | 181|0x00000006b5000000, 0x00000006b5000000, 0x00000006b6000000|  0%| F|  |TAMS 0x00000006b5000000, 0x00000006b5000000| Untracked 
[2023-10-08T14:59:38.706+0800][1.456s][50477][17923][trace] GC(0) | 182|0x00000006b6000000, 0x00000006b6000000, 0x00000006b7000000|  0%| F|  |TAMS 0x00000006b6000000, 0x00000006b6000000| Untracked 
[2023-10-08T14:59:38.706+0800][1.456s][50477][17923][trace] GC(0) | 183|0x00000006b7000000, 0x00000006b7000000, 0x00000006b8000000|  0%| F|  |TAMS 0x00000006b7000000, 0x00000006b7000000| Untracked 
[2023-10-08T14:59:38.706+0800][1.456s][50477][17923][trace] GC(0) | 184|0x00000006b8000000, 0x00000006b8000000, 0x00000006b9000000|  0%| F|  |TAMS 0x00000006b8000000, 0x00000006b8000000| Untracked 
[2023-10-08T14:59:38.706+0800][1.456s][50477][17923][trace] GC(0) | 185|0x00000006b9000000, 0x00000006b9000000, 0x00000006ba000000|  0%| F|  |TAMS 0x00000006b9000000, 0x00000006b9000000| Untracked 
[2023-10-08T14:59:38.706+0800][1.456s][50477][17923][trace] GC(0) | 186|0x00000006ba000000, 0x00000006ba000000, 0x00000006bb000000|  0%| F|  |TAMS 0x00000006ba000000, 0x00000006ba000000| Untracked 
[2023-10-08T14:59:38.706+0800][1.456s][50477][17923][trace] GC(0) | 187|0x00000006bb000000, 0x00000006bb000000, 0x00000006bc000000|  0%| F|  |TAMS 0x00000006bb000000, 0x00000006bb000000| Untracked 
[2023-10-08T14:59:38.706+0800][1.456s][50477][17923][trace] GC(0) | 188|0x00000006bc000000, 0x00000006bc000000, 0x00000006bd000000|  0%| F|  |TAMS 0x00000006bc000000, 0x00000006bc000000| Untracked 
[2023-10-08T14:59:38.706+0800][1.456s][50477][17923][trace] GC(0) | 189|0x00000006bd000000, 0x00000006bd000000, 0x00000006be000000|  0%| F|  |TAMS 0x00000006bd000000, 0x00000006bd000000| Untracked 
[2023-10-08T14:59:38.706+0800][1.456s][50477][17923][trace] GC(0) | 190|0x00000006be000000, 0x00000006be000000, 0x00000006bf000000|  0%| F|  |TAMS 0x00000006be000000, 0x00000006be000000| Untracked 
[2023-10-08T14:59:38.706+0800][1.456s][50477][17923][trace] GC(0) | 191|0x00000006bf000000, 0x00000006bf000000, 0x00000006c0000000|  0%| F|  |TAMS 0x00000006bf000000, 0x00000006bf000000| Untracked 
[2023-10-08T14:59:38.706+0800][1.456s][50477][17923][trace] GC(0) | 192|0x00000006c0000000, 0x00000006c0000000, 0x00000006c1000000|  0%| F|  |TAMS 0x00000006c0000000, 0x00000006c0000000| Untracked 
[2023-10-08T14:59:38.706+0800][1.456s][50477][17923][trace] GC(0) | 193|0x00000006c1000000, 0x00000006c1000000, 0x00000006c2000000|  0%| F|  |TAMS 0x00000006c1000000, 0x00000006c1000000| Untracked 
[2023-10-08T14:59:38.706+0800][1.456s][50477][17923][trace] GC(0) | 194|0x00000006c2000000, 0x00000006c2000000, 0x00000006c3000000|  0%| F|  |TAMS 0x00000006c2000000, 0x00000006c2000000| Untracked 
[2023-10-08T14:59:38.706+0800][1.456s][50477][17923][trace] GC(0) | 195|0x00000006c3000000, 0x00000006c3000000, 0x00000006c4000000|  0%| F|  |TAMS 0x00000006c3000000, 0x00000006c3000000| Untracked 
[2023-10-08T14:59:38.706+0800][1.456s][50477][17923][trace] GC(0) | 196|0x00000006c4000000, 0x00000006c4000000, 0x00000006c5000000|  0%| F|  |TAMS 0x00000006c4000000, 0x00000006c4000000| Untracked 
[2023-10-08T14:59:38.706+0800][1.456s][50477][17923][trace] GC(0) | 197|0x00000006c5000000, 0x00000006c5000000, 0x00000006c6000000|  0%| F|  |TAMS 0x00000006c5000000, 0x00000006c5000000| Untracked 
[2023-10-08T14:59:38.706+0800][1.456s][50477][17923][trace] GC(0) | 198|0x00000006c6000000, 0x00000006c6000000, 0x00000006c7000000|  0%| F|  |TAMS 0x00000006c6000000, 0x00000006c6000000| Untracked 
[2023-10-08T14:59:38.706+0800][1.456s][50477][17923][trace] GC(0) | 199|0x00000006c7000000, 0x00000006c7000000, 0x00000006c8000000|  0%| F|  |TAMS 0x00000006c7000000, 0x00000006c7000000| Untracked 
[2023-10-08T14:59:38.706+0800][1.456s][50477][17923][trace] GC(0) | 200|0x00000006c8000000, 0x00000006c8000000, 0x00000006c9000000|  0%| F|  |TAMS 0x00000006c8000000, 0x00000006c8000000| Untracked 
[2023-10-08T14:59:38.707+0800][1.456s][50477][17923][trace] GC(0) | 201|0x00000006c9000000, 0x00000006c9000000, 0x00000006ca000000|  0%| F|  |TAMS 0x00000006c9000000, 0x00000006c9000000| Untracked 
[2023-10-08T14:59:38.707+0800][1.456s][50477][17923][trace] GC(0) | 202|0x00000006ca000000, 0x00000006ca000000, 0x00000006cb000000|  0%| F|  |TAMS 0x00000006ca000000, 0x00000006ca000000| Untracked 
[2023-10-08T14:59:38.707+0800][1.456s][50477][17923][trace] GC(0) | 203|0x00000006cb000000, 0x00000006cb000000, 0x00000006cc000000|  0%| F|  |TAMS 0x00000006cb000000, 0x00000006cb000000| Untracked 
[2023-10-08T14:59:38.707+0800][1.456s][50477][17923][trace] GC(0) | 204|0x00000006cc000000, 0x00000006cc000000, 0x00000006cd000000|  0%| F|  |TAMS 0x00000006cc000000, 0x00000006cc000000| Untracked 
[2023-10-08T14:59:38.707+0800][1.456s][50477][17923][trace] GC(0) | 205|0x00000006cd000000, 0x00000006cd000000, 0x00000006ce000000|  0%| F|  |TAMS 0x00000006cd000000, 0x00000006cd000000| Untracked 
[2023-10-08T14:59:38.707+0800][1.456s][50477][17923][trace] GC(0) | 206|0x00000006ce000000, 0x00000006ce000000, 0x00000006cf000000|  0%| F|  |TAMS 0x00000006ce000000, 0x00000006ce000000| Untracked 
[2023-10-08T14:59:38.707+0800][1.456s][50477][17923][trace] GC(0) | 207|0x00000006cf000000, 0x00000006cf000000, 0x00000006d0000000|  0%| F|  |TAMS 0x00000006cf000000, 0x00000006cf000000| Untracked 
[2023-10-08T14:59:38.707+0800][1.456s][50477][17923][trace] GC(0) | 208|0x00000006d0000000, 0x00000006d0000000, 0x00000006d1000000|  0%| F|  |TAMS 0x00000006d0000000, 0x00000006d0000000| Untracked 
[2023-10-08T14:59:38.707+0800][1.456s][50477][17923][trace] GC(0) | 209|0x00000006d1000000, 0x00000006d1000000, 0x00000006d2000000|  0%| F|  |TAMS 0x00000006d1000000, 0x00000006d1000000| Untracked 
[2023-10-08T14:59:38.707+0800][1.456s][50477][17923][trace] GC(0) | 210|0x00000006d2000000, 0x00000006d2000000, 0x00000006d3000000|  0%| F|  |TAMS 0x00000006d2000000, 0x00000006d2000000| Untracked 
[2023-10-08T14:59:38.707+0800][1.456s][50477][17923][trace] GC(0) | 211|0x00000006d3000000, 0x00000006d3000000, 0x00000006d4000000|  0%| F|  |TAMS 0x00000006d3000000, 0x00000006d3000000| Untracked 
[2023-10-08T14:59:38.707+0800][1.456s][50477][17923][trace] GC(0) | 212|0x00000006d4000000, 0x00000006d4000000, 0x00000006d5000000|  0%| F|  |TAMS 0x00000006d4000000, 0x00000006d4000000| Untracked 
[2023-10-08T14:59:38.707+0800][1.456s][50477][17923][trace] GC(0) | 213|0x00000006d5000000, 0x00000006d5000000, 0x00000006d6000000|  0%| F|  |TAMS 0x00000006d5000000, 0x00000006d5000000| Untracked 
[2023-10-08T14:59:38.707+0800][1.456s][50477][17923][trace] GC(0) | 214|0x00000006d6000000, 0x00000006d6000000, 0x00000006d7000000|  0%| F|  |TAMS 0x00000006d6000000, 0x00000006d6000000| Untracked 
[2023-10-08T14:59:38.707+0800][1.456s][50477][17923][trace] GC(0) | 215|0x00000006d7000000, 0x00000006d7000000, 0x00000006d8000000|  0%| F|  |TAMS 0x00000006d7000000, 0x00000006d7000000| Untracked 
[2023-10-08T14:59:38.707+0800][1.456s][50477][17923][trace] GC(0) | 216|0x00000006d8000000, 0x00000006d8000000, 0x00000006d9000000|  0%| F|  |TAMS 0x00000006d8000000, 0x00000006d8000000| Untracked 
[2023-10-08T14:59:38.707+0800][1.456s][50477][17923][trace] GC(0) | 217|0x00000006d9000000, 0x00000006d9000000, 0x00000006da000000|  0%| F|  |TAMS 0x00000006d9000000, 0x00000006d9000000| Untracked 
[2023-10-08T14:59:38.707+0800][1.456s][50477][17923][trace] GC(0) | 218|0x00000006da000000, 0x00000006da000000, 0x00000006db000000|  0%| F|  |TAMS 0x00000006da000000, 0x00000006da000000| Untracked 
[2023-10-08T14:59:38.707+0800][1.456s][50477][17923][trace] GC(0) | 219|0x00000006db000000, 0x00000006db000000, 0x00000006dc000000|  0%| F|  |TAMS 0x00000006db000000, 0x00000006db000000| Untracked 
[2023-10-08T14:59:38.707+0800][1.456s][50477][17923][trace] GC(0) | 220|0x00000006dc000000, 0x00000006dc000000, 0x00000006dd000000|  0%| F|  |TAMS 0x00000006dc000000, 0x00000006dc000000| Untracked 
[2023-10-08T14:59:38.707+0800][1.456s][50477][17923][trace] GC(0) | 221|0x00000006dd000000, 0x00000006dd000000, 0x00000006de000000|  0%| F|  |TAMS 0x00000006dd000000, 0x00000006dd000000| Untracked 
[2023-10-08T14:59:38.707+0800][1.456s][50477][17923][trace] GC(0) | 222|0x00000006de000000, 0x00000006de000000, 0x00000006df000000|  0%| F|  |TAMS 0x00000006de000000, 0x00000006de000000| Untracked 
[2023-10-08T14:59:38.707+0800][1.456s][50477][17923][trace] GC(0) | 223|0x00000006df000000, 0x00000006df000000, 0x00000006e0000000|  0%| F|  |TAMS 0x00000006df000000, 0x00000006df000000| Untracked 
[2023-10-08T14:59:38.707+0800][1.456s][50477][17923][trace] GC(0) | 224|0x00000006e0000000, 0x00000006e0000000, 0x00000006e1000000|  0%| F|  |TAMS 0x00000006e0000000, 0x00000006e0000000| Untracked 
[2023-10-08T14:59:38.707+0800][1.456s][50477][17923][trace] GC(0) | 225|0x00000006e1000000, 0x00000006e1000000, 0x00000006e2000000|  0%| F|  |TAMS 0x00000006e1000000, 0x00000006e1000000| Untracked 
[2023-10-08T14:59:38.707+0800][1.456s][50477][17923][trace] GC(0) | 226|0x00000006e2000000, 0x00000006e2000000, 0x00000006e3000000|  0%| F|  |TAMS 0x00000006e2000000, 0x00000006e2000000| Untracked 
[2023-10-08T14:59:38.707+0800][1.456s][50477][17923][trace] GC(0) | 227|0x00000006e3000000, 0x00000006e3000000, 0x00000006e4000000|  0%| F|  |TAMS 0x00000006e3000000, 0x00000006e3000000| Untracked 
[2023-10-08T14:59:38.707+0800][1.456s][50477][17923][trace] GC(0) | 228|0x00000006e4000000, 0x00000006e4000000, 0x00000006e5000000|  0%| F|  |TAMS 0x00000006e4000000, 0x00000006e4000000| Untracked 
[2023-10-08T14:59:38.707+0800][1.456s][50477][17923][trace] GC(0) | 229|0x00000006e5000000, 0x00000006e5000000, 0x00000006e6000000|  0%| F|  |TAMS 0x00000006e5000000, 0x00000006e5000000| Untracked 
[2023-10-08T14:59:38.707+0800][1.456s][50477][17923][trace] GC(0) | 230|0x00000006e6000000, 0x00000006e6000000, 0x00000006e7000000|  0%| F|  |TAMS 0x00000006e6000000, 0x00000006e6000000| Untracked 
[2023-10-08T14:59:38.707+0800][1.456s][50477][17923][trace] GC(0) | 231|0x00000006e7000000, 0x00000006e7000000, 0x00000006e8000000|  0%| F|  |TAMS 0x00000006e7000000, 0x00000006e7000000| Untracked 
[2023-10-08T14:59:38.707+0800][1.456s][50477][17923][trace] GC(0) | 232|0x00000006e8000000, 0x00000006e8000000, 0x00000006e9000000|  0%| F|  |TAMS 0x00000006e8000000, 0x00000006e8000000| Untracked 
[2023-10-08T14:59:38.707+0800][1.456s][50477][17923][trace] GC(0) | 233|0x00000006e9000000, 0x00000006e9000000, 0x00000006ea000000|  0%| F|  |TAMS 0x00000006e9000000, 0x00000006e9000000| Untracked 
[2023-10-08T14:59:38.707+0800][1.456s][50477][17923][trace] GC(0) | 234|0x00000006ea000000, 0x00000006ea000000, 0x00000006eb000000|  0%| F|  |TAMS 0x00000006ea000000, 0x00000006ea000000| Untracked 
[2023-10-08T14:59:38.707+0800][1.456s][50477][17923][trace] GC(0) | 235|0x00000006eb000000, 0x00000006eb000000, 0x00000006ec000000|  0%| F|  |TAMS 0x00000006eb000000, 0x00000006eb000000| Untracked 
[2023-10-08T14:59:38.707+0800][1.456s][50477][17923][trace] GC(0) | 236|0x00000006ec000000, 0x00000006ec000000, 0x00000006ed000000|  0%| F|  |TAMS 0x00000006ec000000, 0x00000006ec000000| Untracked 
[2023-10-08T14:59:38.707+0800][1.456s][50477][17923][trace] GC(0) | 237|0x00000006ed000000, 0x00000006ed000000, 0x00000006ee000000|  0%| F|  |TAMS 0x00000006ed000000, 0x00000006ed000000| Untracked 
[2023-10-08T14:59:38.707+0800][1.456s][50477][17923][trace] GC(0) | 238|0x00000006ee000000, 0x00000006ee000000, 0x00000006ef000000|  0%| F|  |TAMS 0x00000006ee000000, 0x00000006ee000000| Untracked 
[2023-10-08T14:59:38.707+0800][1.456s][50477][17923][trace] GC(0) | 239|0x00000006ef000000, 0x00000006ef000000, 0x00000006f0000000|  0%| F|  |TAMS 0x00000006ef000000, 0x00000006ef000000| Untracked 
[2023-10-08T14:59:38.707+0800][1.456s][50477][17923][trace] GC(0) | 240|0x00000006f0000000, 0x00000006f0000000, 0x00000006f1000000|  0%| F|  |TAMS 0x00000006f0000000, 0x00000006f0000000| Untracked 
[2023-10-08T14:59:38.707+0800][1.456s][50477][17923][trace] GC(0) | 241|0x00000006f1000000, 0x00000006f1000000, 0x00000006f2000000|  0%| F|  |TAMS 0x00000006f1000000, 0x00000006f1000000| Untracked 
[2023-10-08T14:59:38.707+0800][1.456s][50477][17923][trace] GC(0) | 242|0x00000006f2000000, 0x00000006f2000000, 0x00000006f3000000|  0%| F|  |TAMS 0x00000006f2000000, 0x00000006f2000000| Untracked 
[2023-10-08T14:59:38.707+0800][1.456s][50477][17923][trace] GC(0) | 243|0x00000006f3000000, 0x00000006f3000000, 0x00000006f4000000|  0%| F|  |TAMS 0x00000006f3000000, 0x00000006f3000000| Untracked 
[2023-10-08T14:59:38.707+0800][1.456s][50477][17923][trace] GC(0) | 244|0x00000006f4000000, 0x00000006f4000000, 0x00000006f5000000|  0%| F|  |TAMS 0x00000006f4000000, 0x00000006f4000000| Untracked 
[2023-10-08T14:59:38.707+0800][1.456s][50477][17923][trace] GC(0) | 245|0x00000006f5000000, 0x00000006f5000000, 0x00000006f6000000|  0%| F|  |TAMS 0x00000006f5000000, 0x00000006f5000000| Untracked 
[2023-10-08T14:59:38.707+0800][1.456s][50477][17923][trace] GC(0) | 246|0x00000006f6000000, 0x00000006f6000000, 0x00000006f7000000|  0%| F|  |TAMS 0x00000006f6000000, 0x00000006f6000000| Untracked 
[2023-10-08T14:59:38.707+0800][1.456s][50477][17923][trace] GC(0) | 247|0x00000006f7000000, 0x00000006f7000000, 0x00000006f8000000|  0%| F|  |TAMS 0x00000006f7000000, 0x00000006f7000000| Untracked 
[2023-10-08T14:59:38.707+0800][1.456s][50477][17923][trace] GC(0) | 248|0x00000006f8000000, 0x00000006f8000000, 0x00000006f9000000|  0%| F|  |TAMS 0x00000006f8000000, 0x00000006f8000000| Untracked 
[2023-10-08T14:59:38.707+0800][1.456s][50477][17923][trace] GC(0) | 249|0x00000006f9000000, 0x00000006f9000000, 0x00000006fa000000|  0%| F|  |TAMS 0x00000006f9000000, 0x00000006f9000000| Untracked 
[2023-10-08T14:59:38.707+0800][1.456s][50477][17923][trace] GC(0) | 250|0x00000006fa000000, 0x00000006fa000000, 0x00000006fb000000|  0%| F|  |TAMS 0x00000006fa000000, 0x00000006fa000000| Untracked 
[2023-10-08T14:59:38.707+0800][1.456s][50477][17923][trace] GC(0) | 251|0x00000006fb000000, 0x00000006fb000000, 0x00000006fc000000|  0%| F|  |TAMS 0x00000006fb000000, 0x00000006fb000000| Untracked 
[2023-10-08T14:59:38.707+0800][1.456s][50477][17923][trace] GC(0) | 252|0x00000006fc000000, 0x00000006fc000000, 0x00000006fd000000|  0%| F|  |TAMS 0x00000006fc000000, 0x00000006fc000000| Untracked 
[2023-10-08T14:59:38.707+0800][1.456s][50477][17923][trace] GC(0) | 253|0x00000006fd000000, 0x00000006fd000000, 0x00000006fe000000|  0%| F|  |TAMS 0x00000006fd000000, 0x00000006fd000000| Untracked 
[2023-10-08T14:59:38.707+0800][1.456s][50477][17923][trace] GC(0) | 254|0x00000006fe000000, 0x00000006fe000000, 0x00000006ff000000|  0%| F|  |TAMS 0x00000006fe000000, 0x00000006fe000000| Untracked 
[2023-10-08T14:59:38.707+0800][1.456s][50477][17923][trace] GC(0) | 255|0x00000006ff000000, 0x00000006ff000000, 0x0000000700000000|  0%| F|  |TAMS 0x00000006ff000000, 0x00000006ff000000| Untracked 
[2023-10-08T14:59:38.707+0800][1.456s][50477][17923][trace] GC(0) | 256|0x0000000700000000, 0x0000000700000000, 0x0000000701000000|  0%| F|  |TAMS 0x0000000700000000, 0x0000000700000000| Untracked 
[2023-10-08T14:59:38.707+0800][1.456s][50477][17923][trace] GC(0) | 257|0x0000000701000000, 0x0000000701000000, 0x0000000702000000|  0%| F|  |TAMS 0x0000000701000000, 0x0000000701000000| Untracked 
[2023-10-08T14:59:38.707+0800][1.456s][50477][17923][trace] GC(0) | 258|0x0000000702000000, 0x0000000702000000, 0x0000000703000000|  0%| F|  |TAMS 0x0000000702000000, 0x0000000702000000| Untracked 
[2023-10-08T14:59:38.707+0800][1.456s][50477][17923][trace] GC(0) | 259|0x0000000703000000, 0x0000000703000000, 0x0000000704000000|  0%| F|  |TAMS 0x0000000703000000, 0x0000000703000000| Untracked 
[2023-10-08T14:59:38.707+0800][1.456s][50477][17923][trace] GC(0) | 260|0x0000000704000000, 0x0000000704000000, 0x0000000705000000|  0%| F|  |TAMS 0x0000000704000000, 0x0000000704000000| Untracked 
[2023-10-08T14:59:38.707+0800][1.456s][50477][17923][trace] GC(0) | 261|0x0000000705000000, 0x0000000705000000, 0x0000000706000000|  0%| F|  |TAMS 0x0000000705000000, 0x0000000705000000| Untracked 
[2023-10-08T14:59:38.707+0800][1.456s][50477][17923][trace] GC(0) | 262|0x0000000706000000, 0x0000000706000000, 0x0000000707000000|  0%| F|  |TAMS 0x0000000706000000, 0x0000000706000000| Untracked 
[2023-10-08T14:59:38.707+0800][1.456s][50477][17923][trace] GC(0) | 263|0x0000000707000000, 0x0000000707000000, 0x0000000708000000|  0%| F|  |TAMS 0x0000000707000000, 0x0000000707000000| Untracked 
[2023-10-08T14:59:38.707+0800][1.456s][50477][17923][trace] GC(0) | 264|0x0000000708000000, 0x0000000708000000, 0x0000000709000000|  0%| F|  |TAMS 0x0000000708000000, 0x0000000708000000| Untracked 
[2023-10-08T14:59:38.707+0800][1.456s][50477][17923][trace] GC(0) | 265|0x0000000709000000, 0x0000000709000000, 0x000000070a000000|  0%| F|  |TAMS 0x0000000709000000, 0x0000000709000000| Untracked 
[2023-10-08T14:59:38.707+0800][1.456s][50477][17923][trace] GC(0) | 266|0x000000070a000000, 0x000000070a000000, 0x000000070b000000|  0%| F|  |TAMS 0x000000070a000000, 0x000000070a000000| Untracked 
[2023-10-08T14:59:38.707+0800][1.456s][50477][17923][trace] GC(0) | 267|0x000000070b000000, 0x000000070b000000, 0x000000070c000000|  0%| F|  |TAMS 0x000000070b000000, 0x000000070b000000| Untracked 
[2023-10-08T14:59:38.707+0800][1.456s][50477][17923][trace] GC(0) | 268|0x000000070c000000, 0x000000070c000000, 0x000000070d000000|  0%| F|  |TAMS 0x000000070c000000, 0x000000070c000000| Untracked 
[2023-10-08T14:59:38.707+0800][1.456s][50477][17923][trace] GC(0) | 269|0x000000070d000000, 0x000000070d000000, 0x000000070e000000|  0%| F|  |TAMS 0x000000070d000000, 0x000000070d000000| Untracked 
[2023-10-08T14:59:38.707+0800][1.456s][50477][17923][trace] GC(0) | 270|0x000000070e000000, 0x000000070e000000, 0x000000070f000000|  0%| F|  |TAMS 0x000000070e000000, 0x000000070e000000| Untracked 
[2023-10-08T14:59:38.707+0800][1.456s][50477][17923][trace] GC(0) | 271|0x000000070f000000, 0x000000070f000000, 0x0000000710000000|  0%| F|  |TAMS 0x000000070f000000, 0x000000070f000000| Untracked 
[2023-10-08T14:59:38.707+0800][1.457s][50477][17923][trace] GC(0) | 272|0x0000000710000000, 0x0000000710000000, 0x0000000711000000|  0%| F|  |TAMS 0x0000000710000000, 0x0000000710000000| Untracked 
[2023-10-08T14:59:38.707+0800][1.457s][50477][17923][trace] GC(0) | 273|0x0000000711000000, 0x0000000711000000, 0x0000000712000000|  0%| F|  |TAMS 0x0000000711000000, 0x0000000711000000| Untracked 
[2023-10-08T14:59:38.707+0800][1.457s][50477][17923][trace] GC(0) | 274|0x0000000712000000, 0x0000000712000000, 0x0000000713000000|  0%| F|  |TAMS 0x0000000712000000, 0x0000000712000000| Untracked 
[2023-10-08T14:59:38.707+0800][1.457s][50477][17923][trace] GC(0) | 275|0x0000000713000000, 0x0000000713000000, 0x0000000714000000|  0%| F|  |TAMS 0x0000000713000000, 0x0000000713000000| Untracked 
[2023-10-08T14:59:38.707+0800][1.457s][50477][17923][trace] GC(0) | 276|0x0000000714000000, 0x0000000714000000, 0x0000000715000000|  0%| F|  |TAMS 0x0000000714000000, 0x0000000714000000| Untracked 
[2023-10-08T14:59:38.707+0800][1.457s][50477][17923][trace] GC(0) | 277|0x0000000715000000, 0x0000000715000000, 0x0000000716000000|  0%| F|  |TAMS 0x0000000715000000, 0x0000000715000000| Untracked 
[2023-10-08T14:59:38.707+0800][1.457s][50477][17923][trace] GC(0) | 278|0x0000000716000000, 0x0000000716000000, 0x0000000717000000|  0%| F|  |TAMS 0x0000000716000000, 0x0000000716000000| Untracked 
[2023-10-08T14:59:38.707+0800][1.457s][50477][17923][trace] GC(0) | 279|0x0000000717000000, 0x0000000717000000, 0x0000000718000000|  0%| F|  |TAMS 0x0000000717000000, 0x0000000717000000| Untracked 
[2023-10-08T14:59:38.707+0800][1.457s][50477][17923][trace] GC(0) | 280|0x0000000718000000, 0x0000000718000000, 0x0000000719000000|  0%| F|  |TAMS 0x0000000718000000, 0x0000000718000000| Untracked 
[2023-10-08T14:59:38.707+0800][1.457s][50477][17923][trace] GC(0) | 281|0x0000000719000000, 0x0000000719000000, 0x000000071a000000|  0%| F|  |TAMS 0x0000000719000000, 0x0000000719000000| Untracked 
[2023-10-08T14:59:38.707+0800][1.457s][50477][17923][trace] GC(0) | 282|0x000000071a000000, 0x000000071a000000, 0x000000071b000000|  0%| F|  |TAMS 0x000000071a000000, 0x000000071a000000| Untracked 
[2023-10-08T14:59:38.707+0800][1.457s][50477][17923][trace] GC(0) | 283|0x000000071b000000, 0x000000071b000000, 0x000000071c000000|  0%| F|  |TAMS 0x000000071b000000, 0x000000071b000000| Untracked 
[2023-10-08T14:59:38.707+0800][1.457s][50477][17923][trace] GC(0) | 284|0x000000071c000000, 0x000000071c000000, 0x000000071d000000|  0%| F|  |TAMS 0x000000071c000000, 0x000000071c000000| Untracked 
[2023-10-08T14:59:38.707+0800][1.457s][50477][17923][trace] GC(0) | 285|0x000000071d000000, 0x000000071d000000, 0x000000071e000000|  0%| F|  |TAMS 0x000000071d000000, 0x000000071d000000| Untracked 
[2023-10-08T14:59:38.707+0800][1.457s][50477][17923][trace] GC(0) | 286|0x000000071e000000, 0x000000071e000000, 0x000000071f000000|  0%| F|  |TAMS 0x000000071e000000, 0x000000071e000000| Untracked 
[2023-10-08T14:59:38.707+0800][1.457s][50477][17923][trace] GC(0) | 287|0x000000071f000000, 0x000000071f000000, 0x0000000720000000|  0%| F|  |TAMS 0x000000071f000000, 0x000000071f000000| Untracked 
[2023-10-08T14:59:38.707+0800][1.457s][50477][17923][trace] GC(0) | 288|0x0000000720000000, 0x0000000720000000, 0x0000000721000000|  0%| F|  |TAMS 0x0000000720000000, 0x0000000720000000| Untracked 
[2023-10-08T14:59:38.707+0800][1.457s][50477][17923][trace] GC(0) | 289|0x0000000721000000, 0x0000000721000000, 0x0000000722000000|  0%| F|  |TAMS 0x0000000721000000, 0x0000000721000000| Untracked 
[2023-10-08T14:59:38.707+0800][1.457s][50477][17923][trace] GC(0) | 290|0x0000000722000000, 0x0000000722000000, 0x0000000723000000|  0%| F|  |TAMS 0x0000000722000000, 0x0000000722000000| Untracked 
[2023-10-08T14:59:38.707+0800][1.457s][50477][17923][trace] GC(0) | 291|0x0000000723000000, 0x0000000723000000, 0x0000000724000000|  0%| F|  |TAMS 0x0000000723000000, 0x0000000723000000| Untracked 
[2023-10-08T14:59:38.707+0800][1.457s][50477][17923][trace] GC(0) | 292|0x0000000724000000, 0x0000000724000000, 0x0000000725000000|  0%| F|  |TAMS 0x0000000724000000, 0x0000000724000000| Untracked 
[2023-10-08T14:59:38.707+0800][1.457s][50477][17923][trace] GC(0) | 293|0x0000000725000000, 0x0000000725000000, 0x0000000726000000|  0%| F|  |TAMS 0x0000000725000000, 0x0000000725000000| Untracked 
[2023-10-08T14:59:38.707+0800][1.457s][50477][17923][trace] GC(0) | 294|0x0000000726000000, 0x0000000726000000, 0x0000000727000000|  0%| F|  |TAMS 0x0000000726000000, 0x0000000726000000| Untracked 
[2023-10-08T14:59:38.707+0800][1.457s][50477][17923][trace] GC(0) | 295|0x0000000727000000, 0x0000000727000000, 0x0000000728000000|  0%| F|  |TAMS 0x0000000727000000, 0x0000000727000000| Untracked 
[2023-10-08T14:59:38.707+0800][1.457s][50477][17923][trace] GC(0) | 296|0x0000000728000000, 0x0000000728000000, 0x0000000729000000|  0%| F|  |TAMS 0x0000000728000000, 0x0000000728000000| Untracked 
[2023-10-08T14:59:38.707+0800][1.457s][50477][17923][trace] GC(0) | 297|0x0000000729000000, 0x0000000729000000, 0x000000072a000000|  0%| F|  |TAMS 0x0000000729000000, 0x0000000729000000| Untracked 
[2023-10-08T14:59:38.707+0800][1.457s][50477][17923][trace] GC(0) | 298|0x000000072a000000, 0x000000072a000000, 0x000000072b000000|  0%| F|  |TAMS 0x000000072a000000, 0x000000072a000000| Untracked 
[2023-10-08T14:59:38.707+0800][1.457s][50477][17923][trace] GC(0) | 299|0x000000072b000000, 0x000000072b000000, 0x000000072c000000|  0%| F|  |TAMS 0x000000072b000000, 0x000000072b000000| Untracked 
[2023-10-08T14:59:38.707+0800][1.457s][50477][17923][trace] GC(0) | 300|0x000000072c000000, 0x000000072c000000, 0x000000072d000000|  0%| F|  |TAMS 0x000000072c000000, 0x000000072c000000| Untracked 
[2023-10-08T14:59:38.707+0800][1.457s][50477][17923][trace] GC(0) | 301|0x000000072d000000, 0x000000072d000000, 0x000000072e000000|  0%| F|  |TAMS 0x000000072d000000, 0x000000072d000000| Untracked 
[2023-10-08T14:59:38.707+0800][1.457s][50477][17923][trace] GC(0) | 302|0x000000072e000000, 0x000000072e000000, 0x000000072f000000|  0%| F|  |TAMS 0x000000072e000000, 0x000000072e000000| Untracked 
[2023-10-08T14:59:38.707+0800][1.457s][50477][17923][trace] GC(0) | 303|0x000000072f000000, 0x000000072f000000, 0x0000000730000000|  0%| F|  |TAMS 0x000000072f000000, 0x000000072f000000| Untracked 
[2023-10-08T14:59:38.707+0800][1.457s][50477][17923][trace] GC(0) | 304|0x0000000730000000, 0x0000000730000000, 0x0000000731000000|  0%| F|  |TAMS 0x0000000730000000, 0x0000000730000000| Untracked 
[2023-10-08T14:59:38.707+0800][1.457s][50477][17923][trace] GC(0) | 305|0x0000000731000000, 0x0000000731000000, 0x0000000732000000|  0%| F|  |TAMS 0x0000000731000000, 0x0000000731000000| Untracked 
[2023-10-08T14:59:38.707+0800][1.457s][50477][17923][trace] GC(0) | 306|0x0000000732000000, 0x0000000732000000, 0x0000000733000000|  0%| F|  |TAMS 0x0000000732000000, 0x0000000732000000| Untracked 
[2023-10-08T14:59:38.707+0800][1.457s][50477][17923][trace] GC(0) | 307|0x0000000733000000, 0x0000000733000000, 0x0000000734000000|  0%| F|  |TAMS 0x0000000733000000, 0x0000000733000000| Untracked 
[2023-10-08T14:59:38.707+0800][1.457s][50477][17923][trace] GC(0) | 308|0x0000000734000000, 0x0000000734000000, 0x0000000735000000|  0%| F|  |TAMS 0x0000000734000000, 0x0000000734000000| Untracked 
[2023-10-08T14:59:38.707+0800][1.457s][50477][17923][trace] GC(0) | 309|0x0000000735000000, 0x0000000735000000, 0x0000000736000000|  0%| F|  |TAMS 0x0000000735000000, 0x0000000735000000| Untracked 
[2023-10-08T14:59:38.707+0800][1.457s][50477][17923][trace] GC(0) | 310|0x0000000736000000, 0x0000000736000000, 0x0000000737000000|  0%| F|  |TAMS 0x0000000736000000, 0x0000000736000000| Untracked 
[2023-10-08T14:59:38.707+0800][1.457s][50477][17923][trace] GC(0) | 311|0x0000000737000000, 0x0000000737000000, 0x0000000738000000|  0%| F|  |TAMS 0x0000000737000000, 0x0000000737000000| Untracked 
[2023-10-08T14:59:38.707+0800][1.457s][50477][17923][trace] GC(0) | 312|0x0000000738000000, 0x0000000738000000, 0x0000000739000000|  0%| F|  |TAMS 0x0000000738000000, 0x0000000738000000| Untracked 
[2023-10-08T14:59:38.707+0800][1.457s][50477][17923][trace] GC(0) | 313|0x0000000739000000, 0x0000000739000000, 0x000000073a000000|  0%| F|  |TAMS 0x0000000739000000, 0x0000000739000000| Untracked 
[2023-10-08T14:59:38.707+0800][1.457s][50477][17923][trace] GC(0) | 314|0x000000073a000000, 0x000000073a000000, 0x000000073b000000|  0%| F|  |TAMS 0x000000073a000000, 0x000000073a000000| Untracked 
[2023-10-08T14:59:38.707+0800][1.457s][50477][17923][trace] GC(0) | 315|0x000000073b000000, 0x000000073b000000, 0x000000073c000000|  0%| F|  |TAMS 0x000000073b000000, 0x000000073b000000| Untracked 
[2023-10-08T14:59:38.707+0800][1.457s][50477][17923][trace] GC(0) | 316|0x000000073c000000, 0x000000073c000000, 0x000000073d000000|  0%| F|  |TAMS 0x000000073c000000, 0x000000073c000000| Untracked 
[2023-10-08T14:59:38.707+0800][1.457s][50477][17923][trace] GC(0) | 317|0x000000073d000000, 0x000000073d000000, 0x000000073e000000|  0%| F|  |TAMS 0x000000073d000000, 0x000000073d000000| Untracked 
[2023-10-08T14:59:38.707+0800][1.457s][50477][17923][trace] GC(0) | 318|0x000000073e000000, 0x000000073e000000, 0x000000073f000000|  0%| F|  |TAMS 0x000000073e000000, 0x000000073e000000| Untracked 
[2023-10-08T14:59:38.707+0800][1.457s][50477][17923][trace] GC(0) | 319|0x000000073f000000, 0x000000073f000000, 0x0000000740000000|  0%| F|  |TAMS 0x000000073f000000, 0x000000073f000000| Untracked 
[2023-10-08T14:59:38.708+0800][1.457s][50477][17923][trace] GC(0) | 320|0x0000000740000000, 0x0000000740000000, 0x0000000741000000|  0%| F|  |TAMS 0x0000000740000000, 0x0000000740000000| Untracked 
[2023-10-08T14:59:38.708+0800][1.457s][50477][17923][trace] GC(0) | 321|0x0000000741000000, 0x0000000741000000, 0x0000000742000000|  0%| F|  |TAMS 0x0000000741000000, 0x0000000741000000| Untracked 
[2023-10-08T14:59:38.708+0800][1.457s][50477][17923][trace] GC(0) | 322|0x0000000742000000, 0x0000000742000000, 0x0000000743000000|  0%| F|  |TAMS 0x0000000742000000, 0x0000000742000000| Untracked 
[2023-10-08T14:59:38.708+0800][1.457s][50477][17923][trace] GC(0) | 323|0x0000000743000000, 0x0000000743000000, 0x0000000744000000|  0%| F|  |TAMS 0x0000000743000000, 0x0000000743000000| Untracked 
[2023-10-08T14:59:38.708+0800][1.457s][50477][17923][trace] GC(0) | 324|0x0000000744000000, 0x0000000744000000, 0x0000000745000000|  0%| F|  |TAMS 0x0000000744000000, 0x0000000744000000| Untracked 
[2023-10-08T14:59:38.708+0800][1.457s][50477][17923][trace] GC(0) | 325|0x0000000745000000, 0x0000000745000000, 0x0000000746000000|  0%| F|  |TAMS 0x0000000745000000, 0x0000000745000000| Untracked 
[2023-10-08T14:59:38.708+0800][1.457s][50477][17923][trace] GC(0) | 326|0x0000000746000000, 0x0000000746000000, 0x0000000747000000|  0%| F|  |TAMS 0x0000000746000000, 0x0000000746000000| Untracked 
[2023-10-08T14:59:38.708+0800][1.457s][50477][17923][trace] GC(0) | 327|0x0000000747000000, 0x0000000747000000, 0x0000000748000000|  0%| F|  |TAMS 0x0000000747000000, 0x0000000747000000| Untracked 
[2023-10-08T14:59:38.708+0800][1.457s][50477][17923][trace] GC(0) | 328|0x0000000748000000, 0x0000000748000000, 0x0000000749000000|  0%| F|  |TAMS 0x0000000748000000, 0x0000000748000000| Untracked 
[2023-10-08T14:59:38.708+0800][1.457s][50477][17923][trace] GC(0) | 329|0x0000000749000000, 0x0000000749000000, 0x000000074a000000|  0%| F|  |TAMS 0x0000000749000000, 0x0000000749000000| Untracked 
[2023-10-08T14:59:38.708+0800][1.457s][50477][17923][trace] GC(0) | 330|0x000000074a000000, 0x000000074a000000, 0x000000074b000000|  0%| F|  |TAMS 0x000000074a000000, 0x000000074a000000| Untracked 
[2023-10-08T14:59:38.708+0800][1.457s][50477][17923][trace] GC(0) | 331|0x000000074b000000, 0x000000074b000000, 0x000000074c000000|  0%| F|  |TAMS 0x000000074b000000, 0x000000074b000000| Untracked 
[2023-10-08T14:59:38.708+0800][1.457s][50477][17923][trace] GC(0) | 332|0x000000074c000000, 0x000000074c000000, 0x000000074d000000|  0%| F|  |TAMS 0x000000074c000000, 0x000000074c000000| Untracked 
[2023-10-08T14:59:38.708+0800][1.457s][50477][17923][trace] GC(0) | 333|0x000000074d000000, 0x000000074d000000, 0x000000074e000000|  0%| F|  |TAMS 0x000000074d000000, 0x000000074d000000| Untracked 
[2023-10-08T14:59:38.708+0800][1.457s][50477][17923][trace] GC(0) | 334|0x000000074e000000, 0x000000074e000000, 0x000000074f000000|  0%| F|  |TAMS 0x000000074e000000, 0x000000074e000000| Untracked 
[2023-10-08T14:59:38.708+0800][1.457s][50477][17923][trace] GC(0) | 335|0x000000074f000000, 0x000000074f000000, 0x0000000750000000|  0%| F|  |TAMS 0x000000074f000000, 0x000000074f000000| Untracked 
[2023-10-08T14:59:38.708+0800][1.457s][50477][17923][trace] GC(0) | 336|0x0000000750000000, 0x0000000750000000, 0x0000000751000000|  0%| F|  |TAMS 0x0000000750000000, 0x0000000750000000| Untracked 
[2023-10-08T14:59:38.708+0800][1.457s][50477][17923][trace] GC(0) | 337|0x0000000751000000, 0x0000000751000000, 0x0000000752000000|  0%| F|  |TAMS 0x0000000751000000, 0x0000000751000000| Untracked 
[2023-10-08T14:59:38.708+0800][1.457s][50477][17923][trace] GC(0) | 338|0x0000000752000000, 0x0000000752000000, 0x0000000753000000|  0%| F|  |TAMS 0x0000000752000000, 0x0000000752000000| Untracked 
[2023-10-08T14:59:38.708+0800][1.457s][50477][17923][trace] GC(0) | 339|0x0000000753000000, 0x0000000753000000, 0x0000000754000000|  0%| F|  |TAMS 0x0000000753000000, 0x0000000753000000| Untracked 
[2023-10-08T14:59:38.708+0800][1.457s][50477][17923][trace] GC(0) | 340|0x0000000754000000, 0x0000000754000000, 0x0000000755000000|  0%| F|  |TAMS 0x0000000754000000, 0x0000000754000000| Untracked 
[2023-10-08T14:59:38.708+0800][1.457s][50477][17923][trace] GC(0) | 341|0x0000000755000000, 0x0000000755000000, 0x0000000756000000|  0%| F|  |TAMS 0x0000000755000000, 0x0000000755000000| Untracked 
[2023-10-08T14:59:38.708+0800][1.457s][50477][17923][trace] GC(0) | 342|0x0000000756000000, 0x0000000756000000, 0x0000000757000000|  0%| F|  |TAMS 0x0000000756000000, 0x0000000756000000| Untracked 
[2023-10-08T14:59:38.708+0800][1.457s][50477][17923][trace] GC(0) | 343|0x0000000757000000, 0x0000000757000000, 0x0000000758000000|  0%| F|  |TAMS 0x0000000757000000, 0x0000000757000000| Untracked 
[2023-10-08T14:59:38.708+0800][1.457s][50477][17923][trace] GC(0) | 344|0x0000000758000000, 0x0000000758000000, 0x0000000759000000|  0%| F|  |TAMS 0x0000000758000000, 0x0000000758000000| Untracked 
[2023-10-08T14:59:38.708+0800][1.457s][50477][17923][trace] GC(0) | 345|0x0000000759000000, 0x0000000759000000, 0x000000075a000000|  0%| F|  |TAMS 0x0000000759000000, 0x0000000759000000| Untracked 
[2023-10-08T14:59:38.708+0800][1.457s][50477][17923][trace] GC(0) | 346|0x000000075a000000, 0x000000075a000000, 0x000000075b000000|  0%| F|  |TAMS 0x000000075a000000, 0x000000075a000000| Untracked 
[2023-10-08T14:59:38.708+0800][1.457s][50477][17923][trace] GC(0) | 347|0x000000075b000000, 0x000000075b000000, 0x000000075c000000|  0%| F|  |TAMS 0x000000075b000000, 0x000000075b000000| Untracked 
[2023-10-08T14:59:38.708+0800][1.457s][50477][17923][trace] GC(0) | 348|0x000000075c000000, 0x000000075c000000, 0x000000075d000000|  0%| F|  |TAMS 0x000000075c000000, 0x000000075c000000| Untracked 
[2023-10-08T14:59:38.708+0800][1.457s][50477][17923][trace] GC(0) | 349|0x000000075d000000, 0x000000075d000000, 0x000000075e000000|  0%| F|  |TAMS 0x000000075d000000, 0x000000075d000000| Untracked 
[2023-10-08T14:59:38.708+0800][1.457s][50477][17923][trace] GC(0) | 350|0x000000075e000000, 0x000000075e000000, 0x000000075f000000|  0%| F|  |TAMS 0x000000075e000000, 0x000000075e000000| Untracked 
[2023-10-08T14:59:38.708+0800][1.457s][50477][17923][trace] GC(0) | 351|0x000000075f000000, 0x000000075f000000, 0x0000000760000000|  0%| F|  |TAMS 0x000000075f000000, 0x000000075f000000| Untracked 
[2023-10-08T14:59:38.708+0800][1.457s][50477][17923][trace] GC(0) | 352|0x0000000760000000, 0x0000000760000000, 0x0000000761000000|  0%| F|  |TAMS 0x0000000760000000, 0x0000000760000000| Untracked 
[2023-10-08T14:59:38.708+0800][1.457s][50477][17923][trace] GC(0) | 353|0x0000000761000000, 0x0000000761000000, 0x0000000762000000|  0%| F|  |TAMS 0x0000000761000000, 0x0000000761000000| Untracked 
[2023-10-08T14:59:38.708+0800][1.457s][50477][17923][trace] GC(0) | 354|0x0000000762000000, 0x0000000762000000, 0x0000000763000000|  0%| F|  |TAMS 0x0000000762000000, 0x0000000762000000| Untracked 
[2023-10-08T14:59:38.708+0800][1.457s][50477][17923][trace] GC(0) | 355|0x0000000763000000, 0x0000000763000000, 0x0000000764000000|  0%| F|  |TAMS 0x0000000763000000, 0x0000000763000000| Untracked 
[2023-10-08T14:59:38.708+0800][1.457s][50477][17923][trace] GC(0) | 356|0x0000000764000000, 0x0000000764000000, 0x0000000765000000|  0%| F|  |TAMS 0x0000000764000000, 0x0000000764000000| Untracked 
[2023-10-08T14:59:38.708+0800][1.457s][50477][17923][trace] GC(0) | 357|0x0000000765000000, 0x0000000765000000, 0x0000000766000000|  0%| F|  |TAMS 0x0000000765000000, 0x0000000765000000| Untracked 
[2023-10-08T14:59:38.708+0800][1.457s][50477][17923][trace] GC(0) | 358|0x0000000766000000, 0x0000000766000000, 0x0000000767000000|  0%| F|  |TAMS 0x0000000766000000, 0x0000000766000000| Untracked 
[2023-10-08T14:59:38.708+0800][1.457s][50477][17923][trace] GC(0) | 359|0x0000000767000000, 0x0000000767000000, 0x0000000768000000|  0%| F|  |TAMS 0x0000000767000000, 0x0000000767000000| Untracked 
[2023-10-08T14:59:38.708+0800][1.457s][50477][17923][trace] GC(0) | 360|0x0000000768000000, 0x0000000768000000, 0x0000000769000000|  0%| F|  |TAMS 0x0000000768000000, 0x0000000768000000| Untracked 
[2023-10-08T14:59:38.708+0800][1.457s][50477][17923][trace] GC(0) | 361|0x0000000769000000, 0x0000000769000000, 0x000000076a000000|  0%| F|  |TAMS 0x0000000769000000, 0x0000000769000000| Untracked 
[2023-10-08T14:59:38.708+0800][1.457s][50477][17923][trace] GC(0) | 362|0x000000076a000000, 0x000000076a000000, 0x000000076b000000|  0%| F|  |TAMS 0x000000076a000000, 0x000000076a000000| Untracked 
[2023-10-08T14:59:38.708+0800][1.457s][50477][17923][trace] GC(0) | 363|0x000000076b000000, 0x000000076b000000, 0x000000076c000000|  0%| F|  |TAMS 0x000000076b000000, 0x000000076b000000| Untracked 
[2023-10-08T14:59:38.708+0800][1.457s][50477][17923][trace] GC(0) | 364|0x000000076c000000, 0x000000076c000000, 0x000000076d000000|  0%| F|  |TAMS 0x000000076c000000, 0x000000076c000000| Untracked 
[2023-10-08T14:59:38.708+0800][1.457s][50477][17923][trace] GC(0) | 365|0x000000076d000000, 0x000000076d000000, 0x000000076e000000|  0%| F|  |TAMS 0x000000076d000000, 0x000000076d000000| Untracked 
[2023-10-08T14:59:38.708+0800][1.457s][50477][17923][trace] GC(0) | 366|0x000000076e000000, 0x000000076e000000, 0x000000076f000000|  0%| F|  |TAMS 0x000000076e000000, 0x000000076e000000| Untracked 
[2023-10-08T14:59:38.708+0800][1.457s][50477][17923][trace] GC(0) | 367|0x000000076f000000, 0x000000076f000000, 0x0000000770000000|  0%| F|  |TAMS 0x000000076f000000, 0x000000076f000000| Untracked 
[2023-10-08T14:59:38.708+0800][1.457s][50477][17923][trace] GC(0) | 368|0x0000000770000000, 0x0000000770000000, 0x0000000771000000|  0%| F|  |TAMS 0x0000000770000000, 0x0000000770000000| Untracked 
[2023-10-08T14:59:38.708+0800][1.457s][50477][17923][trace] GC(0) | 369|0x0000000771000000, 0x0000000771000000, 0x0000000772000000|  0%| F|  |TAMS 0x0000000771000000, 0x0000000771000000| Untracked 
[2023-10-08T14:59:38.708+0800][1.457s][50477][17923][trace] GC(0) | 370|0x0000000772000000, 0x0000000772000000, 0x0000000773000000|  0%| F|  |TAMS 0x0000000772000000, 0x0000000772000000| Untracked 
[2023-10-08T14:59:38.708+0800][1.457s][50477][17923][trace] GC(0) | 371|0x0000000773000000, 0x0000000773000000, 0x0000000774000000|  0%| F|  |TAMS 0x0000000773000000, 0x0000000773000000| Untracked 
[2023-10-08T14:59:38.708+0800][1.457s][50477][17923][trace] GC(0) | 372|0x0000000774000000, 0x0000000774000000, 0x0000000775000000|  0%| F|  |TAMS 0x0000000774000000, 0x0000000774000000| Untracked 
[2023-10-08T14:59:38.708+0800][1.457s][50477][17923][trace] GC(0) | 373|0x0000000775000000, 0x0000000775000000, 0x0000000776000000|  0%| F|  |TAMS 0x0000000775000000, 0x0000000775000000| Untracked 
[2023-10-08T14:59:38.708+0800][1.457s][50477][17923][trace] GC(0) | 374|0x0000000776000000, 0x0000000776000000, 0x0000000777000000|  0%| F|  |TAMS 0x0000000776000000, 0x0000000776000000| Untracked 
[2023-10-08T14:59:38.708+0800][1.457s][50477][17923][trace] GC(0) | 375|0x0000000777000000, 0x0000000777000000, 0x0000000778000000|  0%| F|  |TAMS 0x0000000777000000, 0x0000000777000000| Untracked 
[2023-10-08T14:59:38.708+0800][1.457s][50477][17923][trace] GC(0) | 376|0x0000000778000000, 0x0000000778000000, 0x0000000779000000|  0%| F|  |TAMS 0x0000000778000000, 0x0000000778000000| Untracked 
[2023-10-08T14:59:38.708+0800][1.457s][50477][17923][trace] GC(0) | 377|0x0000000779000000, 0x0000000779000000, 0x000000077a000000|  0%| F|  |TAMS 0x0000000779000000, 0x0000000779000000| Untracked 
[2023-10-08T14:59:38.708+0800][1.457s][50477][17923][trace] GC(0) | 378|0x000000077a000000, 0x000000077a000000, 0x000000077b000000|  0%| F|  |TAMS 0x000000077a000000, 0x000000077a000000| Untracked 
[2023-10-08T14:59:38.708+0800][1.457s][50477][17923][trace] GC(0) | 379|0x000000077b000000, 0x000000077b000000, 0x000000077c000000|  0%| F|  |TAMS 0x000000077b000000, 0x000000077b000000| Untracked 
[2023-10-08T14:59:38.708+0800][1.457s][50477][17923][trace] GC(0) | 380|0x000000077c000000, 0x000000077c000000, 0x000000077d000000|  0%| F|  |TAMS 0x000000077c000000, 0x000000077c000000| Untracked 
[2023-10-08T14:59:38.708+0800][1.457s][50477][17923][trace] GC(0) | 381|0x000000077d000000, 0x000000077d000000, 0x000000077e000000|  0%| F|  |TAMS 0x000000077d000000, 0x000000077d000000| Untracked 
[2023-10-08T14:59:38.708+0800][1.457s][50477][17923][trace] GC(0) | 382|0x000000077e000000, 0x000000077e000000, 0x000000077f000000|  0%| F|  |TAMS 0x000000077e000000, 0x000000077e000000| Untracked 
[2023-10-08T14:59:38.708+0800][1.457s][50477][17923][trace] GC(0) | 383|0x000000077f000000, 0x000000077f000000, 0x0000000780000000|  0%| F|  |TAMS 0x000000077f000000, 0x000000077f000000| Untracked 
[2023-10-08T14:59:38.708+0800][1.457s][50477][17923][trace] GC(0) | 384|0x0000000780000000, 0x0000000780000000, 0x0000000781000000|  0%| F|  |TAMS 0x0000000780000000, 0x0000000780000000| Untracked 
[2023-10-08T14:59:38.708+0800][1.457s][50477][17923][trace] GC(0) | 385|0x0000000781000000, 0x0000000781000000, 0x0000000782000000|  0%| F|  |TAMS 0x0000000781000000, 0x0000000781000000| Untracked 
[2023-10-08T14:59:38.708+0800][1.457s][50477][17923][trace] GC(0) | 386|0x0000000782000000, 0x0000000782000000, 0x0000000783000000|  0%| F|  |TAMS 0x0000000782000000, 0x0000000782000000| Untracked 
[2023-10-08T14:59:38.708+0800][1.457s][50477][17923][trace] GC(0) | 387|0x0000000783000000, 0x0000000783000000, 0x0000000784000000|  0%| F|  |TAMS 0x0000000783000000, 0x0000000783000000| Untracked 
[2023-10-08T14:59:38.708+0800][1.457s][50477][17923][trace] GC(0) | 388|0x0000000784000000, 0x0000000784000000, 0x0000000785000000|  0%| F|  |TAMS 0x0000000784000000, 0x0000000784000000| Untracked 
[2023-10-08T14:59:38.708+0800][1.457s][50477][17923][trace] GC(0) | 389|0x0000000785000000, 0x0000000785000000, 0x0000000786000000|  0%| F|  |TAMS 0x0000000785000000, 0x0000000785000000| Untracked 
[2023-10-08T14:59:38.708+0800][1.457s][50477][17923][trace] GC(0) | 390|0x0000000786000000, 0x0000000786000000, 0x0000000787000000|  0%| F|  |TAMS 0x0000000786000000, 0x0000000786000000| Untracked 
[2023-10-08T14:59:38.708+0800][1.457s][50477][17923][trace] GC(0) | 391|0x0000000787000000, 0x0000000787000000, 0x0000000788000000|  0%| F|  |TAMS 0x0000000787000000, 0x0000000787000000| Untracked 
[2023-10-08T14:59:38.708+0800][1.457s][50477][17923][trace] GC(0) | 392|0x0000000788000000, 0x0000000788000000, 0x0000000789000000|  0%| F|  |TAMS 0x0000000788000000, 0x0000000788000000| Untracked 
[2023-10-08T14:59:38.708+0800][1.457s][50477][17923][trace] GC(0) | 393|0x0000000789000000, 0x0000000789000000, 0x000000078a000000|  0%| F|  |TAMS 0x0000000789000000, 0x0000000789000000| Untracked 
[2023-10-08T14:59:38.708+0800][1.457s][50477][17923][trace] GC(0) | 394|0x000000078a000000, 0x000000078a000000, 0x000000078b000000|  0%| F|  |TAMS 0x000000078a000000, 0x000000078a000000| Untracked 
[2023-10-08T14:59:38.708+0800][1.457s][50477][17923][trace] GC(0) | 395|0x000000078b000000, 0x000000078b000000, 0x000000078c000000|  0%| F|  |TAMS 0x000000078b000000, 0x000000078b000000| Untracked 
[2023-10-08T14:59:38.708+0800][1.457s][50477][17923][trace] GC(0) | 396|0x000000078c000000, 0x000000078c000000, 0x000000078d000000|  0%| F|  |TAMS 0x000000078c000000, 0x000000078c000000| Untracked 
[2023-10-08T14:59:38.708+0800][1.457s][50477][17923][trace] GC(0) | 397|0x000000078d000000, 0x000000078d000000, 0x000000078e000000|  0%| F|  |TAMS 0x000000078d000000, 0x000000078d000000| Untracked 
[2023-10-08T14:59:38.708+0800][1.458s][50477][17923][trace] GC(0) | 398|0x000000078e000000, 0x000000078e000000, 0x000000078f000000|  0%| F|  |TAMS 0x000000078e000000, 0x000000078e000000| Untracked 
[2023-10-08T14:59:38.708+0800][1.458s][50477][17923][trace] GC(0) | 399|0x000000078f000000, 0x000000078f000000, 0x0000000790000000|  0%| F|  |TAMS 0x000000078f000000, 0x000000078f000000| Untracked 
[2023-10-08T14:59:38.708+0800][1.458s][50477][17923][trace] GC(0) | 400|0x0000000790000000, 0x0000000790000000, 0x0000000791000000|  0%| F|  |TAMS 0x0000000790000000, 0x0000000790000000| Untracked 
[2023-10-08T14:59:38.708+0800][1.458s][50477][17923][trace] GC(0) | 401|0x0000000791000000, 0x0000000791000000, 0x0000000792000000|  0%| F|  |TAMS 0x0000000791000000, 0x0000000791000000| Untracked 
[2023-10-08T14:59:38.708+0800][1.458s][50477][17923][trace] GC(0) | 402|0x0000000792000000, 0x0000000792000000, 0x0000000793000000|  0%| F|  |TAMS 0x0000000792000000, 0x0000000792000000| Untracked 
[2023-10-08T14:59:38.708+0800][1.458s][50477][17923][trace] GC(0) | 403|0x0000000793000000, 0x0000000793000000, 0x0000000794000000|  0%| F|  |TAMS 0x0000000793000000, 0x0000000793000000| Untracked 
[2023-10-08T14:59:38.708+0800][1.458s][50477][17923][trace] GC(0) | 404|0x0000000794000000, 0x0000000794000000, 0x0000000795000000|  0%| F|  |TAMS 0x0000000794000000, 0x0000000794000000| Untracked 
[2023-10-08T14:59:38.708+0800][1.458s][50477][17923][trace] GC(0) | 405|0x0000000795000000, 0x0000000795000000, 0x0000000796000000|  0%| F|  |TAMS 0x0000000795000000, 0x0000000795000000| Untracked 
[2023-10-08T14:59:38.708+0800][1.458s][50477][17923][trace] GC(0) | 406|0x0000000796000000, 0x0000000796000000, 0x0000000797000000|  0%| F|  |TAMS 0x0000000796000000, 0x0000000796000000| Untracked 
[2023-10-08T14:59:38.708+0800][1.458s][50477][17923][trace] GC(0) | 407|0x0000000797000000, 0x0000000797000000, 0x0000000798000000|  0%| F|  |TAMS 0x0000000797000000, 0x0000000797000000| Untracked 
[2023-10-08T14:59:38.708+0800][1.458s][50477][17923][trace] GC(0) | 408|0x0000000798000000, 0x0000000798000000, 0x0000000799000000|  0%| F|  |TAMS 0x0000000798000000, 0x0000000798000000| Untracked 
[2023-10-08T14:59:38.708+0800][1.458s][50477][17923][trace] GC(0) | 409|0x0000000799000000, 0x0000000799000000, 0x000000079a000000|  0%| F|  |TAMS 0x0000000799000000, 0x0000000799000000| Untracked 
[2023-10-08T14:59:38.708+0800][1.458s][50477][17923][trace] GC(0) | 410|0x000000079a000000, 0x000000079a000000, 0x000000079b000000|  0%| F|  |TAMS 0x000000079a000000, 0x000000079a000000| Untracked 
[2023-10-08T14:59:38.708+0800][1.458s][50477][17923][trace] GC(0) | 411|0x000000079b000000, 0x000000079b000000, 0x000000079c000000|  0%| F|  |TAMS 0x000000079b000000, 0x000000079b000000| Untracked 
[2023-10-08T14:59:38.708+0800][1.458s][50477][17923][trace] GC(0) | 412|0x000000079c000000, 0x000000079c000000, 0x000000079d000000|  0%| F|  |TAMS 0x000000079c000000, 0x000000079c000000| Untracked 
[2023-10-08T14:59:38.708+0800][1.458s][50477][17923][trace] GC(0) | 413|0x000000079d000000, 0x000000079d000000, 0x000000079e000000|  0%| F|  |TAMS 0x000000079d000000, 0x000000079d000000| Untracked 
[2023-10-08T14:59:38.708+0800][1.458s][50477][17923][trace] GC(0) | 414|0x000000079e000000, 0x000000079e000000, 0x000000079f000000|  0%| F|  |TAMS 0x000000079e000000, 0x000000079e000000| Untracked 
[2023-10-08T14:59:38.708+0800][1.458s][50477][17923][trace] GC(0) | 415|0x000000079f000000, 0x000000079f000000, 0x00000007a0000000|  0%| F|  |TAMS 0x000000079f000000, 0x000000079f000000| Untracked 
[2023-10-08T14:59:38.708+0800][1.458s][50477][17923][trace] GC(0) | 416|0x00000007a0000000, 0x00000007a0000000, 0x00000007a1000000|  0%| F|  |TAMS 0x00000007a0000000, 0x00000007a0000000| Untracked 
[2023-10-08T14:59:38.708+0800][1.458s][50477][17923][trace] GC(0) | 417|0x00000007a1000000, 0x00000007a1000000, 0x00000007a2000000|  0%| F|  |TAMS 0x00000007a1000000, 0x00000007a1000000| Untracked 
[2023-10-08T14:59:38.708+0800][1.458s][50477][17923][trace] GC(0) | 418|0x00000007a2000000, 0x00000007a2000000, 0x00000007a3000000|  0%| F|  |TAMS 0x00000007a2000000, 0x00000007a2000000| Untracked 
[2023-10-08T14:59:38.708+0800][1.458s][50477][17923][trace] GC(0) | 419|0x00000007a3000000, 0x00000007a3000000, 0x00000007a4000000|  0%| F|  |TAMS 0x00000007a3000000, 0x00000007a3000000| Untracked 
[2023-10-08T14:59:38.708+0800][1.458s][50477][17923][trace] GC(0) | 420|0x00000007a4000000, 0x00000007a4000000, 0x00000007a5000000|  0%| F|  |TAMS 0x00000007a4000000, 0x00000007a4000000| Untracked 
[2023-10-08T14:59:38.708+0800][1.458s][50477][17923][trace] GC(0) | 421|0x00000007a5000000, 0x00000007a5000000, 0x00000007a6000000|  0%| F|  |TAMS 0x00000007a5000000, 0x00000007a5000000| Untracked 
[2023-10-08T14:59:38.708+0800][1.458s][50477][17923][trace] GC(0) | 422|0x00000007a6000000, 0x00000007a6000000, 0x00000007a7000000|  0%| F|  |TAMS 0x00000007a6000000, 0x00000007a6000000| Untracked 
[2023-10-08T14:59:38.708+0800][1.458s][50477][17923][trace] GC(0) | 423|0x00000007a7000000, 0x00000007a7000000, 0x00000007a8000000|  0%| F|  |TAMS 0x00000007a7000000, 0x00000007a7000000| Untracked 
[2023-10-08T14:59:38.708+0800][1.458s][50477][17923][trace] GC(0) | 424|0x00000007a8000000, 0x00000007a8000000, 0x00000007a9000000|  0%| F|  |TAMS 0x00000007a8000000, 0x00000007a8000000| Untracked 
[2023-10-08T14:59:38.708+0800][1.458s][50477][17923][trace] GC(0) | 425|0x00000007a9000000, 0x00000007a9000000, 0x00000007aa000000|  0%| F|  |TAMS 0x00000007a9000000, 0x00000007a9000000| Untracked 
[2023-10-08T14:59:38.708+0800][1.458s][50477][17923][trace] GC(0) | 426|0x00000007aa000000, 0x00000007aa000000, 0x00000007ab000000|  0%| F|  |TAMS 0x00000007aa000000, 0x00000007aa000000| Untracked 
[2023-10-08T14:59:38.708+0800][1.458s][50477][17923][trace] GC(0) | 427|0x00000007ab000000, 0x00000007ab000000, 0x00000007ac000000|  0%| F|  |TAMS 0x00000007ab000000, 0x00000007ab000000| Untracked 
[2023-10-08T14:59:38.708+0800][1.458s][50477][17923][trace] GC(0) | 428|0x00000007ac000000, 0x00000007ac000000, 0x00000007ad000000|  0%| F|  |TAMS 0x00000007ac000000, 0x00000007ac000000| Untracked 
[2023-10-08T14:59:38.708+0800][1.458s][50477][17923][trace] GC(0) | 429|0x00000007ad000000, 0x00000007ad000000, 0x00000007ae000000|  0%| F|  |TAMS 0x00000007ad000000, 0x00000007ad000000| Untracked 
[2023-10-08T14:59:38.708+0800][1.458s][50477][17923][trace] GC(0) | 430|0x00000007ae000000, 0x00000007ae000000, 0x00000007af000000|  0%| F|  |TAMS 0x00000007ae000000, 0x00000007ae000000| Untracked 
[2023-10-08T14:59:38.708+0800][1.458s][50477][17923][trace] GC(0) | 431|0x00000007af000000, 0x00000007af000000, 0x00000007b0000000|  0%| F|  |TAMS 0x00000007af000000, 0x00000007af000000| Untracked 
[2023-10-08T14:59:38.708+0800][1.458s][50477][17923][trace] GC(0) | 432|0x00000007b0000000, 0x00000007b0000000, 0x00000007b1000000|  0%| F|  |TAMS 0x00000007b0000000, 0x00000007b0000000| Untracked 
[2023-10-08T14:59:38.708+0800][1.458s][50477][17923][trace] GC(0) | 433|0x00000007b1000000, 0x00000007b1000000, 0x00000007b2000000|  0%| F|  |TAMS 0x00000007b1000000, 0x00000007b1000000| Untracked 
[2023-10-08T14:59:38.708+0800][1.458s][50477][17923][trace] GC(0) | 434|0x00000007b2000000, 0x00000007b2000000, 0x00000007b3000000|  0%| F|  |TAMS 0x00000007b2000000, 0x00000007b2000000| Untracked 
[2023-10-08T14:59:38.708+0800][1.458s][50477][17923][trace] GC(0) | 435|0x00000007b3000000, 0x00000007b3000000, 0x00000007b4000000|  0%| F|  |TAMS 0x00000007b3000000, 0x00000007b3000000| Untracked 
[2023-10-08T14:59:38.708+0800][1.458s][50477][17923][trace] GC(0) | 436|0x00000007b4000000, 0x00000007b4000000, 0x00000007b5000000|  0%| F|  |TAMS 0x00000007b4000000, 0x00000007b4000000| Untracked 
[2023-10-08T14:59:38.708+0800][1.458s][50477][17923][trace] GC(0) | 437|0x00000007b5000000, 0x00000007b5000000, 0x00000007b6000000|  0%| F|  |TAMS 0x00000007b5000000, 0x00000007b5000000| Untracked 
[2023-10-08T14:59:38.708+0800][1.458s][50477][17923][trace] GC(0) | 438|0x00000007b6000000, 0x00000007b6000000, 0x00000007b7000000|  0%| F|  |TAMS 0x00000007b6000000, 0x00000007b6000000| Untracked 
[2023-10-08T14:59:38.708+0800][1.458s][50477][17923][trace] GC(0) | 439|0x00000007b7000000, 0x00000007b7000000, 0x00000007b8000000|  0%| F|  |TAMS 0x00000007b7000000, 0x00000007b7000000| Untracked 
[2023-10-08T14:59:38.708+0800][1.458s][50477][17923][trace] GC(0) | 440|0x00000007b8000000, 0x00000007b8000000, 0x00000007b9000000|  0%| F|  |TAMS 0x00000007b8000000, 0x00000007b8000000| Untracked 
[2023-10-08T14:59:38.708+0800][1.458s][50477][17923][trace] GC(0) | 441|0x00000007b9000000, 0x00000007b9000000, 0x00000007ba000000|  0%| F|  |TAMS 0x00000007b9000000, 0x00000007b9000000| Untracked 
[2023-10-08T14:59:38.708+0800][1.458s][50477][17923][trace] GC(0) | 442|0x00000007ba000000, 0x00000007ba000000, 0x00000007bb000000|  0%| F|  |TAMS 0x00000007ba000000, 0x00000007ba000000| Untracked 
[2023-10-08T14:59:38.708+0800][1.458s][50477][17923][trace] GC(0) | 443|0x00000007bb000000, 0x00000007bb000000, 0x00000007bc000000|  0%| F|  |TAMS 0x00000007bb000000, 0x00000007bb000000| Untracked 
[2023-10-08T14:59:38.708+0800][1.458s][50477][17923][trace] GC(0) | 444|0x00000007bc000000, 0x00000007bc000000, 0x00000007bd000000|  0%| F|  |TAMS 0x00000007bc000000, 0x00000007bc000000| Untracked 
[2023-10-08T14:59:38.708+0800][1.458s][50477][17923][trace] GC(0) | 445|0x00000007bd000000, 0x00000007bd000000, 0x00000007be000000|  0%| F|  |TAMS 0x00000007bd000000, 0x00000007bd000000| Untracked 
[2023-10-08T14:59:38.708+0800][1.458s][50477][17923][trace] GC(0) | 446|0x00000007be000000, 0x00000007be000000, 0x00000007bf000000|  0%| F|  |TAMS 0x00000007be000000, 0x00000007be000000| Untracked 
[2023-10-08T14:59:38.709+0800][1.458s][50477][17923][trace] GC(0) | 447|0x00000007bf000000, 0x00000007bf000000, 0x00000007c0000000|  0%| F|  |TAMS 0x00000007bf000000, 0x00000007bf000000| Untracked 
[2023-10-08T14:59:38.709+0800][1.458s][50477][17923][trace] GC(0) | 448|0x00000007c0000000, 0x00000007c0000000, 0x00000007c1000000|  0%| F|  |TAMS 0x00000007c0000000, 0x00000007c0000000| Untracked 
[2023-10-08T14:59:38.709+0800][1.458s][50477][17923][trace] GC(0) | 449|0x00000007c1000000, 0x00000007c1000000, 0x00000007c2000000|  0%| F|  |TAMS 0x00000007c1000000, 0x00000007c1000000| Untracked 
[2023-10-08T14:59:38.709+0800][1.458s][50477][17923][trace] GC(0) | 450|0x00000007c2000000, 0x00000007c2000000, 0x00000007c3000000|  0%| F|  |TAMS 0x00000007c2000000, 0x00000007c2000000| Untracked 
[2023-10-08T14:59:38.709+0800][1.458s][50477][17923][trace] GC(0) | 451|0x00000007c3000000, 0x00000007c3000000, 0x00000007c4000000|  0%| F|  |TAMS 0x00000007c3000000, 0x00000007c3000000| Untracked 
[2023-10-08T14:59:38.709+0800][1.458s][50477][17923][trace] GC(0) | 452|0x00000007c4000000, 0x00000007c4000000, 0x00000007c5000000|  0%| F|  |TAMS 0x00000007c4000000, 0x00000007c4000000| Untracked 
[2023-10-08T14:59:38.709+0800][1.458s][50477][17923][trace] GC(0) | 453|0x00000007c5000000, 0x00000007c5000000, 0x00000007c6000000|  0%| F|  |TAMS 0x00000007c5000000, 0x00000007c5000000| Untracked 
[2023-10-08T14:59:38.709+0800][1.458s][50477][17923][trace] GC(0) | 454|0x00000007c6000000, 0x00000007c6000000, 0x00000007c7000000|  0%| F|  |TAMS 0x00000007c6000000, 0x00000007c6000000| Untracked 
[2023-10-08T14:59:38.709+0800][1.458s][50477][17923][trace] GC(0) | 455|0x00000007c7000000, 0x00000007c7000000, 0x00000007c8000000|  0%| F|  |TAMS 0x00000007c7000000, 0x00000007c7000000| Untracked 
[2023-10-08T14:59:38.709+0800][1.458s][50477][17923][trace] GC(0) | 456|0x00000007c8000000, 0x00000007c8000000, 0x00000007c9000000|  0%| F|  |TAMS 0x00000007c8000000, 0x00000007c8000000| Untracked 
[2023-10-08T14:59:38.709+0800][1.458s][50477][17923][trace] GC(0) | 457|0x00000007c9000000, 0x00000007c9000000, 0x00000007ca000000|  0%| F|  |TAMS 0x00000007c9000000, 0x00000007c9000000| Untracked 
[2023-10-08T14:59:38.709+0800][1.458s][50477][17923][trace] GC(0) | 458|0x00000007ca000000, 0x00000007ca000000, 0x00000007cb000000|  0%| F|  |TAMS 0x00000007ca000000, 0x00000007ca000000| Untracked 
[2023-10-08T14:59:38.709+0800][1.458s][50477][17923][trace] GC(0) | 459|0x00000007cb000000, 0x00000007cb000000, 0x00000007cc000000|  0%| F|  |TAMS 0x00000007cb000000, 0x00000007cb000000| Untracked 
[2023-10-08T14:59:38.709+0800][1.458s][50477][17923][trace] GC(0) | 460|0x00000007cc000000, 0x00000007cc000000, 0x00000007cd000000|  0%| F|  |TAMS 0x00000007cc000000, 0x00000007cc000000| Untracked 
[2023-10-08T14:59:38.709+0800][1.458s][50477][17923][trace] GC(0) | 461|0x00000007cd000000, 0x00000007cd000000, 0x00000007ce000000|  0%| F|  |TAMS 0x00000007cd000000, 0x00000007cd000000| Untracked 
[2023-10-08T14:59:38.709+0800][1.458s][50477][17923][trace] GC(0) | 462|0x00000007ce000000, 0x00000007ce000000, 0x00000007cf000000|  0%| F|  |TAMS 0x00000007ce000000, 0x00000007ce000000| Untracked 
[2023-10-08T14:59:38.709+0800][1.458s][50477][17923][trace] GC(0) | 463|0x00000007cf000000, 0x00000007cf000000, 0x00000007d0000000|  0%| F|  |TAMS 0x00000007cf000000, 0x00000007cf000000| Untracked 
[2023-10-08T14:59:38.709+0800][1.458s][50477][17923][trace] GC(0) | 464|0x00000007d0000000, 0x00000007d0000000, 0x00000007d1000000|  0%| F|  |TAMS 0x00000007d0000000, 0x00000007d0000000| Untracked 
[2023-10-08T14:59:38.709+0800][1.458s][50477][17923][trace] GC(0) | 465|0x00000007d1000000, 0x00000007d1000000, 0x00000007d2000000|  0%| F|  |TAMS 0x00000007d1000000, 0x00000007d1000000| Untracked 
[2023-10-08T14:59:38.709+0800][1.458s][50477][17923][trace] GC(0) | 466|0x00000007d2000000, 0x00000007d2000000, 0x00000007d3000000|  0%| F|  |TAMS 0x00000007d2000000, 0x00000007d2000000| Untracked 
[2023-10-08T14:59:38.709+0800][1.458s][50477][17923][trace] GC(0) | 467|0x00000007d3000000, 0x00000007d3000000, 0x00000007d4000000|  0%| F|  |TAMS 0x00000007d3000000, 0x00000007d3000000| Untracked 
[2023-10-08T14:59:38.709+0800][1.458s][50477][17923][trace] GC(0) | 468|0x00000007d4000000, 0x00000007d4000000, 0x00000007d5000000|  0%| F|  |TAMS 0x00000007d4000000, 0x00000007d4000000| Untracked 
[2023-10-08T14:59:38.709+0800][1.458s][50477][17923][trace] GC(0) | 469|0x00000007d5000000, 0x00000007d5000000, 0x00000007d6000000|  0%| F|  |TAMS 0x00000007d5000000, 0x00000007d5000000| Untracked 
[2023-10-08T14:59:38.709+0800][1.458s][50477][17923][trace] GC(0) | 470|0x00000007d6000000, 0x00000007d6000000, 0x00000007d7000000|  0%| F|  |TAMS 0x00000007d6000000, 0x00000007d6000000| Untracked 
[2023-10-08T14:59:38.709+0800][1.458s][50477][17923][trace] GC(0) | 471|0x00000007d7000000, 0x00000007d7000000, 0x00000007d8000000|  0%| F|  |TAMS 0x00000007d7000000, 0x00000007d7000000| Untracked 
[2023-10-08T14:59:38.709+0800][1.458s][50477][17923][trace] GC(0) | 472|0x00000007d8000000, 0x00000007d8000000, 0x00000007d9000000|  0%| F|  |TAMS 0x00000007d8000000, 0x00000007d8000000| Untracked 
[2023-10-08T14:59:38.709+0800][1.458s][50477][17923][trace] GC(0) | 473|0x00000007d9000000, 0x00000007d9000000, 0x00000007da000000|  0%| F|  |TAMS 0x00000007d9000000, 0x00000007d9000000| Untracked 
[2023-10-08T14:59:38.709+0800][1.458s][50477][17923][trace] GC(0) | 474|0x00000007da000000, 0x00000007da000000, 0x00000007db000000|  0%| F|  |TAMS 0x00000007da000000, 0x00000007da000000| Untracked 
[2023-10-08T14:59:38.709+0800][1.458s][50477][17923][trace] GC(0) | 475|0x00000007db000000, 0x00000007db000000, 0x00000007dc000000|  0%| F|  |TAMS 0x00000007db000000, 0x00000007db000000| Untracked 
[2023-10-08T14:59:38.709+0800][1.458s][50477][17923][trace] GC(0) | 476|0x00000007dc000000, 0x00000007dc000000, 0x00000007dd000000|  0%| F|  |TAMS 0x00000007dc000000, 0x00000007dc000000| Untracked 
[2023-10-08T14:59:38.709+0800][1.458s][50477][17923][trace] GC(0) | 477|0x00000007dd000000, 0x00000007dd000000, 0x00000007de000000|  0%| F|  |TAMS 0x00000007dd000000, 0x00000007dd000000| Untracked 
[2023-10-08T14:59:38.709+0800][1.458s][50477][17923][trace] GC(0) | 478|0x00000007de000000, 0x00000007de000000, 0x00000007df000000|  0%| F|  |TAMS 0x00000007de000000, 0x00000007de000000| Untracked 
[2023-10-08T14:59:38.709+0800][1.458s][50477][17923][trace] GC(0) | 479|0x00000007df000000, 0x00000007df000000, 0x00000007e0000000|  0%| F|  |TAMS 0x00000007df000000, 0x00000007df000000| Untracked 
[2023-10-08T14:59:38.709+0800][1.458s][50477][17923][trace] GC(0) | 480|0x00000007e0000000, 0x00000007e0000000, 0x00000007e1000000|  0%| F|  |TAMS 0x00000007e0000000, 0x00000007e0000000| Untracked 
[2023-10-08T14:59:38.709+0800][1.458s][50477][17923][trace] GC(0) | 481|0x00000007e1000000, 0x00000007e1000000, 0x00000007e2000000|  0%| F|  |TAMS 0x00000007e1000000, 0x00000007e1000000| Untracked 
[2023-10-08T14:59:38.709+0800][1.458s][50477][17923][trace] GC(0) | 482|0x00000007e2000000, 0x00000007e2000000, 0x00000007e3000000|  0%| F|  |TAMS 0x00000007e2000000, 0x00000007e2000000| Untracked 
[2023-10-08T14:59:38.709+0800][1.458s][50477][17923][trace] GC(0) | 483|0x00000007e3000000, 0x00000007e3000000, 0x00000007e4000000|  0%| F|  |TAMS 0x00000007e3000000, 0x00000007e3000000| Untracked 
[2023-10-08T14:59:38.709+0800][1.458s][50477][17923][trace] GC(0) | 484|0x00000007e4000000, 0x00000007e4000000, 0x00000007e5000000|  0%| F|  |TAMS 0x00000007e4000000, 0x00000007e4000000| Untracked 
[2023-10-08T14:59:38.709+0800][1.458s][50477][17923][trace] GC(0) | 485|0x00000007e5000000, 0x00000007e5000000, 0x00000007e6000000|  0%| F|  |TAMS 0x00000007e5000000, 0x00000007e5000000| Untracked 
[2023-10-08T14:59:38.709+0800][1.458s][50477][17923][trace] GC(0) | 486|0x00000007e6000000, 0x00000007e6000000, 0x00000007e7000000|  0%| F|  |TAMS 0x00000007e6000000, 0x00000007e6000000| Untracked 
[2023-10-08T14:59:38.709+0800][1.458s][50477][17923][trace] GC(0) | 487|0x00000007e7000000, 0x00000007e7000000, 0x00000007e8000000|  0%| F|  |TAMS 0x00000007e7000000, 0x00000007e7000000| Untracked 
[2023-10-08T14:59:38.709+0800][1.458s][50477][17923][trace] GC(0) | 488|0x00000007e8000000, 0x00000007e8000000, 0x00000007e9000000|  0%| F|  |TAMS 0x00000007e8000000, 0x00000007e8000000| Untracked 
[2023-10-08T14:59:38.709+0800][1.458s][50477][17923][trace] GC(0) | 489|0x00000007e9000000, 0x00000007e9000000, 0x00000007ea000000|  0%| F|  |TAMS 0x00000007e9000000, 0x00000007e9000000| Untracked 
[2023-10-08T14:59:38.709+0800][1.458s][50477][17923][trace] GC(0) | 490|0x00000007ea000000, 0x00000007ea000000, 0x00000007eb000000|  0%| F|  |TAMS 0x00000007ea000000, 0x00000007ea000000| Untracked 
[2023-10-08T14:59:38.709+0800][1.458s][50477][17923][trace] GC(0) | 491|0x00000007eb000000, 0x00000007eb000000, 0x00000007ec000000|  0%| F|  |TAMS 0x00000007eb000000, 0x00000007eb000000| Untracked 
[2023-10-08T14:59:38.709+0800][1.458s][50477][17923][trace] GC(0) | 492|0x00000007ec000000, 0x00000007ec000000, 0x00000007ed000000|  0%| F|  |TAMS 0x00000007ec000000, 0x00000007ec000000| Untracked 
[2023-10-08T14:59:38.709+0800][1.458s][50477][17923][trace] GC(0) | 493|0x00000007ed000000, 0x00000007ed000000, 0x00000007ee000000|  0%| F|  |TAMS 0x00000007ed000000, 0x00000007ed000000| Untracked 
[2023-10-08T14:59:38.709+0800][1.458s][50477][17923][trace] GC(0) | 494|0x00000007ee000000, 0x00000007ee000000, 0x00000007ef000000|  0%| F|  |TAMS 0x00000007ee000000, 0x00000007ee000000| Untracked 
[2023-10-08T14:59:38.709+0800][1.458s][50477][17923][trace] GC(0) | 495|0x00000007ef000000, 0x00000007ef000000, 0x00000007f0000000|  0%| F|  |TAMS 0x00000007ef000000, 0x00000007ef000000| Untracked 
[2023-10-08T14:59:38.709+0800][1.458s][50477][17923][trace] GC(0) | 496|0x00000007f0000000, 0x00000007f0000000, 0x00000007f1000000|  0%| F|  |TAMS 0x00000007f0000000, 0x00000007f0000000| Untracked 
[2023-10-08T14:59:38.709+0800][1.458s][50477][17923][trace] GC(0) | 497|0x00000007f1000000, 0x00000007f1000000, 0x00000007f2000000|  0%| F|  |TAMS 0x00000007f1000000, 0x00000007f1000000| Untracked 
[2023-10-08T14:59:38.709+0800][1.458s][50477][17923][trace] GC(0) | 498|0x00000007f2000000, 0x00000007f2000000, 0x00000007f3000000|  0%| F|  |TAMS 0x00000007f2000000, 0x00000007f2000000| Untracked 
[2023-10-08T14:59:38.709+0800][1.458s][50477][17923][trace] GC(0) | 499|0x00000007f3000000, 0x00000007f3000000, 0x00000007f4000000|  0%| F|  |TAMS 0x00000007f3000000, 0x00000007f3000000| Untracked 
[2023-10-08T14:59:38.709+0800][1.458s][50477][17923][trace] GC(0) | 500|0x00000007f4000000, 0x00000007f4000000, 0x00000007f5000000|  0%| F|  |TAMS 0x00000007f4000000, 0x00000007f4000000| Untracked 
[2023-10-08T14:59:38.709+0800][1.458s][50477][17923][trace] GC(0) | 501|0x00000007f5000000, 0x00000007f5000000, 0x00000007f6000000|  0%| F|  |TAMS 0x00000007f5000000, 0x00000007f5000000| Untracked 
[2023-10-08T14:59:38.709+0800][1.458s][50477][17923][trace] GC(0) | 502|0x00000007f6000000, 0x00000007f6000000, 0x00000007f7000000|  0%| F|  |TAMS 0x00000007f6000000, 0x00000007f6000000| Untracked 
[2023-10-08T14:59:38.709+0800][1.458s][50477][17923][trace] GC(0) | 503|0x00000007f7000000, 0x00000007f7000000, 0x00000007f8000000|  0%| F|  |TAMS 0x00000007f7000000, 0x00000007f7000000| Untracked 
[2023-10-08T14:59:38.709+0800][1.458s][50477][17923][trace] GC(0) | 504|0x00000007f8000000, 0x00000007f8000000, 0x00000007f9000000|  0%| F|  |TAMS 0x00000007f8000000, 0x00000007f8000000| Untracked 
[2023-10-08T14:59:38.709+0800][1.458s][50477][17923][trace] GC(0) | 505|0x00000007f9000000, 0x00000007f972f3e0, 0x00000007fa000000| 44%| S|CS|TAMS 0x00000007f9000000, 0x00000007f9000000| Complete 
[2023-10-08T14:59:38.709+0800][1.458s][50477][17923][trace] GC(0) | 506|0x00000007fa000000, 0x00000007fa000000, 0x00000007fb000000|  0%| F|  |TAMS 0x00000007fa000000, 0x00000007fa000000| Untracked 
[2023-10-08T14:59:38.709+0800][1.458s][50477][17923][trace] GC(0) | 507|0x00000007fb000000, 0x00000007fb000000, 0x00000007fc000000|  0%| F|  |TAMS 0x00000007fb000000, 0x00000007fb000000| Untracked 
[2023-10-08T14:59:38.709+0800][1.458s][50477][17923][trace] GC(0) | 508|0x00000007fc000000, 0x00000007fc000000, 0x00000007fd000000|  0%| F|  |TAMS 0x00000007fc000000, 0x00000007fc000000| Untracked 
[2023-10-08T14:59:38.709+0800][1.458s][50477][17923][trace] GC(0) | 509|0x00000007fd000000, 0x00000007fd000000, 0x00000007fe000000|  0%| F|  |TAMS 0x00000007fd000000, 0x00000007fd000000| Untracked 
[2023-10-08T14:59:38.709+0800][1.458s][50477][17923][trace] GC(0) | 510|0x00000007fe000000, 0x00000007fe000000, 0x00000007ff000000|  0%| F|  |TAMS 0x00000007fe000000, 0x00000007fe000000| Untracked 
[2023-10-08T14:59:38.709+0800][1.458s][50477][17923][trace] GC(0) | 511|0x00000007ff000000, 0x00000007ff000000, 0x0000000800000000|  0%| F|  |TAMS 0x00000007ff000000, 0x00000007ff000000| Untracked 
[2023-10-08T14:59:38.709+0800][1.458s][50477][17923][info ] GC(0) Pause Young (Concurrent Start) (Metadata GC Threshold) 96M->7M(8192M) 8.466ms
[2023-10-08T14:59:38.709+0800][1.458s][50477][11011][info ] GC(1) Concurrent Cycle
[2023-10-08T14:59:38.709+0800][1.459s][50477][17923][info ] Leaving safepoint region
[2023-10-08T14:59:38.709+0800][1.459s][50477][17923][info ] Total time for which application threads were stopped: 0.0130820 seconds, Stopping threads took: 0.0000599 seconds
[2023-10-08T14:59:38.713+0800][1.462s][50477][17923][info ] Application time: 0.0033457 seconds
[2023-10-08T14:59:38.713+0800][1.462s][50477][17923][info ] Entering safepoint region: CGC_Operation
[2023-10-08T14:59:38.714+0800][1.464s][50477][17923][info ] GC(1) Pause Remark 14M->14M(8192M) 1.665ms
[2023-10-08T14:59:38.714+0800][1.464s][50477][17923][info ] Leaving safepoint region
[2023-10-08T14:59:38.714+0800][1.464s][50477][17923][info ] Total time for which application threads were stopped: 0.0019034 seconds, Stopping threads took: 0.0000854 seconds
[2023-10-08T14:59:38.715+0800][1.464s][50477][17923][info ] Application time: 0.0001697 seconds
[2023-10-08T14:59:38.715+0800][1.464s][50477][17923][info ] Entering safepoint region: CGC_Operation
[2023-10-08T14:59:38.715+0800][1.464s][50477][17923][info ] GC(1) Pause Cleanup 14M->14M(8192M) 0.137ms
[2023-10-08T14:59:38.715+0800][1.464s][50477][17923][info ] Leaving safepoint region
[2023-10-08T14:59:38.715+0800][1.465s][50477][17923][info ] Total time for which application threads were stopped: 0.0004098 seconds, Stopping threads took: 0.0001533 seconds
[2023-10-08T14:59:38.725+0800][1.474s][50477][11011][info ] GC(1) Concurrent Cycle 15.756ms
[2023-10-08T14:59:38.800+0800][1.550s][50477][17923][info ] Application time: 0.0850132 seconds
[2023-10-08T14:59:38.800+0800][1.550s][50477][17923][info ] Entering safepoint region: Deoptimize
[2023-10-08T14:59:38.800+0800][1.550s][50477][17923][info ] Leaving safepoint region
[2023-10-08T14:59:38.800+0800][1.550s][50477][17923][info ] Total time for which application threads were stopped: 0.0002671 seconds, Stopping threads took: 0.0000114 seconds
[2023-10-08T14:59:38.827+0800][1.576s][50477][8451 ][info ] Heap
[2023-10-08T14:59:38.827+0800][1.576s][50477][8451 ][info ]  garbage-first heap   total 8388608K, used 56508K [0x0000000600000000, 0x0000000800000000)
[2023-10-08T14:59:38.827+0800][1.576s][50477][8451 ][info ]   region size 16384K, 5 young (81920K), 1 survivors (16384K)
[2023-10-08T14:59:38.827+0800][1.576s][50477][8451 ][info ]  Metaspace       used 21707K, capacity 22158K, committed 22448K, reserved 1069056K
[2023-10-08T14:59:38.827+0800][1.576s][50477][8451 ][info ]   class space    used 2320K, capacity 2517K, committed 2560K, reserved 1048576K
[2023-10-08T14:59:38.827+0800][1.577s][50477][17923][info ] Application time: 0.0266801 seconds
[2023-10-08T14:59:38.827+0800][1.577s][50477][17923][info ] Entering safepoint region: Exit
